src/components/__tests__/CitySelectionModal.test.tsx(82,14): error TS2741: Property 'onDismiss' is missing in type '{ visible: boolean; detectedCountry: string; detectedCountryCode: string; onCitySaved: Mock<any, any, any>; onClose: Mock<any, any, any>; }' but required in type 'CitySelectionModalProps'.
src/components/__tests__/CitySelectionModal.test.tsx(95,39): error TS2741: Property 'onDismiss' is missing in type '{ visible: boolean; detectedCountry: string; detectedCountryCode: string; onCitySaved: Mock<any, any, any>; onClose: Mock<any, any, any>; }' but required in type 'CitySelectionModalProps'.
src/components/__tests__/CitySelectionModal.test.tsx(104,39): error TS2741: Property 'onDismiss' is missing in type '{ visible: boolean; detectedCountry: string; detectedCountryCode: string; onCitySaved: Mock<any, any, any>; onClose: Mock<any, any, any>; }' but required in type 'CitySelectionModalProps'.
src/components/__tests__/CitySelectionModal.test.tsx(113,50): error TS2741: Property 'onDismiss' is missing in type '{ visible: boolean; detectedCountry: string; detectedCountryCode: string; onCitySaved: Mock<any, any, any>; onClose: Mock<any, any, any>; }' but required in type 'CitySelectionModalProps'.
src/components/__tests__/CitySelectionModal.test.tsx(122,39): error TS2741: Property 'onDismiss' is missing in type '{ visible: boolean; detectedCountry: string; detectedCountryCode: string; onCitySaved: Mock<any, any, any>; onClose: Mock<any, any, any>; }' but required in type 'CitySelectionModalProps'.
src/components/__tests__/CitySelectionModal.test.tsx(136,39): error TS2741: Property 'onDismiss' is missing in type '{ visible: boolean; detectedCountry: string; detectedCountryCode: string; onCitySaved: Mock<any, any, any>; onClose: Mock<any, any, any>; }' but required in type 'CitySelectionModalProps'.
src/components/__tests__/CitySelectionModal.test.tsx(150,54): error TS2741: Property 'onDismiss' is missing in type '{ visible: boolean; detectedCountry: string; detectedCountryCode: string; onCitySaved: Mock<any, any, any>; onClose: Mock<any, any, any>; }' but required in type 'CitySelectionModalProps'.
src/contexts/NotificationContext.tsx(194,18): error TS2678: Type '"promotion"' is not comparable to type '"message" | "appointment_reminder" | "confirmation_request" | "consultation_response"'.
src/contexts/NotificationContext.tsx(198,18): error TS2678: Type '"aftercare"' is not comparable to type '"message" | "appointment_reminder" | "confirmation_request" | "consultation_response"'.
src/hooks/useCitySelection.ts(138,25): error TS2345: Argument of type 'Record<string, string | number | boolean>' is not assignable to parameter of type 'RejectExcessProperties<{ avatar_url?: string; bio?: string; can_view_qr_pay?: boolean; city?: string; commission_rate?: number; country?: string; country_code?: string; created_at?: string; currency?: string; currency_code?: string; ... 33 more ...; years_of_experience?: number; }, Record<...>>'.
  Type 'Record<string, string | number | boolean>' is not assignable to type '{ [x: string]: never; }'.
    'string' index signatures are incompatible.
      Type 'string | number | boolean' is not assignable to type 'never'.
        Type 'string' is not assignable to type 'never'.
src/lib/notifications.ts(202,20): error TS2503: Cannot find namespace 'Notifications'.
src/lib/notifications.ts(255,26): error TS2503: Cannot find namespace 'Notifications'.
src/lib/notifications.ts(256,4): error TS2503: Cannot find namespace 'Notifications'.
src/lib/notifications.ts(267,30): error TS2503: Cannot find namespace 'Notifications'.
src/lib/notifications.ts(268,4): error TS2503: Cannot find namespace 'Notifications'.
src/navigation/AppNavigator.tsx(149,26): error TS2769: No overload matches this call.
  Overload 1 of 2, '(props: Omit<DefaultRouterOptions<string> & { children: ReactNode; layout?: (props: { state: StackNavigationState<ParamListBase>; navigation: NavigationHelpers<...>; descriptors: Record<...>; children: ReactNode; }) => ReactElement<...>; ... 4 more ...; UNSTABLE_routeNamesChangeBehavior?: "firstMatch" | "lastUnhandled"; } & { ...; } & StackRouterOptions, "id" | ... 7 more ... | "UNSTABLE_routeNamesChangeBehavior"> & DefaultRouterOptions<...> & { ...; } & { ...; }, context?: any): string | ... 6 more ... | Component<...>', gave the following error.
    Property 'id' is missing in type '{ children: Element; initialRouteName: keyof RootStackParamList; screenOptions: { headerShown: false; contentStyle: { backgroundColor: string; }; animationTypeForReplace: "push"; }; }' but required in type '{ id: string; }'.
  Overload 2 of 2, '(props: Omit<DefaultRouterOptions<string> & { children: ReactNode; layout?: (props: { state: StackNavigationState<ParamListBase>; navigation: NavigationHelpers<...>; descriptors: Record<...>; children: ReactNode; }) => ReactElement<...>; ... 4 more ...; UNSTABLE_routeNamesChangeBehavior?: "firstMatch" | "lastUnhandled"; } & { ...; } & StackRouterOptions, "id" | ... 7 more ... | "UNSTABLE_routeNamesChangeBehavior"> & DefaultRouterOptions<...> & { ...; } & { ...; }): string | ... 6 more ... | Component<...>', gave the following error.
    Property 'id' is missing in type '{ children: Element; initialRouteName: keyof RootStackParamList; screenOptions: { headerShown: false; contentStyle: { backgroundColor: string; }; animationTypeForReplace: "push"; }; }' but required in type '{ id: string; }'.
src/navigation/AuthStack.tsx(21,10): error TS2769: No overload matches this call.
  Overload 1 of 2, '(props: Omit<DefaultRouterOptions<string> & { children: ReactNode; layout?: (props: { state: StackNavigationState<ParamListBase>; navigation: NavigationHelpers<...>; descriptors: Record<...>; children: ReactNode; }) => ReactElement<...>; ... 4 more ...; UNSTABLE_routeNamesChangeBehavior?: "firstMatch" | "lastUnhandled"; } & { ...; } & StackRouterOptions, "id" | ... 7 more ... | "UNSTABLE_routeNamesChangeBehavior"> & DefaultRouterOptions<...> & { ...; } & { ...; }, context?: any): string | ... 6 more ... | Component<...>', gave the following error.
    Property 'id' is missing in type '{ children: Element[]; screenOptions: { headerShown: false; contentStyle: { backgroundColor: string; }; animation: "fade"; }; }' but required in type '{ id: string; }'.
  Overload 2 of 2, '(props: Omit<DefaultRouterOptions<string> & { children: ReactNode; layout?: (props: { state: StackNavigationState<ParamListBase>; navigation: NavigationHelpers<...>; descriptors: Record<...>; children: ReactNode; }) => ReactElement<...>; ... 4 more ...; UNSTABLE_routeNamesChangeBehavior?: "firstMatch" | "lastUnhandled"; } & { ...; } & StackRouterOptions, "id" | ... 7 more ... | "UNSTABLE_routeNamesChangeBehavior"> & DefaultRouterOptions<...> & { ...; } & { ...; }): string | ... 6 more ... | Component<...>', gave the following error.
    Property 'id' is missing in type '{ children: Element[]; screenOptions: { headerShown: false; contentStyle: { backgroundColor: string; }; animation: "fade"; }; }' but required in type '{ id: string; }'.
src/navigation/ClientTabs.tsx(78,10): error TS2769: No overload matches this call.
  Overload 1 of 2, '(props: Omit<DefaultRouterOptions<string> & { children: ReactNode; layout?: (props: { state: StackNavigationState<ParamListBase>; navigation: NavigationHelpers<...>; descriptors: Record<...>; children: ReactNode; }) => ReactElement<...>; ... 4 more ...; UNSTABLE_routeNamesChangeBehavior?: "firstMatch" | "lastUnhandled"; } & { ...; } & StackRouterOptions, "id" | ... 7 more ... | "UNSTABLE_routeNamesChangeBehavior"> & DefaultRouterOptions<...> & { ...; } & { ...; }, context?: any): string | ... 6 more ... | Component<...>', gave the following error.
    Property 'id' is missing in type '{ children: Element[]; screenOptions: { headerShown: false; }; }' but required in type '{ id: string; }'.
  Overload 2 of 2, '(props: Omit<DefaultRouterOptions<string> & { children: ReactNode; layout?: (props: { state: StackNavigationState<ParamListBase>; navigation: NavigationHelpers<...>; descriptors: Record<...>; children: ReactNode; }) => ReactElement<...>; ... 4 more ...; UNSTABLE_routeNamesChangeBehavior?: "firstMatch" | "lastUnhandled"; } & { ...; } & StackRouterOptions, "id" | ... 7 more ... | "UNSTABLE_routeNamesChangeBehavior"> & DefaultRouterOptions<...> & { ...; } & { ...; }): string | ... 6 more ... | Component<...>', gave the following error.
    Property 'id' is missing in type '{ children: Element[]; screenOptions: { headerShown: false; }; }' but required in type '{ id: string; }'.
src/navigation/ClientTabs.tsx(117,10): error TS2769: No overload matches this call.
  Overload 1 of 2, '(props: Omit<DefaultRouterOptions<string> & { children: ReactNode; layout?: (props: { state: StackNavigationState<ParamListBase>; navigation: NavigationHelpers<...>; descriptors: Record<...>; children: ReactNode; }) => ReactElement<...>; ... 4 more ...; UNSTABLE_routeNamesChangeBehavior?: "firstMatch" | "lastUnhandled"; } & { ...; } & StackRouterOptions, "id" | ... 7 more ... | "UNSTABLE_routeNamesChangeBehavior"> & DefaultRouterOptions<...> & { ...; } & { ...; }, context?: any): string | ... 6 more ... | Component<...>', gave the following error.
    Property 'id' is missing in type '{ children: Element[]; screenOptions: { headerShown: false; }; }' but required in type '{ id: string; }'.
  Overload 2 of 2, '(props: Omit<DefaultRouterOptions<string> & { children: ReactNode; layout?: (props: { state: StackNavigationState<ParamListBase>; navigation: NavigationHelpers<...>; descriptors: Record<...>; children: ReactNode; }) => ReactElement<...>; ... 4 more ...; UNSTABLE_routeNamesChangeBehavior?: "firstMatch" | "lastUnhandled"; } & { ...; } & StackRouterOptions, "id" | ... 7 more ... | "UNSTABLE_routeNamesChangeBehavior"> & DefaultRouterOptions<...> & { ...; } & { ...; }): string | ... 6 more ... | Component<...>', gave the following error.
    Property 'id' is missing in type '{ children: Element[]; screenOptions: { headerShown: false; }; }' but required in type '{ id: string; }'.
src/navigation/ClientTabs.tsx(140,10): error TS2769: No overload matches this call.
  Overload 1 of 2, '(props: Omit<DefaultRouterOptions<string> & { children: ReactNode; layout?: (props: { state: StackNavigationState<ParamListBase>; navigation: NavigationHelpers<...>; descriptors: Record<...>; children: ReactNode; }) => ReactElement<...>; ... 4 more ...; UNSTABLE_routeNamesChangeBehavior?: "firstMatch" | "lastUnhandled"; } & { ...; } & StackRouterOptions, "id" | ... 7 more ... | "UNSTABLE_routeNamesChangeBehavior"> & DefaultRouterOptions<...> & { ...; } & { ...; }, context?: any): string | ... 6 more ... | Component<...>', gave the following error.
    Property 'id' is missing in type '{ children: Element[]; screenOptions: { headerShown: false; }; }' but required in type '{ id: string; }'.
  Overload 2 of 2, '(props: Omit<DefaultRouterOptions<string> & { children: ReactNode; layout?: (props: { state: StackNavigationState<ParamListBase>; navigation: NavigationHelpers<...>; descriptors: Record<...>; children: ReactNode; }) => ReactElement<...>; ... 4 more ...; UNSTABLE_routeNamesChangeBehavior?: "firstMatch" | "lastUnhandled"; } & { ...; } & StackRouterOptions, "id" | ... 7 more ... | "UNSTABLE_routeNamesChangeBehavior"> & DefaultRouterOptions<...> & { ...; } & { ...; }): string | ... 6 more ... | Component<...>', gave the following error.
    Property 'id' is missing in type '{ children: Element[]; screenOptions: { headerShown: false; }; }' but required in type '{ id: string; }'.
src/navigation/ClientTabs.tsx(164,10): error TS2769: No overload matches this call.
  Overload 1 of 2, '(props: Omit<DefaultRouterOptions<string> & { children: ReactNode; layout?: (props: { state: StackNavigationState<ParamListBase>; navigation: NavigationHelpers<...>; descriptors: Record<...>; children: ReactNode; }) => ReactElement<...>; ... 4 more ...; UNSTABLE_routeNamesChangeBehavior?: "firstMatch" | "lastUnhandled"; } & { ...; } & StackRouterOptions, "id" | ... 7 more ... | "UNSTABLE_routeNamesChangeBehavior"> & DefaultRouterOptions<...> & { ...; } & { ...; }, context?: any): string | ... 6 more ... | Component<...>', gave the following error.
    Property 'id' is missing in type '{ children: Element[]; screenOptions: { headerShown: false; }; }' but required in type '{ id: string; }'.
  Overload 2 of 2, '(props: Omit<DefaultRouterOptions<string> & { children: ReactNode; layout?: (props: { state: StackNavigationState<ParamListBase>; navigation: NavigationHelpers<...>; descriptors: Record<...>; children: ReactNode; }) => ReactElement<...>; ... 4 more ...; UNSTABLE_routeNamesChangeBehavior?: "firstMatch" | "lastUnhandled"; } & { ...; } & StackRouterOptions, "id" | ... 7 more ... | "UNSTABLE_routeNamesChangeBehavior"> & DefaultRouterOptions<...> & { ...; } & { ...; }): string | ... 6 more ... | Component<...>', gave the following error.
    Property 'id' is missing in type '{ children: Element[]; screenOptions: { headerShown: false; }; }' but required in type '{ id: string; }'.
src/navigation/ClientTabs.tsx(206,10): error TS2769: No overload matches this call.
  Overload 1 of 2, '(props: Omit<DefaultRouterOptions<string> & { children: ReactNode; layout?: (props: { state: StackNavigationState<ParamListBase>; navigation: NavigationHelpers<...>; descriptors: Record<...>; children: ReactNode; }) => ReactElement<...>; ... 4 more ...; UNSTABLE_routeNamesChangeBehavior?: "firstMatch" | "lastUnhandled"; } & { ...; } & StackRouterOptions, "id" | ... 7 more ... | "UNSTABLE_routeNamesChangeBehavior"> & DefaultRouterOptions<...> & { ...; } & { ...; }, context?: any): string | ... 6 more ... | Component<...>', gave the following error.
    Property 'id' is missing in type '{ children: Element[]; screenOptions: { headerShown: false; }; }' but required in type '{ id: string; }'.
  Overload 2 of 2, '(props: Omit<DefaultRouterOptions<string> & { children: ReactNode; layout?: (props: { state: StackNavigationState<ParamListBase>; navigation: NavigationHelpers<...>; descriptors: Record<...>; children: ReactNode; }) => ReactElement<...>; ... 4 more ...; UNSTABLE_routeNamesChangeBehavior?: "firstMatch" | "lastUnhandled"; } & { ...; } & StackRouterOptions, "id" | ... 7 more ... | "UNSTABLE_routeNamesChangeBehavior"> & DefaultRouterOptions<...> & { ...; } & { ...; }): string | ... 6 more ... | Component<...>', gave the following error.
    Property 'id' is missing in type '{ children: Element[]; screenOptions: { headerShown: false; }; }' but required in type '{ id: string; }'.
src/navigation/ClientTabs.tsx(274,14): error TS2769: No overload matches this call.
  Overload 1 of 2, '(props: Omit<DefaultRouterOptions<string> & { children: ReactNode; layout?: (props: { state: TabNavigationState<ParamListBase>; navigation: NavigationHelpers<...>; descriptors: Record<...>; children: ReactNode; }) => ReactElement<...>; ... 4 more ...; UNSTABLE_routeNamesChangeBehavior?: "firstMatch" | "lastUnhandled"; } & { ...; } & DefaultRouterOptions & { ...; } & BottomTabNavigationConfig, "id" | ... 7 more ... | "UNSTABLE_routeNamesChangeBehavior"> & DefaultRouterOptions<...> & { ...; } & { ...; }, context?: any): string | ... 6 more ... | Component<...>', gave the following error.
    Property 'id' is missing in type '{ children: Element[]; screenOptions: ({ navigation }: { route: ScreenRouteProp<ClientTabsParamList, keyof ClientTabsParamList>; navigation: BottomTabNavigationProp<...> | ... 3 more ... | BottomTabNavigationProp<...>; theme: Theme; }) => { ...; }; }' but required in type '{ id: string; }'.
  Overload 2 of 2, '(props: Omit<DefaultRouterOptions<string> & { children: ReactNode; layout?: (props: { state: TabNavigationState<ParamListBase>; navigation: NavigationHelpers<...>; descriptors: Record<...>; children: ReactNode; }) => ReactElement<...>; ... 4 more ...; UNSTABLE_routeNamesChangeBehavior?: "firstMatch" | "lastUnhandled"; } & { ...; } & DefaultRouterOptions & { ...; } & BottomTabNavigationConfig, "id" | ... 7 more ... | "UNSTABLE_routeNamesChangeBehavior"> & DefaultRouterOptions<...> & { ...; } & { ...; }): string | ... 6 more ... | Component<...>', gave the following error.
    Property 'id' is missing in type '{ children: Element[]; screenOptions: ({ navigation }: { route: ScreenRouteProp<ClientTabsParamList, keyof ClientTabsParamList>; navigation: BottomTabNavigationProp<...> | ... 3 more ... | BottomTabNavigationProp<...>; theme: Theme; }) => { ...; }; }' but required in type '{ id: string; }'.
src/navigation/ClientTabs.tsx(295,31): error TS2339: Property 'preventDefault' does not exist on type 'EventArg<"tabPress", false, undefined>'.
src/navigation/ClientTabs.tsx(317,31): error TS2339: Property 'preventDefault' does not exist on type 'EventArg<"tabPress", false, undefined>'.
src/navigation/ClientTabs.tsx(339,31): error TS2339: Property 'preventDefault' does not exist on type 'EventArg<"tabPress", false, undefined>'.
src/navigation/ClientTabs.tsx(360,31): error TS2339: Property 'preventDefault' does not exist on type 'EventArg<"tabPress", false, undefined>'.
src/navigation/ClientTabs.tsx(381,31): error TS2339: Property 'preventDefault' does not exist on type 'EventArg<"tabPress", false, undefined>'.
src/navigation/MasterTabs.tsx(69,10): error TS2769: No overload matches this call.
  Overload 1 of 2, '(props: Omit<DefaultRouterOptions<string> & { children: ReactNode; layout?: (props: { state: StackNavigationState<ParamListBase>; navigation: NavigationHelpers<...>; descriptors: Record<...>; children: ReactNode; }) => ReactElement<...>; ... 4 more ...; UNSTABLE_routeNamesChangeBehavior?: "firstMatch" | "lastUnhandled"; } & { ...; } & StackRouterOptions, "id" | ... 7 more ... | "UNSTABLE_routeNamesChangeBehavior"> & DefaultRouterOptions<...> & { ...; } & { ...; }, context?: any): string | ... 6 more ... | Component<...>', gave the following error.
    Property 'id' is missing in type '{ children: Element[]; screenOptions: { headerShown: false; }; }' but required in type '{ id: string; }'.
  Overload 2 of 2, '(props: Omit<DefaultRouterOptions<string> & { children: ReactNode; layout?: (props: { state: StackNavigationState<ParamListBase>; navigation: NavigationHelpers<...>; descriptors: Record<...>; children: ReactNode; }) => ReactElement<...>; ... 4 more ...; UNSTABLE_routeNamesChangeBehavior?: "firstMatch" | "lastUnhandled"; } & { ...; } & StackRouterOptions, "id" | ... 7 more ... | "UNSTABLE_routeNamesChangeBehavior"> & DefaultRouterOptions<...> & { ...; } & { ...; }): string | ... 6 more ... | Component<...>', gave the following error.
    Property 'id' is missing in type '{ children: Element[]; screenOptions: { headerShown: false; }; }' but required in type '{ id: string; }'.
src/navigation/MasterTabs.tsx(105,10): error TS2769: No overload matches this call.
  Overload 1 of 2, '(props: Omit<DefaultRouterOptions<string> & { children: ReactNode; layout?: (props: { state: StackNavigationState<ParamListBase>; navigation: NavigationHelpers<...>; descriptors: Record<...>; children: ReactNode; }) => ReactElement<...>; ... 4 more ...; UNSTABLE_routeNamesChangeBehavior?: "firstMatch" | "lastUnhandled"; } & { ...; } & StackRouterOptions, "id" | ... 7 more ... | "UNSTABLE_routeNamesChangeBehavior"> & DefaultRouterOptions<...> & { ...; } & { ...; }, context?: any): string | ... 6 more ... | Component<...>', gave the following error.
    Property 'id' is missing in type '{ children: Element[]; screenOptions: { headerShown: false; }; }' but required in type '{ id: string; }'.
  Overload 2 of 2, '(props: Omit<DefaultRouterOptions<string> & { children: ReactNode; layout?: (props: { state: StackNavigationState<ParamListBase>; navigation: NavigationHelpers<...>; descriptors: Record<...>; children: ReactNode; }) => ReactElement<...>; ... 4 more ...; UNSTABLE_routeNamesChangeBehavior?: "firstMatch" | "lastUnhandled"; } & { ...; } & StackRouterOptions, "id" | ... 7 more ... | "UNSTABLE_routeNamesChangeBehavior"> & DefaultRouterOptions<...> & { ...; } & { ...; }): string | ... 6 more ... | Component<...>', gave the following error.
    Property 'id' is missing in type '{ children: Element[]; screenOptions: { headerShown: false; }; }' but required in type '{ id: string; }'.
src/navigation/MasterTabs.tsx(144,10): error TS2769: No overload matches this call.
  Overload 1 of 2, '(props: Omit<DefaultRouterOptions<string> & { children: ReactNode; layout?: (props: { state: StackNavigationState<ParamListBase>; navigation: NavigationHelpers<...>; descriptors: Record<...>; children: ReactNode; }) => ReactElement<...>; ... 4 more ...; UNSTABLE_routeNamesChangeBehavior?: "firstMatch" | "lastUnhandled"; } & { ...; } & StackRouterOptions, "id" | ... 7 more ... | "UNSTABLE_routeNamesChangeBehavior"> & DefaultRouterOptions<...> & { ...; } & { ...; }, context?: any): string | ... 6 more ... | Component<...>', gave the following error.
    Property 'id' is missing in type '{ children: Element[]; screenOptions: { headerShown: false; }; }' but required in type '{ id: string; }'.
  Overload 2 of 2, '(props: Omit<DefaultRouterOptions<string> & { children: ReactNode; layout?: (props: { state: StackNavigationState<ParamListBase>; navigation: NavigationHelpers<...>; descriptors: Record<...>; children: ReactNode; }) => ReactElement<...>; ... 4 more ...; UNSTABLE_routeNamesChangeBehavior?: "firstMatch" | "lastUnhandled"; } & { ...; } & StackRouterOptions, "id" | ... 7 more ... | "UNSTABLE_routeNamesChangeBehavior"> & DefaultRouterOptions<...> & { ...; } & { ...; }): string | ... 6 more ... | Component<...>', gave the following error.
    Property 'id' is missing in type '{ children: Element[]; screenOptions: { headerShown: false; }; }' but required in type '{ id: string; }'.
src/navigation/MasterTabs.tsx(190,10): error TS2769: No overload matches this call.
  Overload 1 of 2, '(props: Omit<DefaultRouterOptions<string> & { children: ReactNode; layout?: (props: { state: StackNavigationState<ParamListBase>; navigation: NavigationHelpers<...>; descriptors: Record<...>; children: ReactNode; }) => ReactElement<...>; ... 4 more ...; UNSTABLE_routeNamesChangeBehavior?: "firstMatch" | "lastUnhandled"; } & { ...; } & StackRouterOptions, "id" | ... 7 more ... | "UNSTABLE_routeNamesChangeBehavior"> & DefaultRouterOptions<...> & { ...; } & { ...; }, context?: any): string | ... 6 more ... | Component<...>', gave the following error.
    Property 'id' is missing in type '{ children: Element; screenOptions: { headerShown: false; }; }' but required in type '{ id: string; }'.
  Overload 2 of 2, '(props: Omit<DefaultRouterOptions<string> & { children: ReactNode; layout?: (props: { state: StackNavigationState<ParamListBase>; navigation: NavigationHelpers<...>; descriptors: Record<...>; children: ReactNode; }) => ReactElement<...>; ... 4 more ...; UNSTABLE_routeNamesChangeBehavior?: "firstMatch" | "lastUnhandled"; } & { ...; } & StackRouterOptions, "id" | ... 7 more ... | "UNSTABLE_routeNamesChangeBehavior"> & DefaultRouterOptions<...> & { ...; } & { ...; }): string | ... 6 more ... | Component<...>', gave the following error.
    Property 'id' is missing in type '{ children: Element; screenOptions: { headerShown: false; }; }' but required in type '{ id: string; }'.
src/navigation/MasterTabs.tsx(209,14): error TS2769: No overload matches this call.
  Overload 1 of 2, '(props: Omit<DefaultRouterOptions<string> & { children: ReactNode; layout?: (props: { state: TabNavigationState<ParamListBase>; navigation: NavigationHelpers<...>; descriptors: Record<...>; children: ReactNode; }) => ReactElement<...>; ... 4 more ...; UNSTABLE_routeNamesChangeBehavior?: "firstMatch" | "lastUnhandled"; } & { ...; } & DefaultRouterOptions & { ...; } & BottomTabNavigationConfig, "id" | ... 7 more ... | "UNSTABLE_routeNamesChangeBehavior"> & DefaultRouterOptions<...> & { ...; } & { ...; }, context?: any): string | ... 6 more ... | Component<...>', gave the following error.
    Property 'id' is missing in type '{ children: Element[]; screenOptions: { headerShown: false; tabBarStyle: { backgroundColor: string; borderTopWidth: number; borderTopColor: string; height: number; paddingBottom: number; paddingTop: number; elevation: number; shadowOpacity: number; }; tabBarActiveTintColor: string; tabBarInactiveTintColor: string; t...' but required in type '{ id: string; }'.
  Overload 2 of 2, '(props: Omit<DefaultRouterOptions<string> & { children: ReactNode; layout?: (props: { state: TabNavigationState<ParamListBase>; navigation: NavigationHelpers<...>; descriptors: Record<...>; children: ReactNode; }) => ReactElement<...>; ... 4 more ...; UNSTABLE_routeNamesChangeBehavior?: "firstMatch" | "lastUnhandled"; } & { ...; } & DefaultRouterOptions & { ...; } & BottomTabNavigationConfig, "id" | ... 7 more ... | "UNSTABLE_routeNamesChangeBehavior"> & DefaultRouterOptions<...> & { ...; } & { ...; }): string | ... 6 more ... | Component<...>', gave the following error.
    Property 'id' is missing in type '{ children: Element[]; screenOptions: { headerShown: false; tabBarStyle: { backgroundColor: string; borderTopWidth: number; borderTopColor: string; height: number; paddingBottom: number; paddingTop: number; elevation: number; shadowOpacity: number; }; tabBarActiveTintColor: string; tabBarInactiveTintColor: string; t...' but required in type '{ id: string; }'.
src/navigation/MasterTabs.tsx(230,31): error TS2339: Property 'preventDefault' does not exist on type 'EventArg<"tabPress", false, undefined>'.
src/navigation/MasterTabs.tsx(250,31): error TS2339: Property 'preventDefault' does not exist on type 'EventArg<"tabPress", false, undefined>'.
src/navigation/MasterTabs.tsx(272,31): error TS2339: Property 'preventDefault' does not exist on type 'EventArg<"tabPress", false, undefined>'.
src/navigation/MasterTabs.tsx(293,31): error TS2339: Property 'preventDefault' does not exist on type 'EventArg<"tabPress", false, undefined>'.
src/navigation/MasterTabs.tsx(314,31): error TS2339: Property 'preventDefault' does not exist on type 'EventArg<"tabPress", false, undefined>'.
src/navigation/OwnerTabs.tsx(119,10): error TS2769: No overload matches this call.
  Overload 1 of 2, '(props: Omit<DefaultRouterOptions<string> & { children: ReactNode; layout?: (props: { state: StackNavigationState<ParamListBase>; navigation: NavigationHelpers<...>; descriptors: Record<...>; children: ReactNode; }) => ReactElement<...>; ... 4 more ...; UNSTABLE_routeNamesChangeBehavior?: "firstMatch" | "lastUnhandled"; } & { ...; } & StackRouterOptions, "id" | ... 7 more ... | "UNSTABLE_routeNamesChangeBehavior"> & DefaultRouterOptions<...> & { ...; } & { ...; }, context?: any): string | ... 6 more ... | Component<...>', gave the following error.
    Property 'id' is missing in type '{ children: Element[]; screenOptions: { headerShown: false; }; }' but required in type '{ id: string; }'.
  Overload 2 of 2, '(props: Omit<DefaultRouterOptions<string> & { children: ReactNode; layout?: (props: { state: StackNavigationState<ParamListBase>; navigation: NavigationHelpers<...>; descriptors: Record<...>; children: ReactNode; }) => ReactElement<...>; ... 4 more ...; UNSTABLE_routeNamesChangeBehavior?: "firstMatch" | "lastUnhandled"; } & { ...; } & StackRouterOptions, "id" | ... 7 more ... | "UNSTABLE_routeNamesChangeBehavior"> & DefaultRouterOptions<...> & { ...; } & { ...; }): string | ... 6 more ... | Component<...>', gave the following error.
    Property 'id' is missing in type '{ children: Element[]; screenOptions: { headerShown: false; }; }' but required in type '{ id: string; }'.
src/navigation/OwnerTabs.tsx(171,10): error TS2769: No overload matches this call.
  Overload 1 of 2, '(props: Omit<DefaultRouterOptions<string> & { children: ReactNode; layout?: (props: { state: StackNavigationState<ParamListBase>; navigation: NavigationHelpers<...>; descriptors: Record<...>; children: ReactNode; }) => ReactElement<...>; ... 4 more ...; UNSTABLE_routeNamesChangeBehavior?: "firstMatch" | "lastUnhandled"; } & { ...; } & StackRouterOptions, "id" | ... 7 more ... | "UNSTABLE_routeNamesChangeBehavior"> & DefaultRouterOptions<...> & { ...; } & { ...; }, context?: any): string | ... 6 more ... | Component<...>', gave the following error.
    Property 'id' is missing in type '{ children: Element; screenOptions: { headerShown: false; }; }' but required in type '{ id: string; }'.
  Overload 2 of 2, '(props: Omit<DefaultRouterOptions<string> & { children: ReactNode; layout?: (props: { state: StackNavigationState<ParamListBase>; navigation: NavigationHelpers<...>; descriptors: Record<...>; children: ReactNode; }) => ReactElement<...>; ... 4 more ...; UNSTABLE_routeNamesChangeBehavior?: "firstMatch" | "lastUnhandled"; } & { ...; } & StackRouterOptions, "id" | ... 7 more ... | "UNSTABLE_routeNamesChangeBehavior"> & DefaultRouterOptions<...> & { ...; } & { ...; }): string | ... 6 more ... | Component<...>', gave the following error.
    Property 'id' is missing in type '{ children: Element; screenOptions: { headerShown: false; }; }' but required in type '{ id: string; }'.
src/navigation/OwnerTabs.tsx(233,10): error TS2769: No overload matches this call.
  Overload 1 of 2, '(props: Omit<DefaultRouterOptions<string> & { children: ReactNode; layout?: (props: { state: StackNavigationState<ParamListBase>; navigation: NavigationHelpers<...>; descriptors: Record<...>; children: ReactNode; }) => ReactElement<...>; ... 4 more ...; UNSTABLE_routeNamesChangeBehavior?: "firstMatch" | "lastUnhandled"; } & { ...; } & StackRouterOptions, "id" | ... 7 more ... | "UNSTABLE_routeNamesChangeBehavior"> & DefaultRouterOptions<...> & { ...; } & { ...; }, context?: any): string | ... 6 more ... | Component<...>', gave the following error.
    Property 'id' is missing in type '{ children: Element[]; screenOptions: { headerShown: false; }; }' but required in type '{ id: string; }'.
  Overload 2 of 2, '(props: Omit<DefaultRouterOptions<string> & { children: ReactNode; layout?: (props: { state: StackNavigationState<ParamListBase>; navigation: NavigationHelpers<...>; descriptors: Record<...>; children: ReactNode; }) => ReactElement<...>; ... 4 more ...; UNSTABLE_routeNamesChangeBehavior?: "firstMatch" | "lastUnhandled"; } & { ...; } & StackRouterOptions, "id" | ... 7 more ... | "UNSTABLE_routeNamesChangeBehavior"> & DefaultRouterOptions<...> & { ...; } & { ...; }): string | ... 6 more ... | Component<...>', gave the following error.
    Property 'id' is missing in type '{ children: Element[]; screenOptions: { headerShown: false; }; }' but required in type '{ id: string; }'.
src/navigation/OwnerTabs.tsx(300,10): error TS2769: No overload matches this call.
  Overload 1 of 2, '(props: Omit<DefaultRouterOptions<string> & { children: ReactNode; layout?: (props: { state: StackNavigationState<ParamListBase>; navigation: NavigationHelpers<...>; descriptors: Record<...>; children: ReactNode; }) => ReactElement<...>; ... 4 more ...; UNSTABLE_routeNamesChangeBehavior?: "firstMatch" | "lastUnhandled"; } & { ...; } & StackRouterOptions, "id" | ... 7 more ... | "UNSTABLE_routeNamesChangeBehavior"> & DefaultRouterOptions<...> & { ...; } & { ...; }, context?: any): string | ... 6 more ... | Component<...>', gave the following error.
    Property 'id' is missing in type '{ children: Element[]; screenOptions: { headerShown: false; }; }' but required in type '{ id: string; }'.
  Overload 2 of 2, '(props: Omit<DefaultRouterOptions<string> & { children: ReactNode; layout?: (props: { state: StackNavigationState<ParamListBase>; navigation: NavigationHelpers<...>; descriptors: Record<...>; children: ReactNode; }) => ReactElement<...>; ... 4 more ...; UNSTABLE_routeNamesChangeBehavior?: "firstMatch" | "lastUnhandled"; } & { ...; } & StackRouterOptions, "id" | ... 7 more ... | "UNSTABLE_routeNamesChangeBehavior"> & DefaultRouterOptions<...> & { ...; } & { ...; }): string | ... 6 more ... | Component<...>', gave the following error.
    Property 'id' is missing in type '{ children: Element[]; screenOptions: { headerShown: false; }; }' but required in type '{ id: string; }'.
src/navigation/OwnerTabs.tsx(331,10): error TS2769: No overload matches this call.
  Overload 1 of 2, '(props: Omit<DefaultRouterOptions<string> & { children: ReactNode; layout?: (props: { state: TabNavigationState<ParamListBase>; navigation: NavigationHelpers<...>; descriptors: Record<...>; children: ReactNode; }) => ReactElement<...>; ... 4 more ...; UNSTABLE_routeNamesChangeBehavior?: "firstMatch" | "lastUnhandled"; } & { ...; } & DefaultRouterOptions & { ...; } & BottomTabNavigationConfig, "id" | ... 7 more ... | "UNSTABLE_routeNamesChangeBehavior"> & DefaultRouterOptions<...> & { ...; } & { ...; }, context?: any): string | ... 6 more ... | Component<...>', gave the following error.
    Property 'id' is missing in type '{ children: Element[]; screenOptions: { headerShown: false; tabBarStyle: { backgroundColor: string; borderTopWidth: number; borderTopColor: string; height: number; paddingBottom: number; paddingTop: number; elevation: number; shadowOpacity: number; }; tabBarActiveTintColor: string; tabBarInactiveTintColor: string; t...' but required in type '{ id: string; }'.
  Overload 2 of 2, '(props: Omit<DefaultRouterOptions<string> & { children: ReactNode; layout?: (props: { state: TabNavigationState<ParamListBase>; navigation: NavigationHelpers<...>; descriptors: Record<...>; children: ReactNode; }) => ReactElement<...>; ... 4 more ...; UNSTABLE_routeNamesChangeBehavior?: "firstMatch" | "lastUnhandled"; } & { ...; } & DefaultRouterOptions & { ...; } & BottomTabNavigationConfig, "id" | ... 7 more ... | "UNSTABLE_routeNamesChangeBehavior"> & DefaultRouterOptions<...> & { ...; } & { ...; }): string | ... 6 more ... | Component<...>', gave the following error.
    Property 'id' is missing in type '{ children: Element[]; screenOptions: { headerShown: false; tabBarStyle: { backgroundColor: string; borderTopWidth: number; borderTopColor: string; height: number; paddingBottom: number; paddingTop: number; elevation: number; shadowOpacity: number; }; tabBarActiveTintColor: string; tabBarInactiveTintColor: string; t...' but required in type '{ id: string; }'.
src/navigation/OwnerTabs.tsx(352,27): error TS2339: Property 'preventDefault' does not exist on type 'EventArg<"tabPress", false, undefined>'.
src/navigation/OwnerTabs.tsx(373,27): error TS2339: Property 'preventDefault' does not exist on type 'EventArg<"tabPress", false, undefined>'.
src/navigation/OwnerTabs.tsx(393,27): error TS2339: Property 'preventDefault' does not exist on type 'EventArg<"tabPress", false, undefined>'.
src/navigation/OwnerTabs.tsx(415,27): error TS2339: Property 'preventDefault' does not exist on type 'EventArg<"tabPress", false, undefined>'.
src/navigation/OwnerTabs.tsx(436,27): error TS2339: Property 'preventDefault' does not exist on type 'EventArg<"tabPress", false, undefined>'.
src/screens/academy/CourseDetailScreen.tsx(169,54): error TS2345: Argument of type '"update_lesson_durations"' is not assignable to parameter of type '"client_arrived_late" | "add_loyalty_stamp" | "adjust_owner_supply_quantity" | "adjust_supply_quantity" | "auto_cancel_appointment" | "book_appointment" | "book_appointment_with_confirmation" | ... 30 more ... | "scan_loyalty_qr"'.
src/screens/auth/VoucherSignupScreen.tsx(249,101): error TS2339: Property 'brandPink' does not exist on type '{ primary: string; primaryLight: string; primaryDark: string; primaryMuted: string; champagne: string; roseWhite: string; background: string; baseBackground: string; surface: string; surfaceLight: string; ... 26 more ...; secondary: string; }'.
src/screens/auth/VoucherSignupScreen.tsx(342,23): error TS2339: Property 'textPrimary' does not exist on type '{ primary: string; primaryLight: string; primaryDark: string; primaryMuted: string; champagne: string; roseWhite: string; background: string; baseBackground: string; surface: string; surfaceLight: string; ... 26 more ...; secondary: string; }'.
src/screens/auth/VoucherSignupScreen.tsx(356,33): error TS2339: Property 'brandPinkLight' does not exist on type '{ primary: string; primaryLight: string; primaryDark: string; primaryMuted: string; champagne: string; roseWhite: string; background: string; baseBackground: string; surface: string; surfaceLight: string; ... 26 more ...; secondary: string; }'.
src/screens/auth/VoucherSignupScreen.tsx(378,29): error TS2339: Property 'brandPink' does not exist on type '{ primary: string; primaryLight: string; primaryDark: string; primaryMuted: string; champagne: string; roseWhite: string; background: string; baseBackground: string; surface: string; surfaceLight: string; ... 26 more ...; secondary: string; }'.
src/screens/auth/VoucherSignupScreen.tsx(384,33): error TS2339: Property 'brandPink' does not exist on type '{ primary: string; primaryLight: string; primaryDark: string; primaryMuted: string; champagne: string; roseWhite: string; background: string; baseBackground: string; surface: string; surfaceLight: string; ... 26 more ...; secondary: string; }'.
src/screens/auth/VoucherSignupScreen.tsx(394,23): error TS2339: Property 'brandPink' does not exist on type '{ primary: string; primaryLight: string; primaryDark: string; primaryMuted: string; champagne: string; roseWhite: string; background: string; baseBackground: string; surface: string; surfaceLight: string; ... 26 more ...; secondary: string; }'.
src/screens/auth/VoucherSignupScreen.tsx(409,23): error TS2339: Property 'brandPink' does not exist on type '{ primary: string; primaryLight: string; primaryDark: string; primaryMuted: string; champagne: string; roseWhite: string; background: string; baseBackground: string; surface: string; surfaceLight: string; ... 26 more ...; secondary: string; }'.
src/screens/client/BookAndChatScreen.tsx(37,10): error TS2769: No overload matches this call.
  Overload 1 of 2, '(props: Omit<DefaultRouterOptions<string> & { children: ReactNode; layout?: (props: { state: StackNavigationState<ParamListBase>; navigation: NavigationHelpers<...>; descriptors: Record<...>; children: ReactNode; }) => ReactElement<...>; ... 4 more ...; UNSTABLE_routeNamesChangeBehavior?: "firstMatch" | "lastUnhandled"; } & { ...; } & StackRouterOptions, "id" | ... 7 more ... | "UNSTABLE_routeNamesChangeBehavior"> & DefaultRouterOptions<...> & { ...; } & { ...; }, context?: any): string | ... 6 more ... | Component<...>', gave the following error.
    Property 'id' is missing in type '{ children: Element[]; screenOptions: { headerShown: false; }; }' but required in type '{ id: string; }'.
  Overload 2 of 2, '(props: Omit<DefaultRouterOptions<string> & { children: ReactNode; layout?: (props: { state: StackNavigationState<ParamListBase>; navigation: NavigationHelpers<...>; descriptors: Record<...>; children: ReactNode; }) => ReactElement<...>; ... 4 more ...; UNSTABLE_routeNamesChangeBehavior?: "firstMatch" | "lastUnhandled"; } & { ...; } & StackRouterOptions, "id" | ... 7 more ... | "UNSTABLE_routeNamesChangeBehavior"> & DefaultRouterOptions<...> & { ...; } & { ...; }): string | ... 6 more ... | Component<...>', gave the following error.
    Property 'id' is missing in type '{ children: Element[]; screenOptions: { headerShown: false; }; }' but required in type '{ id: string; }'.
src/screens/client/BookAndChatScreen.tsx(56,10): error TS2769: No overload matches this call.
  Overload 1 of 2, '(props: Omit<DefaultRouterOptions<string> & { children: ReactNode; layout?: (props: { state: StackNavigationState<ParamListBase>; navigation: NavigationHelpers<...>; descriptors: Record<...>; children: ReactNode; }) => ReactElement<...>; ... 4 more ...; UNSTABLE_routeNamesChangeBehavior?: "firstMatch" | "lastUnhandled"; } & { ...; } & StackRouterOptions, "id" | ... 7 more ... | "UNSTABLE_routeNamesChangeBehavior"> & DefaultRouterOptions<...> & { ...; } & { ...; }, context?: any): string | ... 6 more ... | Component<...>', gave the following error.
    Property 'id' is missing in type '{ children: Element; screenOptions: { headerShown: false; }; }' but required in type '{ id: string; }'.
  Overload 2 of 2, '(props: Omit<DefaultRouterOptions<string> & { children: ReactNode; layout?: (props: { state: StackNavigationState<ParamListBase>; navigation: NavigationHelpers<...>; descriptors: Record<...>; children: ReactNode; }) => ReactElement<...>; ... 4 more ...; UNSTABLE_routeNamesChangeBehavior?: "firstMatch" | "lastUnhandled"; } & { ...; } & StackRouterOptions, "id" | ... 7 more ... | "UNSTABLE_routeNamesChangeBehavior"> & DefaultRouterOptions<...> & { ...; } & { ...; }): string | ... 6 more ... | Component<...>', gave the following error.
    Property 'id' is missing in type '{ children: Element; screenOptions: { headerShown: false; }; }' but required in type '{ id: string; }'.
src/screens/client/BookAndChatScreen.tsx(66,10): error TS2769: No overload matches this call.
  Overload 1 of 2, '(props: Omit<DefaultRouterOptions<string> & { children: ReactNode; layout?: (props: { state: StackNavigationState<ParamListBase>; navigation: NavigationHelpers<...>; descriptors: Record<...>; children: ReactNode; }) => ReactElement<...>; ... 4 more ...; UNSTABLE_routeNamesChangeBehavior?: "firstMatch" | "lastUnhandled"; } & { ...; } & StackRouterOptions, "id" | ... 7 more ... | "UNSTABLE_routeNamesChangeBehavior"> & DefaultRouterOptions<...> & { ...; } & { ...; }, context?: any): string | ... 6 more ... | Component<...>', gave the following error.
    Property 'id' is missing in type '{ children: Element; screenOptions: { headerShown: false; }; }' but required in type '{ id: string; }'.
  Overload 2 of 2, '(props: Omit<DefaultRouterOptions<string> & { children: ReactNode; layout?: (props: { state: StackNavigationState<ParamListBase>; navigation: NavigationHelpers<...>; descriptors: Record<...>; children: ReactNode; }) => ReactElement<...>; ... 4 more ...; UNSTABLE_routeNamesChangeBehavior?: "firstMatch" | "lastUnhandled"; } & { ...; } & StackRouterOptions, "id" | ... 7 more ... | "UNSTABLE_routeNamesChangeBehavior"> & DefaultRouterOptions<...> & { ...; } & { ...; }): string | ... 6 more ... | Component<...>', gave the following error.
    Property 'id' is missing in type '{ children: Element; screenOptions: { headerShown: false; }; }' but required in type '{ id: string; }'.
src/screens/client/BookAndChatScreen.tsx(175,10): error TS2769: No overload matches this call.
  Overload 1 of 2, '(props: Omit<DefaultRouterOptions<string> & { children: ReactNode; layout?: (props: { state: TabNavigationState<ParamListBase>; navigation: NavigationHelpers<...>; descriptors: Record<...>; children: ReactNode; }) => ReactElement<...>; ... 4 more ...; UNSTABLE_routeNamesChangeBehavior?: "firstMatch" | "lastUnhandled"; } & ... 4 more ... & { ...; }, "id" | ... 7 more ... | "UNSTABLE_routeNamesChangeBehavior"> & DefaultRouterOptions<...> & { ...; } & { ...; }, context?: any): string | ... 6 more ... | Component<...>', gave the following error.
    Property 'id' is missing in type '{ children: Element[]; tabBar: (props: MaterialTopTabBarProps) => Element; style: { backgroundColor: string; }; screenOptions: { swipeEnabled: boolean; lazy: true; lazyPlaceholder: () => Element; sceneStyle: { ...; }; }; }' but required in type '{ id: string; }'.
  Overload 2 of 2, '(props: Omit<DefaultRouterOptions<string> & { children: ReactNode; layout?: (props: { state: TabNavigationState<ParamListBase>; navigation: NavigationHelpers<...>; descriptors: Record<...>; children: ReactNode; }) => ReactElement<...>; ... 4 more ...; UNSTABLE_routeNamesChangeBehavior?: "firstMatch" | "lastUnhandled"; } & ... 4 more ... & { ...; }, "id" | ... 7 more ... | "UNSTABLE_routeNamesChangeBehavior"> & DefaultRouterOptions<...> & { ...; } & { ...; }): string | ... 6 more ... | Component<...>', gave the following error.
    Property 'id' is missing in type '{ children: Element[]; tabBar: (props: MaterialTopTabBarProps) => Element; style: { backgroundColor: string; }; screenOptions: { swipeEnabled: boolean; lazy: true; lazyPlaceholder: () => Element; sceneStyle: { ...; }; }; }' but required in type '{ id: string; }'.
src/screens/client/ScanToPayScreen.tsx(231,82): error TS2339: Property 'brandPink' does not exist on type '{ primary: string; primaryLight: string; primaryDark: string; primaryMuted: string; champagne: string; roseWhite: string; background: string; baseBackground: string; surface: string; surfaceLight: string; ... 26 more ...; secondary: string; }'.
src/screens/client/ScanToPayScreen.tsx(275,79): error TS2339: Property 'brandPink' does not exist on type '{ primary: string; primaryLight: string; primaryDark: string; primaryMuted: string; champagne: string; roseWhite: string; background: string; baseBackground: string; surface: string; surfaceLight: string; ... 26 more ...; secondary: string; }'.
src/screens/client/ScanToPayScreen.tsx(337,29): error TS2339: Property 'brandPink' does not exist on type '{ primary: string; primaryLight: string; primaryDark: string; primaryMuted: string; champagne: string; roseWhite: string; background: string; baseBackground: string; surface: string; surfaceLight: string; ... 26 more ...; secondary: string; }'.
src/screens/client/ScanToPayScreen.tsx(388,23): error TS2339: Property 'textPrimary' does not exist on type '{ primary: string; primaryLight: string; primaryDark: string; primaryMuted: string; champagne: string; roseWhite: string; background: string; baseBackground: string; surface: string; surfaceLight: string; ... 26 more ...; secondary: string; }'.
src/screens/master/MyServicesScreen.tsx(130,29): error TS2345: Argument of type '{ [x: string]: number; }' is not assignable to parameter of type 'RejectExcessProperties<{ created_at?: string; custom_duration?: number; custom_price?: number; deposit_override_type?: string; deposit_override_value?: number; id?: string; is_available?: boolean; master_id?: string; service_id?: string; updated_at?: string; }, { ...; }>'.
  Type '{ [x: string]: number; }' is not assignable to type '{ [x: string]: never; [x: number]: never; }'.
    'string' index signatures are incompatible.
      Type 'number' is not assignable to type 'never'.
src/screens/master/MyServicesScreen.tsx(138,29): error TS2345: Argument of type '{ [x: string]: string | number | false; master_id: string; service_id: string; is_available: false; }' is not assignable to parameter of type 'RejectExcessProperties<{ created_at?: string; custom_duration?: number; custom_price?: number; deposit_override_type?: string; deposit_override_value?: number; id?: string; is_available?: boolean; master_id: string; service_id: string; updated_at?: string; }, { ...; }> | RejectExcessProperties<...>[]'.
  Type '{ [x: string]: string | number | false; master_id: string; service_id: string; is_available: false; }' is not assignable to type 'RejectExcessProperties<{ created_at?: string; custom_duration?: number; custom_price?: number; deposit_override_type?: string; deposit_override_value?: number; id?: string; is_available?: boolean; master_id: string; service_id: string; updated_at?: string; }, { ...; }>'.
    Type '{ [x: string]: string | number | false; master_id: string; service_id: string; is_available: false; }' is not assignable to type '{ [x: string]: never; [x: number]: never; }'.
      'string' index signatures are incompatible.
        Type 'string | number | false' is not assignable to type 'never'.
          Type 'string' is not assignable to type 'never'.
src/screens/owner/academy/ManageAcademyScreen.tsx(116,18): error TS2769: No overload matches this call.
  Overload 1 of 2, '(props: Omit<DefaultRouterOptions<string> & { children: ReactNode; layout?: (props: { state: TabNavigationState<ParamListBase>; navigation: NavigationHelpers<...>; descriptors: Record<...>; children: ReactNode; }) => ReactElement<...>; ... 4 more ...; UNSTABLE_routeNamesChangeBehavior?: "firstMatch" | "lastUnhandled"; } & ... 4 more ... & { ...; }, "id" | ... 7 more ... | "UNSTABLE_routeNamesChangeBehavior"> & DefaultRouterOptions<...> & { ...; } & { ...; }, context?: any): string | ... 6 more ... | Component<...>', gave the following error.
    Property 'id' is missing in type '{ children: Element[]; tabBar: (props: MaterialTopTabBarProps) => Element; screenOptions: { swipeEnabled: true; lazy: true; lazyPlaceholder: () => Element; sceneStyle: { ...; }; }; }' but required in type '{ id: string; }'.
  Overload 2 of 2, '(props: Omit<DefaultRouterOptions<string> & { children: ReactNode; layout?: (props: { state: TabNavigationState<ParamListBase>; navigation: NavigationHelpers<...>; descriptors: Record<...>; children: ReactNode; }) => ReactElement<...>; ... 4 more ...; UNSTABLE_routeNamesChangeBehavior?: "firstMatch" | "lastUnhandled"; } & ... 4 more ... & { ...; }, "id" | ... 7 more ... | "UNSTABLE_routeNamesChangeBehavior"> & DefaultRouterOptions<...> & { ...; } & { ...; }): string | ... 6 more ... | Component<...>', gave the following error.
    Property 'id' is missing in type '{ children: Element[]; tabBar: (props: MaterialTopTabBarProps) => Element; screenOptions: { swipeEnabled: true; lazy: true; lazyPlaceholder: () => Element; sceneStyle: { ...; }; }; }' but required in type '{ id: string; }'.
