#
# There is insufficient memory for the Java Runtime Environment to continue.
# Native memory allocation (malloc) failed to allocate 657296 bytes. Error detail: Chunk::new
# Possible reasons:
#   The system is out of physical RAM or swap space
#   This process is running with CompressedOops enabled, and the Java Heap may be blocking the growth of the native heap
# Possible solutions:
#   Reduce memory load on the system
#   Increase physical memory or swap space
#   Check if swap backing store is full
#   Decrease Java heap size (-Xmx/-Xms)
#   Decrease number of Java threads
#   Decrease Java thread stack sizes (-Xss)
#   Set larger code cache with -XX:ReservedCodeCacheSize=
#   JVM is running with Unscaled Compressed Oops mode in which the Java heap is
#     placed in the first 4GB address space. The Java Heap base address is the
#     maximum limit for the native heap growth. Please use -XX:HeapBaseMinAddress
#     to set the Java Heap base and to place the Java Heap above 4GB virtual address.
# This output file may be truncated or incomplete.
#
#  Out of Memory Error (arena.cpp:168), pid=27304, tid=35684
#
# JRE version: OpenJDK Runtime Environment Temurin-21.0.9+10 (21.0.9+10) (build 21.0.9+10-LTS)
# Java VM: OpenJDK 64-Bit Server VM Temurin-21.0.9+10 (21.0.9+10-LTS, mixed mode, sharing, tiered, compressed oops, compressed class ptrs, parallel gc, windows-amd64)
# No core dump will be written. Minidumps are not enabled by default on client versions of Windows
#

---------------  S U M M A R Y ------------

Command Line: --add-modules=ALL-SYSTEM --add-opens=java.base/java.util=ALL-UNNAMED --add-opens=java.base/java.lang=ALL-UNNAMED --add-opens=java.base/sun.nio.fs=ALL-UNNAMED -Declipse.application=org.eclipse.jdt.ls.core.id1 -Dosgi.bundles.defaultStartLevel=4 -Declipse.product=org.eclipse.jdt.ls.core.product -Djava.import.generatesMetadataFilesAtProjectRoot=false -DDetectVMInstallationsJob.disabled=true -Dfile.encoding=utf8 -XX:+UseParallelGC -XX:GCTimeRatio=4 -XX:AdaptiveSizePolicyWeight=90 -Dsun.zip.disableMemoryMapping=true -Xmx2G -Xms100m -Xlog:disable -javaagent:c:\Users\denis\.antigravity\extensions\redhat.java-1.49.0-win32-x64\lombok\lombok-1.18.39-4050.jar -XX:+HeapDumpOnOutOfMemoryError -XX:HeapDumpPath=c:\Users\denis\AppData\Roaming\Antigravity\User\workspaceStorage\c5ec95d13aa44414d6a41f76a6ab393b\redhat.java -Daether.dependencyCollector.impl=bf c:\Users\denis\.antigravity\extensions\redhat.java-1.49.0-win32-x64\server\plugins\org.eclipse.equinox.launcher_1.7.100.v20251111-0406.jar -configuration c:\Users\denis\AppData\Roaming\Antigravity\User\globalStorage\redhat.java\1.49.0\config_win -data c:\Users\denis\AppData\Roaming\Antigravity\User\workspaceStorage\c5ec95d13aa44414d6a41f76a6ab393b\redhat.java\jdt_ws --pipe=\\.\pipe\lsp-322c291bd5e47d469a93cdd3d03c451a-sock

Host: 13th Gen Intel(R) Core(TM) i5-13420H, 12 cores, 31G,  Windows 11 , 64 bit Build 22621 (10.0.22621.5415)
Time: Sun Feb  8 20:19:49 2026 GMT Standard Time elapsed time: 14.446892 seconds (0d 0h 0m 14s)

---------------  T H R E A D  ---------------

Current thread (0x00000224987f9140):  JavaThread "C2 CompilerThread0" daemon [_thread_in_native, id=35684, stack(0x000000af70100000,0x000000af70200000) (1024K)]


Current CompileTask:
C2:14447 4105       4       org.lombokweb.asm.ClassReader::readMethod (1070 bytes)

Stack: [0x000000af70100000,0x000000af70200000]
Native frames: (J=compiled Java code, j=interpreted, Vv=VM code, C=native code)
V  [jvm.dll+0x6d6e29]
V  [jvm.dll+0x8b4b76]
V  [jvm.dll+0x8b712e]
V  [jvm.dll+0x8b7813]
V  [jvm.dll+0x283d86]
V  [jvm.dll+0xc66ed]
V  [jvm.dll+0xc6c31]
V  [jvm.dll+0x2facee]
V  [jvm.dll+0x5fde44]
V  [jvm.dll+0x255557]
V  [jvm.dll+0x24d994]
V  [jvm.dll+0x24b482]
V  [jvm.dll+0x1cb13e]
V  [jvm.dll+0x25b29d]
V  [jvm.dll+0x25982a]
V  [jvm.dll+0x3f7ea6]
V  [jvm.dll+0x85e9ad]
V  [jvm.dll+0x6d565d]
C  [ucrtbase.dll+0x29333]
C  [KERNEL32.DLL+0x1259d]
C  [ntdll.dll+0x5af78]


---------------  P R O C E S S  ---------------

Threads class SMR info:
_java_thread_list=0x00000224e0611ef0, length=23, elements={
0x0000022481d67020, 0x0000022481e19210, 0x0000022481e1aa70, 0x0000022481e1cc70,
0x0000022481e1db80, 0x0000022481e1e930, 0x00000224987f83c0, 0x00000224987f9140,
0x00000224dabfc190, 0x00000224dadca000, 0x00000224e0020920, 0x00000224e0b52e40,
0x00000224e03bc610, 0x00000224e09f9680, 0x00000224e0a00f50, 0x00000224e0bee100,
0x00000224e034dea0, 0x00000224e092d770, 0x00000224dae3bf40, 0x00000224e02ca7d0,
0x00000224e02cc210, 0x00000224e106b280, 0x00000224e02cae60
}

Java Threads: ( => current thread )
  0x0000022481d67020 JavaThread "main"                              [_thread_blocked, id=32944, stack(0x000000af6f700000,0x000000af6f800000) (1024K)]
  0x0000022481e19210 JavaThread "Reference Handler"          daemon [_thread_blocked, id=36808, stack(0x000000af6fb00000,0x000000af6fc00000) (1024K)]
  0x0000022481e1aa70 JavaThread "Finalizer"                  daemon [_thread_blocked, id=36556, stack(0x000000af6fc00000,0x000000af6fd00000) (1024K)]
  0x0000022481e1cc70 JavaThread "Signal Dispatcher"          daemon [_thread_blocked, id=25260, stack(0x000000af6fd00000,0x000000af6fe00000) (1024K)]
  0x0000022481e1db80 JavaThread "Attach Listener"            daemon [_thread_blocked, id=37764, stack(0x000000af6fe00000,0x000000af6ff00000) (1024K)]
  0x0000022481e1e930 JavaThread "Service Thread"             daemon [_thread_blocked, id=12264, stack(0x000000af6ff00000,0x000000af70000000) (1024K)]
  0x00000224987f83c0 JavaThread "Monitor Deflation Thread"   daemon [_thread_blocked, id=31724, stack(0x000000af70000000,0x000000af70100000) (1024K)]
=>0x00000224987f9140 JavaThread "C2 CompilerThread0"         daemon [_thread_in_native, id=35684, stack(0x000000af70100000,0x000000af70200000) (1024K)]
  0x00000224dabfc190 JavaThread "C1 CompilerThread0"         daemon [_thread_blocked, id=37372, stack(0x000000af70200000,0x000000af70300000) (1024K)]
  0x00000224dadca000 JavaThread "Common-Cleaner"             daemon [_thread_blocked, id=37424, stack(0x000000af70300000,0x000000af70400000) (1024K)]
  0x00000224e0020920 JavaThread "Notification Thread"        daemon [_thread_blocked, id=37192, stack(0x000000af70400000,0x000000af70500000) (1024K)]
  0x00000224e0b52e40 JavaThread "Active Thread: Equinox Container: 2c9e4d05-eabe-4734-85fd-51c5d5ba05d2"        [_thread_blocked, id=36496, stack(0x000000af70500000,0x000000af70600000) (1024K)]
  0x00000224e03bc610 JavaThread "Refresh Thread: Equinox Container: 2c9e4d05-eabe-4734-85fd-51c5d5ba05d2" daemon [_thread_blocked, id=25572, stack(0x000000af70c00000,0x000000af70d00000) (1024K)]
  0x00000224e09f9680 JavaThread "Framework Event Dispatcher: Equinox Container: 2c9e4d05-eabe-4734-85fd-51c5d5ba05d2" daemon [_thread_blocked, id=5224, stack(0x000000af70e00000,0x000000af70f00000) (1024K)]
  0x00000224e0a00f50 JavaThread "Start Level: Equinox Container: 2c9e4d05-eabe-4734-85fd-51c5d5ba05d2" daemon [_thread_in_vm, id=17868, stack(0x000000af70f00000,0x000000af71000000) (1024K)]
  0x00000224e0bee100 JavaThread "Bundle File Closer"         daemon [_thread_blocked, id=27216, stack(0x000000af71200000,0x000000af71300000) (1024K)]
  0x00000224e034dea0 JavaThread "SCR Component Actor"        daemon [_thread_blocked, id=3888, stack(0x000000af71300000,0x000000af71400000) (1024K)]
  0x00000224e092d770 JavaThread "Worker-JM"                         [_thread_blocked, id=23160, stack(0x000000af71400000,0x000000af71500000) (1024K)]
  0x00000224dae3bf40 JavaThread "JNA Cleaner"                daemon [_thread_blocked, id=23180, stack(0x000000af71500000,0x000000af71600000) (1024K)]
  0x00000224e02ca7d0 JavaThread "Worker-0: Repository registry initialization"        [_thread_blocked, id=17416, stack(0x000000af71700000,0x000000af71800000) (1024K)]
  0x00000224e02cc210 JavaThread "Worker-1: Updating Maven Dependencies"        [_thread_in_vm, id=28532, stack(0x000000af71800000,0x000000af71900000) (1024K)]
  0x00000224e106b280 JavaThread "C2 CompilerThread1"         daemon [_thread_in_native, id=27928, stack(0x000000af71600000,0x000000af71700000) (1024K)]
  0x00000224e02cae60 JavaThread "Worker-2"                          [_thread_blocked, id=31112, stack(0x000000af71900000,0x000000af71a00000) (1024K)]
Total: 23

Other Threads:
  0x00000224ff8a7ea0 VMThread "VM Thread"                           [id=32132, stack(0x000000af6fa00000,0x000000af6fb00000) (1024K)]
  0x00000224986eca00 WatcherThread "VM Periodic Task Thread"        [id=32848, stack(0x000000af6f900000,0x000000af6fa00000) (1024K)]
  0x00000224ff8a7b00 WorkerThread "GC Thread#0"                     [id=36208, stack(0x000000af6f800000,0x000000af6f900000) (1024K)]
  0x00000224ff8a6c80 WorkerThread "GC Thread#1"                     [id=27256, stack(0x000000af70600000,0x000000af70700000) (1024K)]
  0x00000224ff8a7020 WorkerThread "GC Thread#2"                     [id=25316, stack(0x000000af70700000,0x000000af70800000) (1024K)]
  0x00000224e03ba6f0 WorkerThread "GC Thread#3"                     [id=29300, stack(0x000000af70800000,0x000000af70900000) (1024K)]
  0x00000224e03bae30 WorkerThread "GC Thread#4"                     [id=33448, stack(0x000000af70900000,0x000000af70a00000) (1024K)]
  0x00000224e03bb1d0 WorkerThread "GC Thread#5"                     [id=27264, stack(0x000000af70a00000,0x000000af70b00000) (1024K)]
  0x00000224e03b89f0 WorkerThread "GC Thread#6"                     [id=28972, stack(0x000000af70b00000,0x000000af70c00000) (1024K)]
  0x00000224e03b8d90 WorkerThread "GC Thread#7"                     [id=24368, stack(0x000000af70d00000,0x000000af70e00000) (1024K)]
  0x00000224e03bbcb0 WorkerThread "GC Thread#8"                     [id=35200, stack(0x000000af71000000,0x000000af71100000) (1024K)]
  0x00000224e03baa90 WorkerThread "GC Thread#9"                     [id=6160, stack(0x000000af71100000,0x000000af71200000) (1024K)]
Total: 12

Threads with active compile tasks:
C2 CompilerThread0  14510 4105       4       org.lombokweb.asm.ClassReader::readMethod (1070 bytes)
C2 CompilerThread1  14510 4190   !   4       org.eclipse.osgi.internal.loader.classpath.ClasspathManager::findClassImpl (328 bytes)
Total: 2

VM state: not at safepoint (normal execution)

VM Mutex/Monitor currently owned by a thread: None

Heap address: 0x0000000080000000, size: 2048 MB, Compressed Oops mode: 32-bit

CDS archive(s) mapped at: [0x0000022499000000-0x0000022499ba0000-0x0000022499ba0000), size 12189696, SharedBaseAddress: 0x0000022499000000, ArchiveRelocationMode: 1.
Compressed class space mapped at: 0x000002249a000000-0x00000224da000000, reserved size: 1073741824
Narrow klass base: 0x0000022499000000, Narrow klass shift: 0, Narrow klass range: 0x100000000

GC Precious Log:
 CardTable entry size: 512
 CPUs: 12 total, 12 available
 Memory: 32471M
 Large Page Support: Disabled
 NUMA Support: Disabled
 Compressed Oops: Enabled (32-bit)
 Alignments: Space 512K, Generation 512K, Heap 2M
 Heap Min Capacity: 100M
 Heap Initial Capacity: 100M
 Heap Max Capacity: 2G
 Pre-touch: Disabled
 Parallel Workers: 10

Heap:
 PSYoungGen      total 25088K, used 5591K [0x00000000d5580000, 0x00000000d7400000, 0x0000000100000000)
  eden space 23040K, 15% used [0x00000000d5580000,0x00000000d58f9910,0x00000000d6c00000)
  from space 2048K, 99% used [0x00000000d7200000,0x00000000d73fc658,0x00000000d7400000)
  to   space 2560K, 0% used [0x00000000d6f00000,0x00000000d6f00000,0x00000000d7180000)
 ParOldGen       total 68608K, used 16153K [0x0000000080000000, 0x0000000084300000, 0x00000000d5580000)
  object space 68608K, 23% used [0x0000000080000000,0x0000000080fc6798,0x0000000084300000)
 Metaspace       used 28684K, committed 29696K, reserved 1114112K
  class space    used 2885K, committed 3328K, reserved 1048576K

Card table byte_map: [0x0000022481730000,0x0000022481b40000] _byte_map_base: 0x0000022481330000

Marking Bits: (ParMarkBitMap*) 0x00007ffd5e892460
 Begin Bits: [0x0000022494210000, 0x0000022496210000)
 End Bits:   [0x0000022496210000, 0x0000022498210000)

Polling page: 0x0000022481520000

Metaspace:

Usage:
  Non-class:     25.19 MB used.
      Class:      2.82 MB used.
       Both:     28.01 MB used.

Virtual space:
  Non-class space:       64.00 MB reserved,      25.75 MB ( 40%) committed,  1 nodes.
      Class space:        1.00 GB reserved,       3.25 MB ( <1%) committed,  1 nodes.
             Both:        1.06 GB reserved,      29.00 MB (  3%) committed. 

Chunk freelists:
   Non-Class:  6.30 MB
       Class:  12.71 MB
        Both:  19.01 MB

MaxMetaspaceSize: unlimited
CompressedClassSpaceSize: 1.00 GB
Initial GC threshold: 21.00 MB
Current GC threshold: 35.00 MB
CDS: on
 - commit_granule_bytes: 65536.
 - commit_granule_words: 8192.
 - virtual_space_node_default_size: 8388608.
 - enlarge_chunks_in_place: 1.
 - use_allocation_guard: 0.


Internal statistics:

num_allocs_failed_limit: 3.
num_arena_births: 706.
num_arena_deaths: 14.
num_vsnodes_births: 2.
num_vsnodes_deaths: 0.
num_space_committed: 464.
num_space_uncommitted: 0.
num_chunks_returned_to_freelist: 17.
num_chunks_taken_from_freelist: 1873.
num_chunk_merges: 8.
num_chunk_splits: 1213.
num_chunks_enlarged: 769.
num_inconsistent_stats: 0.

CodeHeap 'non-profiled nmethods': size=120000Kb used=2097Kb max_used=2097Kb free=117902Kb
 bounds [0x000002248ca30000, 0x000002248cca0000, 0x0000022493f60000]
CodeHeap 'profiled nmethods': size=120000Kb used=8714Kb max_used=8714Kb free=111285Kb
 bounds [0x0000022484f60000, 0x00000224857f0000, 0x000002248c490000]
CodeHeap 'non-nmethods': size=5760Kb used=1338Kb max_used=1354Kb free=4421Kb
 bounds [0x000002248c490000, 0x000002248c700000, 0x000002248ca30000]
CodeCache: size=245760Kb, used=12149Kb, max_used=12165Kb, free=233608Kb
 total_blobs=4840, nmethods=4210, adapters=536, full_count=0
Compilation: enabled, stopped_count=0, restarted_count=0

Compilation events (20 events):
Event: 14.296 Thread 0x00000224dabfc190 4201       1       org.eclipse.core.internal.registry.ReferenceMap$SoftRef::getNext (5 bytes)
Event: 14.297 Thread 0x00000224dabfc190 nmethod 4201 0x000002248cc37990 code [0x000002248cc37b20, 0x000002248cc37be8]
Event: 14.297 Thread 0x00000224dabfc190 4198       3       java.lang.NamedPackage::<init> (59 bytes)
Event: 14.298 Thread 0x00000224dabfc190 nmethod 4198 0x00000224857dc290 code [0x00000224857dc520, 0x00000224857dce98]
Event: 14.298 Thread 0x00000224dabfc190 4203       1       java.lang.ClassLoader::getName (5 bytes)
Event: 14.298 Thread 0x00000224dabfc190 nmethod 4203 0x000002248cc37c90 code [0x000002248cc37e20, 0x000002248cc37ee8]
Event: 14.317 Thread 0x00000224e106b280 nmethod 4191 0x000002248cc37f90 code [0x000002248cc38240, 0x000002248cc38fe8]
Event: 14.317 Thread 0x00000224e106b280 4200       4       java.io.DataInputStream::readFully (59 bytes)
Event: 14.342 Thread 0x00000224dabfc190 4204   !   3       java.lang.String::replace (258 bytes)
Event: 14.346 Thread 0x00000224dabfc190 nmethod 4204 0x00000224857dd290 code [0x00000224857dd760, 0x00000224857df9c0]
Event: 14.352 Thread 0x00000224e106b280 nmethod 4200 0x000002248cc39a10 code [0x000002248cc39ce0, 0x000002248cc3af48]
Event: 14.352 Thread 0x00000224e106b280 4190   !   4       org.eclipse.osgi.internal.loader.classpath.ClasspathManager::findClassImpl (328 bytes)
Event: 14.438 Thread 0x00000224dabfc190 4205       1       java.net.URI::getRawPath (5 bytes)
Event: 14.438 Thread 0x00000224dabfc190 nmethod 4205 0x000002248cc3bc90 code [0x000002248cc3be20, 0x000002248cc3bee8]
Event: 14.438 Thread 0x00000224dabfc190 4206       1       java.net.URI::getPort (5 bytes)
Event: 14.438 Thread 0x00000224dabfc190 nmethod 4206 0x000002248cc3bf90 code [0x000002248cc3c120, 0x000002248cc3c1e8]
Event: 14.442 Thread 0x00000224dabfc190 4207       3       jdk.internal.org.objectweb.asm.ByteVector::putShort (52 bytes)
Event: 14.443 Thread 0x00000224dabfc190 nmethod 4207 0x00000224857e0910 code [0x00000224857e0ac0, 0x00000224857e0cc0]
Event: 14.444 Thread 0x00000224dabfc190 4208       1       java.util.stream.Collectors$CollectorImpl::characteristics (5 bytes)
Event: 14.444 Thread 0x00000224dabfc190 nmethod 4208 0x000002248cc3c290 code [0x000002248cc3c420, 0x000002248cc3c4e8]

GC Heap History (20 events):
Event: 5.376 GC heap before
{Heap before GC invocations=2 (full 0):
 PSYoungGen      total 29696K, used 28902K [0x00000000d5580000, 0x00000000d7680000, 0x0000000100000000)
  eden space 25600K, 99% used [0x00000000d5580000,0x00000000d6e7c308,0x00000000d6e80000)
  from space 4096K, 81% used [0x00000000d6e80000,0x00000000d71bd810,0x00000000d7280000)
  to   space 4096K, 0% used [0x00000000d7280000,0x00000000d7280000,0x00000000d7680000)
 ParOldGen       total 68608K, used 0K [0x0000000080000000, 0x0000000084300000, 0x00000000d5580000)
  object space 68608K, 0% used [0x0000000080000000,0x0000000080000000,0x0000000084300000)
 Metaspace       used 8042K, committed 8320K, reserved 1114112K
  class space    used 842K, committed 960K, reserved 1048576K
}
Event: 5.384 GC heap after
{Heap after GC invocations=2 (full 0):
 PSYoungGen      total 29696K, used 4068K [0x00000000d5580000, 0x00000000d7680000, 0x0000000100000000)
  eden space 25600K, 0% used [0x00000000d5580000,0x00000000d5580000,0x00000000d6e80000)
  from space 4096K, 99% used [0x00000000d7280000,0x00000000d76791e8,0x00000000d7680000)
  to   space 4096K, 0% used [0x00000000d6e80000,0x00000000d6e80000,0x00000000d7280000)
 ParOldGen       total 68608K, used 1780K [0x0000000080000000, 0x0000000084300000, 0x00000000d5580000)
  object space 68608K, 2% used [0x0000000080000000,0x00000000801bd1c8,0x0000000084300000)
 Metaspace       used 8042K, committed 8320K, reserved 1114112K
  class space    used 842K, committed 960K, reserved 1048576K
}
Event: 6.721 GC heap before
{Heap before GC invocations=3 (full 0):
 PSYoungGen      total 29696K, used 29559K [0x00000000d5580000, 0x00000000d7680000, 0x0000000100000000)
  eden space 25600K, 99% used [0x00000000d5580000,0x00000000d6e64bf0,0x00000000d6e80000)
  from space 4096K, 99% used [0x00000000d7280000,0x00000000d76791e8,0x00000000d7680000)
  to   space 4096K, 0% used [0x00000000d6e80000,0x00000000d6e80000,0x00000000d7280000)
 ParOldGen       total 68608K, used 1780K [0x0000000080000000, 0x0000000084300000, 0x00000000d5580000)
  object space 68608K, 2% used [0x0000000080000000,0x00000000801bd1c8,0x0000000084300000)
 Metaspace       used 9503K, committed 9856K, reserved 1114112K
  class space    used 1015K, committed 1152K, reserved 1048576K
}
Event: 6.731 GC heap after
{Heap after GC invocations=3 (full 0):
 PSYoungGen      total 29696K, used 4079K [0x00000000d5580000, 0x00000000d7680000, 0x0000000100000000)
  eden space 25600K, 0% used [0x00000000d5580000,0x00000000d5580000,0x00000000d6e80000)
  from space 4096K, 99% used [0x00000000d6e80000,0x00000000d727bde8,0x00000000d7280000)
  to   space 4096K, 0% used [0x00000000d7280000,0x00000000d7280000,0x00000000d7680000)
 ParOldGen       total 68608K, used 4787K [0x0000000080000000, 0x0000000084300000, 0x00000000d5580000)
  object space 68608K, 6% used [0x0000000080000000,0x00000000804acc48,0x0000000084300000)
 Metaspace       used 9503K, committed 9856K, reserved 1114112K
  class space    used 1015K, committed 1152K, reserved 1048576K
}
Event: 8.556 GC heap before
{Heap before GC invocations=4 (full 0):
 PSYoungGen      total 29696K, used 29679K [0x00000000d5580000, 0x00000000d7680000, 0x0000000100000000)
  eden space 25600K, 100% used [0x00000000d5580000,0x00000000d6e80000,0x00000000d6e80000)
  from space 4096K, 99% used [0x00000000d6e80000,0x00000000d727bde8,0x00000000d7280000)
  to   space 4096K, 0% used [0x00000000d7280000,0x00000000d7280000,0x00000000d7680000)
 ParOldGen       total 68608K, used 4787K [0x0000000080000000, 0x0000000084300000, 0x00000000d5580000)
  object space 68608K, 6% used [0x0000000080000000,0x00000000804acc48,0x0000000084300000)
 Metaspace       used 12186K, committed 12544K, reserved 1114112K
  class space    used 1303K, committed 1472K, reserved 1048576K
}
Event: 8.562 GC heap after
{Heap after GC invocations=4 (full 0):
 PSYoungGen      total 29696K, used 4072K [0x00000000d5580000, 0x00000000d7680000, 0x0000000100000000)
  eden space 25600K, 0% used [0x00000000d5580000,0x00000000d5580000,0x00000000d6e80000)
  from space 4096K, 99% used [0x00000000d7280000,0x00000000d767a310,0x00000000d7680000)
  to   space 4096K, 0% used [0x00000000d6e80000,0x00000000d6e80000,0x00000000d7280000)
 ParOldGen       total 68608K, used 6181K [0x0000000080000000, 0x0000000084300000, 0x00000000d5580000)
  object space 68608K, 9% used [0x0000000080000000,0x0000000080609710,0x0000000084300000)
 Metaspace       used 12186K, committed 12544K, reserved 1114112K
  class space    used 1303K, committed 1472K, reserved 1048576K
}
Event: 11.088 GC heap before
{Heap before GC invocations=5 (full 0):
 PSYoungGen      total 29696K, used 29672K [0x00000000d5580000, 0x00000000d7680000, 0x0000000100000000)
  eden space 25600K, 100% used [0x00000000d5580000,0x00000000d6e80000,0x00000000d6e80000)
  from space 4096K, 99% used [0x00000000d7280000,0x00000000d767a310,0x00000000d7680000)
  to   space 4096K, 0% used [0x00000000d6e80000,0x00000000d6e80000,0x00000000d7280000)
 ParOldGen       total 68608K, used 6181K [0x0000000080000000, 0x0000000084300000, 0x00000000d5580000)
  object space 68608K, 9% used [0x0000000080000000,0x0000000080609710,0x0000000084300000)
 Metaspace       used 15673K, committed 16320K, reserved 1114112K
  class space    used 1635K, committed 1920K, reserved 1048576K
}
Event: 11.093 GC heap after
{Heap after GC invocations=5 (full 0):
 PSYoungGen      total 29184K, used 4074K [0x00000000d5580000, 0x00000000d7d00000, 0x0000000100000000)
  eden space 25088K, 0% used [0x00000000d5580000,0x00000000d5580000,0x00000000d6e00000)
  from space 4096K, 99% used [0x00000000d6e80000,0x00000000d727ab50,0x00000000d7280000)
  to   space 7680K, 0% used [0x00000000d7580000,0x00000000d7580000,0x00000000d7d00000)
 ParOldGen       total 68608K, used 9217K [0x0000000080000000, 0x0000000084300000, 0x00000000d5580000)
  object space 68608K, 13% used [0x0000000080000000,0x0000000080900740,0x0000000084300000)
 Metaspace       used 15673K, committed 16320K, reserved 1114112K
  class space    used 1635K, committed 1920K, reserved 1048576K
}
Event: 12.549 GC heap before
{Heap before GC invocations=6 (full 0):
 PSYoungGen      total 29184K, used 29162K [0x00000000d5580000, 0x00000000d7d00000, 0x0000000100000000)
  eden space 25088K, 100% used [0x00000000d5580000,0x00000000d6e00000,0x00000000d6e00000)
  from space 4096K, 99% used [0x00000000d6e80000,0x00000000d727ab50,0x00000000d7280000)
  to   space 7680K, 0% used [0x00000000d7580000,0x00000000d7580000,0x00000000d7d00000)
 ParOldGen       total 68608K, used 9217K [0x0000000080000000, 0x0000000084300000, 0x00000000d5580000)
  object space 68608K, 13% used [0x0000000080000000,0x0000000080900740,0x0000000084300000)
 Metaspace       used 18723K, committed 19584K, reserved 1114112K
  class space    used 1966K, committed 2304K, reserved 1048576K
}
Event: 12.555 GC heap after
{Heap after GC invocations=6 (full 0):
 PSYoungGen      total 30208K, used 5202K [0x00000000d5580000, 0x00000000d7b00000, 0x0000000100000000)
  eden space 24576K, 0% used [0x00000000d5580000,0x00000000d5580000,0x00000000d6d80000)
  from space 5632K, 92% used [0x00000000d7580000,0x00000000d7a94820,0x00000000d7b00000)
  to   space 6144K, 0% used [0x00000000d6f00000,0x00000000d6f00000,0x00000000d7500000)
 ParOldGen       total 68608K, used 9225K [0x0000000080000000, 0x0000000084300000, 0x00000000d5580000)
  object space 68608K, 13% used [0x0000000080000000,0x0000000080902740,0x0000000084300000)
 Metaspace       used 18723K, committed 19584K, reserved 1114112K
  class space    used 1966K, committed 2304K, reserved 1048576K
}
Event: 13.122 GC heap before
{Heap before GC invocations=7 (full 0):
 PSYoungGen      total 30208K, used 24715K [0x00000000d5580000, 0x00000000d7b00000, 0x0000000100000000)
  eden space 24576K, 79% used [0x00000000d5580000,0x00000000d688e550,0x00000000d6d80000)
  from space 5632K, 92% used [0x00000000d7580000,0x00000000d7a94820,0x00000000d7b00000)
  to   space 6144K, 0% used [0x00000000d6f00000,0x00000000d6f00000,0x00000000d7500000)
 ParOldGen       total 68608K, used 9225K [0x0000000080000000, 0x0000000084300000, 0x00000000d5580000)
  object space 68608K, 13% used [0x0000000080000000,0x0000000080902740,0x0000000084300000)
 Metaspace       used 20653K, committed 21504K, reserved 1114112K
  class space    used 2182K, committed 2560K, reserved 1048576K
}
Event: 13.130 GC heap after
{Heap after GC invocations=7 (full 0):
 PSYoungGen      total 29184K, used 4506K [0x00000000d5580000, 0x00000000d7780000, 0x0000000100000000)
  eden space 24576K, 0% used [0x00000000d5580000,0x00000000d5580000,0x00000000d6d80000)
  from space 4608K, 97% used [0x00000000d6f00000,0x00000000d7366af8,0x00000000d7380000)
  to   space 4096K, 0% used [0x00000000d7380000,0x00000000d7380000,0x00000000d7780000)
 ParOldGen       total 68608K, used 10565K [0x0000000080000000, 0x0000000084300000, 0x00000000d5580000)
  object space 68608K, 15% used [0x0000000080000000,0x0000000080a517c8,0x0000000084300000)
 Metaspace       used 20653K, committed 21504K, reserved 1114112K
  class space    used 2182K, committed 2560K, reserved 1048576K
}
Event: 13.130 GC heap before
{Heap before GC invocations=8 (full 1):
 PSYoungGen      total 29184K, used 4506K [0x00000000d5580000, 0x00000000d7780000, 0x0000000100000000)
  eden space 24576K, 0% used [0x00000000d5580000,0x00000000d5580000,0x00000000d6d80000)
  from space 4608K, 97% used [0x00000000d6f00000,0x00000000d7366af8,0x00000000d7380000)
  to   space 4096K, 0% used [0x00000000d7380000,0x00000000d7380000,0x00000000d7780000)
 ParOldGen       total 68608K, used 10565K [0x0000000080000000, 0x0000000084300000, 0x00000000d5580000)
  object space 68608K, 15% used [0x0000000080000000,0x0000000080a517c8,0x0000000084300000)
 Metaspace       used 20653K, committed 21504K, reserved 1114112K
  class space    used 2182K, committed 2560K, reserved 1048576K
}
Event: 13.176 GC heap after
{Heap after GC invocations=8 (full 1):
 PSYoungGen      total 29184K, used 0K [0x00000000d5580000, 0x00000000d7780000, 0x0000000100000000)
  eden space 24576K, 0% used [0x00000000d5580000,0x00000000d5580000,0x00000000d6d80000)
  from space 4608K, 0% used [0x00000000d6f00000,0x00000000d6f00000,0x00000000d7380000)
  to   space 4096K, 0% used [0x00000000d7380000,0x00000000d7380000,0x00000000d7780000)
 ParOldGen       total 68608K, used 14342K [0x0000000080000000, 0x0000000084300000, 0x00000000d5580000)
  object space 68608K, 20% used [0x0000000080000000,0x0000000080e01bf8,0x0000000084300000)
 Metaspace       used 20641K, committed 21504K, reserved 1114112K
  class space    used 2178K, committed 2560K, reserved 1048576K
}
Event: 13.581 GC heap before
{Heap before GC invocations=9 (full 1):
 PSYoungGen      total 29184K, used 24537K [0x00000000d5580000, 0x00000000d7780000, 0x0000000100000000)
  eden space 24576K, 99% used [0x00000000d5580000,0x00000000d6d766b8,0x00000000d6d80000)
  from space 4608K, 0% used [0x00000000d6f00000,0x00000000d6f00000,0x00000000d7380000)
  to   space 4096K, 0% used [0x00000000d7380000,0x00000000d7380000,0x00000000d7780000)
 ParOldGen       total 68608K, used 14342K [0x0000000080000000, 0x0000000084300000, 0x00000000d5580000)
  object space 68608K, 20% used [0x0000000080000000,0x0000000080e01bf8,0x0000000084300000)
 Metaspace       used 22925K, committed 23744K, reserved 1114112K
  class space    used 2338K, committed 2688K, reserved 1048576K
}
Event: 13.583 GC heap after
{Heap after GC invocations=9 (full 1):
 PSYoungGen      total 25600K, used 1330K [0x00000000d5580000, 0x00000000d7500000, 0x0000000100000000)
  eden space 24064K, 0% used [0x00000000d5580000,0x00000000d5580000,0x00000000d6d00000)
  from space 1536K, 86% used [0x00000000d7380000,0x00000000d74cc838,0x00000000d7500000)
  to   space 3072K, 0% used [0x00000000d6f00000,0x00000000d6f00000,0x00000000d7200000)
 ParOldGen       total 68608K, used 14342K [0x0000000080000000, 0x0000000084300000, 0x00000000d5580000)
  object space 68608K, 20% used [0x0000000080000000,0x0000000080e01bf8,0x0000000084300000)
 Metaspace       used 22925K, committed 23744K, reserved 1114112K
  class space    used 2338K, committed 2688K, reserved 1048576K
}
Event: 14.080 GC heap before
{Heap before GC invocations=10 (full 1):
 PSYoungGen      total 25600K, used 25394K [0x00000000d5580000, 0x00000000d7500000, 0x0000000100000000)
  eden space 24064K, 100% used [0x00000000d5580000,0x00000000d6d00000,0x00000000d6d00000)
  from space 1536K, 86% used [0x00000000d7380000,0x00000000d74cc838,0x00000000d7500000)
  to   space 3072K, 0% used [0x00000000d6f00000,0x00000000d6f00000,0x00000000d7200000)
 ParOldGen       total 68608K, used 14342K [0x0000000080000000, 0x0000000084300000, 0x00000000d5580000)
  object space 68608K, 20% used [0x0000000080000000,0x0000000080e01bf8,0x0000000084300000)
 Metaspace       used 26311K, committed 27136K, reserved 1114112K
  class space    used 2599K, committed 2944K, reserved 1048576K
}
Event: 14.082 GC heap after
{Heap after GC invocations=10 (full 1):
 PSYoungGen      total 26624K, used 3071K [0x00000000d5580000, 0x00000000d7400000, 0x0000000100000000)
  eden space 23552K, 0% used [0x00000000d5580000,0x00000000d5580000,0x00000000d6c80000)
  from space 3072K, 99% used [0x00000000d6f00000,0x00000000d71ffdd8,0x00000000d7200000)
  to   space 2048K, 0% used [0x00000000d7200000,0x00000000d7200000,0x00000000d7400000)
 ParOldGen       total 68608K, used 14366K [0x0000000080000000, 0x0000000084300000, 0x00000000d5580000)
  object space 68608K, 20% used [0x0000000080000000,0x0000000080e07bf8,0x0000000084300000)
 Metaspace       used 26311K, committed 27136K, reserved 1114112K
  class space    used 2599K, committed 2944K, reserved 1048576K
}
Event: 14.404 GC heap before
{Heap before GC invocations=11 (full 1):
 PSYoungGen      total 26624K, used 26623K [0x00000000d5580000, 0x00000000d7400000, 0x0000000100000000)
  eden space 23552K, 100% used [0x00000000d5580000,0x00000000d6c80000,0x00000000d6c80000)
  from space 3072K, 99% used [0x00000000d6f00000,0x00000000d71ffdd8,0x00000000d7200000)
  to   space 2048K, 0% used [0x00000000d7200000,0x00000000d7200000,0x00000000d7400000)
 ParOldGen       total 68608K, used 14366K [0x0000000080000000, 0x0000000084300000, 0x00000000d5580000)
  object space 68608K, 20% used [0x0000000080000000,0x0000000080e07bf8,0x0000000084300000)
 Metaspace       used 28227K, committed 29120K, reserved 1114112K
  class space    used 2813K, committed 3200K, reserved 1048576K
}
Event: 14.410 GC heap after
{Heap after GC invocations=11 (full 1):
 PSYoungGen      total 25088K, used 2033K [0x00000000d5580000, 0x00000000d7400000, 0x0000000100000000)
  eden space 23040K, 0% used [0x00000000d5580000,0x00000000d5580000,0x00000000d6c00000)
  from space 2048K, 99% used [0x00000000d7200000,0x00000000d73fc658,0x00000000d7400000)
  to   space 2560K, 0% used [0x00000000d6f00000,0x00000000d6f00000,0x00000000d7180000)
 ParOldGen       total 68608K, used 16153K [0x0000000080000000, 0x0000000084300000, 0x00000000d5580000)
  object space 68608K, 23% used [0x0000000080000000,0x0000000080fc6798,0x0000000084300000)
 Metaspace       used 28227K, committed 29120K, reserved 1114112K
  class space    used 2813K, committed 3200K, reserved 1048576K
}

Dll operation events (10 events):
Event: 0.022 Loaded shared library c:\Users\denis\.antigravity\extensions\redhat.java-1.49.0-win32-x64\jre\21.0.9-win32-x86_64\bin\java.dll
Event: 0.095 Loaded shared library c:\Users\denis\.antigravity\extensions\redhat.java-1.49.0-win32-x64\jre\21.0.9-win32-x86_64\bin\zip.dll
Event: 0.245 Loaded shared library C:\Users\denis\.antigravity\extensions\redhat.java-1.49.0-win32-x64\jre\21.0.9-win32-x86_64\bin\instrument.dll
Event: 0.263 Loaded shared library C:\Users\denis\.antigravity\extensions\redhat.java-1.49.0-win32-x64\jre\21.0.9-win32-x86_64\bin\net.dll
Event: 0.270 Loaded shared library C:\Users\denis\.antigravity\extensions\redhat.java-1.49.0-win32-x64\jre\21.0.9-win32-x86_64\bin\nio.dll
Event: 0.280 Loaded shared library C:\Users\denis\.antigravity\extensions\redhat.java-1.49.0-win32-x64\jre\21.0.9-win32-x86_64\bin\zip.dll
Event: 0.405 Loaded shared library C:\Users\denis\.antigravity\extensions\redhat.java-1.49.0-win32-x64\jre\21.0.9-win32-x86_64\bin\jimage.dll
Event: 0.696 Loaded shared library c:\Users\denis\.antigravity\extensions\redhat.java-1.49.0-win32-x64\jre\21.0.9-win32-x86_64\bin\verify.dll
Event: 5.522 Loaded shared library C:\Users\denis\AppData\Roaming\Antigravity\User\globalStorage\redhat.java\1.49.0\config_win\org.eclipse.equinox.launcher\org.eclipse.equinox.launcher.win32.win32.x86_64_1.2.1400.v20250801-0854\eclipse_11916.dll
Event: 11.623 Loaded shared library C:\Users\denis\AppData\Local\Temp\jna-95470071\jna64518314967913706.dll

Deoptimization events (20 events):
Event: 14.181 Thread 0x00000224e02cc210 Uncommon trap: trap_request=0xffffffde fr.pc=0x000002248cc2cbb8 relative=0x00000000000000f8
Event: 14.181 Thread 0x00000224e02cc210 Uncommon trap: reason=class_check action=maybe_recompile pc=0x000002248cc2cbb8 method=java.lang.Character.codePointAt(Ljava/lang/CharSequence;I)I @ 2 c2
Event: 14.181 Thread 0x00000224e02cc210 DEOPT PACKING pc=0x000002248cc2cbb8 sp=0x000000af718fe530
Event: 14.181 Thread 0x00000224e02cc210 DEOPT UNPACKING pc=0x000002248c4e3aa2 sp=0x000000af718fe4b8 mode 2
Event: 14.181 Thread 0x00000224e02cc210 Uncommon trap: trap_request=0xffffffde fr.pc=0x000002248cc2cbb8 relative=0x00000000000000f8
Event: 14.181 Thread 0x00000224e02cc210 Uncommon trap: reason=class_check action=maybe_recompile pc=0x000002248cc2cbb8 method=java.lang.Character.codePointAt(Ljava/lang/CharSequence;I)I @ 2 c2
Event: 14.181 Thread 0x00000224e02cc210 DEOPT PACKING pc=0x000002248cc2cbb8 sp=0x000000af718fe530
Event: 14.181 Thread 0x00000224e02cc210 DEOPT UNPACKING pc=0x000002248c4e3aa2 sp=0x000000af718fe4b8 mode 2
Event: 14.181 Thread 0x00000224e02cc210 Uncommon trap: trap_request=0xffffffde fr.pc=0x000002248cbff48c relative=0x000000000000038c
Event: 14.181 Thread 0x00000224e02cc210 Uncommon trap: reason=class_check action=maybe_recompile pc=0x000002248cbff48c method=java.util.regex.Pattern$BmpCharPropertyGreedy.match(Ljava/util/regex/Matcher;ILjava/lang/CharSequence;)Z @ 21 c2
Event: 14.181 Thread 0x00000224e02cc210 DEOPT PACKING pc=0x000002248cbff48c sp=0x000000af718fe460
Event: 14.181 Thread 0x00000224e02cc210 DEOPT UNPACKING pc=0x000002248c4e3aa2 sp=0x000000af718fe410 mode 2
Event: 14.181 Thread 0x00000224e02cc210 Uncommon trap: trap_request=0xffffffde fr.pc=0x000002248cbff48c relative=0x000000000000038c
Event: 14.181 Thread 0x00000224e02cc210 Uncommon trap: reason=class_check action=maybe_recompile pc=0x000002248cbff48c method=java.util.regex.Pattern$BmpCharPropertyGreedy.match(Ljava/util/regex/Matcher;ILjava/lang/CharSequence;)Z @ 21 c2
Event: 14.181 Thread 0x00000224e02cc210 DEOPT PACKING pc=0x000002248cbff48c sp=0x000000af718fe360
Event: 14.181 Thread 0x00000224e02cc210 DEOPT UNPACKING pc=0x000002248c4e3aa2 sp=0x000000af718fe2f0 mode 2
Event: 14.222 Thread 0x00000224e02ca7d0 Uncommon trap: trap_request=0xffffff45 fr.pc=0x000002248ca9bfa8 relative=0x0000000000000108
Event: 14.222 Thread 0x00000224e02ca7d0 Uncommon trap: reason=unstable_if action=reinterpret pc=0x000002248ca9bfa8 method=jdk.internal.org.objectweb.asm.ByteVector.putShort(I)Ljdk/internal/org/objectweb/asm/ByteVector; @ 13 c2
Event: 14.222 Thread 0x00000224e02ca7d0 DEOPT PACKING pc=0x000002248ca9bfa8 sp=0x000000af717fd760
Event: 14.222 Thread 0x00000224e02ca7d0 DEOPT UNPACKING pc=0x000002248c4e3aa2 sp=0x000000af717fd6f8 mode 2

Classes loaded (20 events):
Event: 14.439 Loading class sun/reflect/generics/repository/AbstractRepository
Event: 14.439 Loading class sun/reflect/generics/repository/AbstractRepository done
Event: 14.439 Loading class sun/reflect/generics/repository/GenericDeclRepository done
Event: 14.439 Loading class sun/reflect/generics/repository/ClassRepository done
Event: 14.439 Loading class sun/reflect/generics/tree/FormalTypeParameter
Event: 14.439 Loading class sun/reflect/generics/tree/FormalTypeParameter done
Event: 14.439 Loading class sun/reflect/generics/tree/ClassSignature
Event: 14.439 Loading class sun/reflect/generics/tree/Signature
Event: 14.439 Loading class sun/reflect/generics/tree/Signature done
Event: 14.439 Loading class sun/reflect/generics/tree/ClassSignature done
Event: 14.439 Loading class sun/reflect/annotation/TypeAnnotation$TypeAnnotationTarget
Event: 14.439 Loading class sun/reflect/annotation/TypeAnnotation$TypeAnnotationTarget done
Event: 14.440 Loading class sun/reflect/annotation/TypeAnnotation$LocationInfo
Event: 14.440 Loading class sun/reflect/annotation/TypeAnnotation$LocationInfo done
Event: 14.440 Loading class sun/reflect/annotation/TypeAnnotation$LocationInfo$Location
Event: 14.440 Loading class sun/reflect/annotation/TypeAnnotation$LocationInfo$Location done
Event: 14.440 Loading class sun/reflect/annotation/AnnotatedTypeFactory
Event: 14.440 Loading class sun/reflect/annotation/AnnotatedTypeFactory done
Event: 14.440 Loading class sun/reflect/annotation/AnnotatedTypeFactory$AnnotatedTypeBaseImpl
Event: 14.440 Loading class sun/reflect/annotation/AnnotatedTypeFactory$AnnotatedTypeBaseImpl done

Classes unloaded (7 events):
Event: 13.138 Thread 0x00000224ff8a7ea0 Unloading class 0x000002249a1a3c00 'java/lang/invoke/LambdaForm$MH+0x000002249a1a3c00'
Event: 13.138 Thread 0x00000224ff8a7ea0 Unloading class 0x000002249a1a3800 'java/lang/invoke/LambdaForm$MH+0x000002249a1a3800'
Event: 13.138 Thread 0x00000224ff8a7ea0 Unloading class 0x000002249a1a3400 'java/lang/invoke/LambdaForm$MH+0x000002249a1a3400'
Event: 13.138 Thread 0x00000224ff8a7ea0 Unloading class 0x000002249a1a3000 'java/lang/invoke/LambdaForm$MH+0x000002249a1a3000'
Event: 13.138 Thread 0x00000224ff8a7ea0 Unloading class 0x000002249a1a2c00 'java/lang/invoke/LambdaForm$BMH+0x000002249a1a2c00'
Event: 13.138 Thread 0x00000224ff8a7ea0 Unloading class 0x000002249a1a2800 'java/lang/invoke/LambdaForm$DMH+0x000002249a1a2800'
Event: 13.138 Thread 0x00000224ff8a7ea0 Unloading class 0x000002249a1a1800 'java/lang/invoke/LambdaForm$DMH+0x000002249a1a1800'

Classes redefined (0 events):
No events

Internal exceptions (20 events):
Event: 12.755 Thread 0x00000224e0a00f50 Exception <a 'java/lang/NoSuchMethodError'{0x00000000d5cfb288}: 'java.lang.Object java.lang.invoke.DirectMethodHandle$Holder.newInvokeSpecial(java.lang.Object, int, java.lang.Object, java.lang.Object)'> (0x00000000d5cfb288) 
thrown [s\src\hotspot\share\interpreter\linkResolver.cpp, line 773]
Event: 12.990 Thread 0x00000224e0a00f50 Exception <a 'java/lang/NoSuchMethodError'{0x00000000d6582eb8}: 'long java.lang.invoke.Invokers$Holder.invokeExact_MT(java.lang.Object, java.lang.Object)'> (0x00000000d6582eb8) 
thrown [s\src\hotspot\share\interpreter\linkResolver.cpp, line 773]
Event: 13.245 Thread 0x00000224e0a00f50 Exception <a 'java/lang/NoSuchMethodError'{0x00000000d58a89a8}: 'double java.lang.invoke.DirectMethodHandle$Holder.invokeStatic(java.lang.Object, java.lang.Object)'> (0x00000000d58a89a8) 
thrown [s\src\hotspot\share\interpreter\linkResolver.cpp, line 773]
Event: 13.247 Thread 0x00000224e0a00f50 Exception <a 'java/lang/NoSuchMethodError'{0x00000000d58ac038}: 'double java.lang.invoke.DirectMethodHandle$Holder.invokeStaticInit(java.lang.Object, java.lang.Object)'> (0x00000000d58ac038) 
thrown [s\src\hotspot\share\interpreter\linkResolver.cpp, line 773]
Event: 13.927 Thread 0x00000224e0a00f50 Implicit null exception at 0x000002248cc2e4f5 to 0x000002248cc2e5d0
Event: 14.131 Thread 0x00000224e02cc210 Exception <a 'java/lang/NoSuchMethodError'{0x00000000d5856a60}: 'java.lang.Object java.lang.invoke.DirectMethodHandle$Holder.invokeStaticInit(java.lang.Object, java.lang.Object, java.lang.Object, java.lang.Object, java.lang.Object, java.lang.Object, java.lang.Object)'> (0x00000000d5856a60) 
thrown [s\src\hotspot\share\interpreter\linkResolver.cpp, line 773]
Event: 14.132 Thread 0x00000224e02cc210 Exception <a 'java/lang/NoSuchMethodError'{0x00000000d585b498}: 'java.lang.Object java.lang.invoke.Invokers$Holder.invoke_MT(java.lang.Object, java.lang.Object, java.lang.Object, java.lang.Object, java.lang.Object, java.lang.Object, java.lang.Object, java.lang.Object, java.lang.Object)'> (0x00000000d585b498) 
thrown [s\src\hotspot\share\interpreter\linkResolver.cpp, line 773]
Event: 14.139 Thread 0x00000224e02cc210 Exception <a 'java/lang/NoSuchMethodError'{0x00000000d590ef40}: 'int java.lang.invoke.DirectMethodHandle$Holder.invokeVirtual(java.lang.Object, java.lang.Object, java.lang.Object)'> (0x00000000d590ef40) 
thrown [s\src\hotspot\share\interpreter\linkResolver.cpp, line 773]
Event: 14.140 Thread 0x00000224e02cc210 Exception <a 'java/lang/NoSuchMethodError'{0x00000000d5913180}: 'int java.lang.invoke.DirectMethodHandle$Holder.invokeStaticInit(java.lang.Object, int, int)'> (0x00000000d5913180) 
thrown [s\src\hotspot\share\interpreter\linkResolver.cpp, line 773]
Event: 14.140 Thread 0x00000224e02cc210 Exception <a 'java/lang/NoSuchMethodError'{0x00000000d598af10}: 'int java.lang.invoke.DirectMethodHandle$Holder.invokeStaticInit(java.lang.Object, long, long)'> (0x00000000d598af10) 
thrown [s\src\hotspot\share\interpreter\linkResolver.cpp, line 773]
Event: 14.141 Thread 0x00000224e02cc210 Exception <a 'java/lang/NoSuchMethodError'{0x00000000d5991af0}: 'int java.lang.invoke.DirectMethodHandle$Holder.invokeStaticInit(java.lang.Object, float, float)'> (0x00000000d5991af0) 
thrown [s\src\hotspot\share\interpreter\linkResolver.cpp, line 773]
Event: 14.142 Thread 0x00000224e02cc210 Exception <a 'java/lang/NoSuchMethodError'{0x00000000d59986d8}: 'int java.lang.invoke.DirectMethodHandle$Holder.invokeStaticInit(java.lang.Object, double, double)'> (0x00000000d59986d8) 
thrown [s\src\hotspot\share\interpreter\linkResolver.cpp, line 773]
Event: 14.143 Thread 0x00000224e02cc210 Exception <a 'java/lang/NoSuchMethodError'{0x00000000d599cd98}: 'int java.lang.invoke.DirectMethodHandle$Holder.invokeStatic(java.lang.Object, long)'> (0x00000000d599cd98) 
thrown [s\src\hotspot\share\interpreter\linkResolver.cpp, line 773]
Event: 14.146 Thread 0x00000224e02cc210 Exception <a 'java/lang/NoSuchMethodError'{0x00000000d59ae298}: 'int java.lang.invoke.DirectMethodHandle$Holder.invokeSpecial(java.lang.Object, java.lang.Object, int, int)'> (0x00000000d59ae298) 
thrown [s\src\hotspot\share\interpreter\linkResolver.cpp, line 773]
Event: 14.163 Thread 0x00000224e02cc210 Exception <a 'java/lang/NoSuchMethodError'{0x00000000d60ca2f8}: 'int java.lang.invoke.Invokers$Holder.linkToTargetMethod(java.lang.Object, java.lang.Object)'> (0x00000000d60ca2f8) 
thrown [s\src\hotspot\share\interpreter\linkResolver.cpp, line 773]
Event: 14.216 Thread 0x00000224e02ca7d0 Exception <a 'java/lang/NoSuchMethodError'{0x00000000d561c938}: 'int java.lang.invoke.DirectMethodHandle$Holder.invokeSpecial(java.lang.Object, java.lang.Object, java.lang.Object, java.lang.Object)'> (0x00000000d561c938) 
thrown [s\src\hotspot\share\interpreter\linkResolver.cpp, line 773]
Event: 14.218 Thread 0x00000224e02ca7d0 Exception <a 'java/lang/NoSuchMethodError'{0x00000000d626a040}: 'java.lang.Object java.lang.invoke.DirectMethodHandle$Holder.invokeStatic(java.lang.Object, int, java.lang.Object, java.lang.Object)'> (0x00000000d626a040) 
thrown [s\src\hotspot\share\interpreter\linkResolver.cpp, line 773]
Event: 14.218 Thread 0x00000224e02cc210 Exception <a 'java/lang/NoSuchMethodError'{0x00000000d6274cf0}: 'java.lang.Object java.lang.invoke.DirectMethodHandle$Holder.invokeSpecialIFC(java.lang.Object, java.lang.Object, java.lang.Object, java.lang.Object)'> (0x00000000d6274cf0) 
thrown [s\src\hotspot\share\interpreter\linkResolver.cpp, line 773]
Event: 14.219 Thread 0x00000224e02ca7d0 Exception <a 'java/lang/NoSuchMethodError'{0x00000000d626d820}: 'java.lang.Object java.lang.invoke.DelegatingMethodHandle$Holder.delegate(java.lang.Object, int, java.lang.Object, java.lang.Object)'> (0x00000000d626d820) 
thrown [s\src\hotspot\share\interpreter\linkResolver.cpp, line 773]
Event: 14.223 Thread 0x00000224e02ca7d0 Exception <a 'java/lang/NoSuchMethodError'{0x00000000d62b5bf0}: 'int java.lang.invoke.Invokers$Holder.linkToTargetMethod(java.lang.Object, java.lang.Object, java.lang.Object)'> (0x00000000d62b5bf0) 
thrown [s\src\hotspot\share\interpreter\linkResolver.cpp, line 773]

ZGC Phase Switch (0 events):
No events

VM Operations (20 events):
Event: 12.282 Executing VM operation: Cleanup
Event: 12.282 Executing VM operation: Cleanup done
Event: 12.345 Executing VM operation: HandshakeAllThreads (Deoptimize)
Event: 12.345 Executing VM operation: HandshakeAllThreads (Deoptimize) done
Event: 12.352 Executing VM operation: HandshakeAllThreads (Deoptimize)
Event: 12.352 Executing VM operation: HandshakeAllThreads (Deoptimize) done
Event: 12.393 Executing VM operation: HandshakeAllThreads (Deoptimize)
Event: 12.393 Executing VM operation: HandshakeAllThreads (Deoptimize) done
Event: 12.549 Executing VM operation: ParallelGCFailedAllocation (Allocation Failure)
Event: 12.555 Executing VM operation: ParallelGCFailedAllocation (Allocation Failure) done
Event: 13.122 Executing VM operation: CollectForMetadataAllocation (Metadata GC Threshold)
Event: 13.176 Executing VM operation: CollectForMetadataAllocation (Metadata GC Threshold) done
Event: 13.581 Executing VM operation: ParallelGCFailedAllocation (Allocation Failure)
Event: 13.583 Executing VM operation: ParallelGCFailedAllocation (Allocation Failure) done
Event: 14.079 Executing VM operation: ParallelGCFailedAllocation (Allocation Failure)
Event: 14.082 Executing VM operation: ParallelGCFailedAllocation (Allocation Failure) done
Event: 14.169 Executing VM operation: HandshakeAllThreads (Deoptimize)
Event: 14.170 Executing VM operation: HandshakeAllThreads (Deoptimize) done
Event: 14.404 Executing VM operation: ParallelGCFailedAllocation (Allocation Failure)
Event: 14.410 Executing VM operation: ParallelGCFailedAllocation (Allocation Failure) done

Memory protections (0 events):
No events

Nmethod flushes (0 events):
No events

Events (20 events):
Event: 6.025 Thread 0x00000224dabfc190 Thread added: 0x00000224e09bd0b0
Event: 6.199 Thread 0x00000224e09bd0b0 Thread exited: 0x00000224e09bd0b0
Event: 6.982 Thread 0x00000224e0a00f50 Thread added: 0x00000224e0bee100
Event: 8.319 Thread 0x00000224e0a00f50 Thread added: 0x00000224e034dea0
Event: 8.533 Thread 0x00000224dabfc190 Thread added: 0x00000224e0100700
Event: 8.533 Thread 0x00000224dabfc190 Thread added: 0x00000224e0a6ad30
Event: 9.082 Thread 0x00000224e0a6ad30 Thread exited: 0x00000224e0a6ad30
Event: 9.091 Thread 0x00000224e0100700 Thread exited: 0x00000224e0100700
Event: 9.372 Thread 0x00000224e0a00f50 Thread added: 0x00000224e092d770
Event: 10.363 Thread 0x00000224987f9140 Thread added: 0x00000224e0dedb50
Event: 10.363 Thread 0x00000224987f9140 Thread added: 0x00000224e0dee1f0
Event: 10.860 Thread 0x00000224e0dee1f0 Thread exited: 0x00000224e0dee1f0
Event: 10.881 Thread 0x00000224e0dedb50 Thread exited: 0x00000224e0dedb50
Event: 11.679 Thread 0x00000224e0a00f50 Thread added: 0x00000224dae3bf40
Event: 11.951 Thread 0x00000224dabfc190 Thread added: 0x00000224e155bbe0
Event: 11.998 Thread 0x00000224e0a00f50 Thread added: 0x00000224e02ca7d0
Event: 12.157 Thread 0x00000224e0a00f50 Thread added: 0x00000224e02cc210
Event: 13.716 Thread 0x00000224e155bbe0 Thread exited: 0x00000224e155bbe0
Event: 14.182 Thread 0x00000224dabfc190 Thread added: 0x00000224e106b280
Event: 14.211 Thread 0x00000224e02ca7d0 Thread added: 0x00000224e02cae60


Dynamic libraries:
0x00007ff72bd80000 - 0x00007ff72bd8e000 	c:\Users\denis\.antigravity\extensions\redhat.java-1.49.0-win32-x64\jre\21.0.9-win32-x86_64\bin\java.exe
0x00007ffe3ec50000 - 0x00007ffe3ee68000 	C:\Windows\SYSTEM32\ntdll.dll
0x00007ffe3cad0000 - 0x00007ffe3cb94000 	C:\Windows\System32\KERNEL32.DLL
0x00007ffe3bd60000 - 0x00007ffe3c133000 	C:\Windows\System32\KERNELBASE.dll
0x00007ffe3c400000 - 0x00007ffe3c511000 	C:\Windows\System32\ucrtbase.dll
0x00007ffdf4040000 - 0x00007ffdf4058000 	c:\Users\denis\.antigravity\extensions\redhat.java-1.49.0-win32-x64\jre\21.0.9-win32-x86_64\bin\jli.dll
0x00007ffe3c910000 - 0x00007ffe3cac2000 	C:\Windows\System32\USER32.dll
0x00007ffe3c310000 - 0x00007ffe3c336000 	C:\Windows\System32\win32u.dll
0x00007ffe3e040000 - 0x00007ffe3e069000 	C:\Windows\System32\GDI32.dll
0x00007ffe3c7d0000 - 0x00007ffe3c8eb000 	C:\Windows\System32\gdi32full.dll
0x00007ffe3c140000 - 0x00007ffe3c1da000 	C:\Windows\System32\msvcp_win.dll
0x00007ffdf2d80000 - 0x00007ffdf2d9e000 	c:\Users\denis\.antigravity\extensions\redhat.java-1.49.0-win32-x64\jre\21.0.9-win32-x86_64\bin\VCRUNTIME140.dll
0x00007ffe2a300000 - 0x00007ffe2a59c000 	C:\Windows\WinSxS\amd64_microsoft.windows.common-controls_6595b64144ccf1df_6.0.22621.6060_none_2712eda17382d24b\COMCTL32.dll
0x00007ffe3e9e0000 - 0x00007ffe3ea87000 	C:\Windows\System32\msvcrt.dll
0x00007ffe3dce0000 - 0x00007ffe3dd11000 	C:\Windows\System32\IMM32.DLL
0x00007ffe31a00000 - 0x00007ffe31a0c000 	c:\Users\denis\.antigravity\extensions\redhat.java-1.49.0-win32-x64\jre\21.0.9-win32-x86_64\bin\vcruntime140_1.dll
0x00007ffdd8c80000 - 0x00007ffdd8d0d000 	c:\Users\denis\.antigravity\extensions\redhat.java-1.49.0-win32-x64\jre\21.0.9-win32-x86_64\bin\msvcp140.dll
0x00007ffd5dbd0000 - 0x00007ffd5e970000 	c:\Users\denis\.antigravity\extensions\redhat.java-1.49.0-win32-x64\jre\21.0.9-win32-x86_64\bin\server\jvm.dll
0x00007ffe3d560000 - 0x00007ffe3d611000 	C:\Windows\System32\ADVAPI32.dll
0x00007ffe3e070000 - 0x00007ffe3e118000 	C:\Windows\System32\sechost.dll
0x00007ffe3c2e0000 - 0x00007ffe3c308000 	C:\Windows\System32\bcrypt.dll
0x00007ffe3deb0000 - 0x00007ffe3dfc8000 	C:\Windows\System32\RPCRT4.dll
0x00007ffe3d4d0000 - 0x00007ffe3d541000 	C:\Windows\System32\WS2_32.dll
0x00007ffe3abb0000 - 0x00007ffe3abfd000 	C:\Windows\SYSTEM32\POWRPROF.dll
0x00007ffe31580000 - 0x00007ffe315b4000 	C:\Windows\SYSTEM32\WINMM.dll
0x00007ffe2efc0000 - 0x00007ffe2efca000 	C:\Windows\SYSTEM32\VERSION.dll
0x00007ffe3ab90000 - 0x00007ffe3aba3000 	C:\Windows\SYSTEM32\UMPDC.dll
0x00007ffe3ae30000 - 0x00007ffe3ae48000 	C:\Windows\SYSTEM32\kernel.appcore.dll
0x00007ffe315c0000 - 0x00007ffe315ca000 	c:\Users\denis\.antigravity\extensions\redhat.java-1.49.0-win32-x64\jre\21.0.9-win32-x86_64\bin\jimage.dll
0x00007ffe39510000 - 0x00007ffe39743000 	C:\Windows\SYSTEM32\DBGHELP.DLL
0x00007ffe3e120000 - 0x00007ffe3e4b1000 	C:\Windows\System32\combase.dll
0x00007ffe3e590000 - 0x00007ffe3e668000 	C:\Windows\System32\OLEAUT32.dll
0x00007ffe1fde0000 - 0x00007ffe1fe12000 	C:\Windows\SYSTEM32\dbgcore.DLL
0x00007ffe3c260000 - 0x00007ffe3c2db000 	C:\Windows\System32\bcryptPrimitives.dll
0x00007ffe31460000 - 0x00007ffe3146f000 	c:\Users\denis\.antigravity\extensions\redhat.java-1.49.0-win32-x64\jre\21.0.9-win32-x86_64\bin\instrument.dll
0x00007ffdf1c30000 - 0x00007ffdf1c50000 	c:\Users\denis\.antigravity\extensions\redhat.java-1.49.0-win32-x64\jre\21.0.9-win32-x86_64\bin\java.dll
0x00007ffe3cba0000 - 0x00007ffe3d43c000 	C:\Windows\System32\SHELL32.dll
0x00007ffe3c690000 - 0x00007ffe3c7cf000 	C:\Windows\System32\wintypes.dll
0x00007ffe39c70000 - 0x00007ffe3a58a000 	C:\Windows\SYSTEM32\windows.storage.dll
0x00007ffe3dd20000 - 0x00007ffe3de24000 	C:\Windows\System32\SHCORE.dll
0x00007ffe3eba0000 - 0x00007ffe3ec09000 	C:\Windows\System32\shlwapi.dll
0x00007ffe3bc90000 - 0x00007ffe3bcb5000 	C:\Windows\SYSTEM32\profapi.dll
0x00007ffdef850000 - 0x00007ffdef868000 	c:\Users\denis\.antigravity\extensions\redhat.java-1.49.0-win32-x64\jre\21.0.9-win32-x86_64\bin\zip.dll
0x00007ffe2ddb0000 - 0x00007ffe2ddc0000 	C:\Users\denis\.antigravity\extensions\redhat.java-1.49.0-win32-x64\jre\21.0.9-win32-x86_64\bin\net.dll
0x00007ffe32840000 - 0x00007ffe3296c000 	C:\Windows\SYSTEM32\WINHTTP.dll
0x00007ffe3b310000 - 0x00007ffe3b379000 	C:\Windows\system32\mswsock.dll
0x00007ffde45b0000 - 0x00007ffde45c6000 	C:\Users\denis\.antigravity\extensions\redhat.java-1.49.0-win32-x64\jre\21.0.9-win32-x86_64\bin\nio.dll
0x00007ffe2d4e0000 - 0x00007ffe2d4f0000 	c:\Users\denis\.antigravity\extensions\redhat.java-1.49.0-win32-x64\jre\21.0.9-win32-x86_64\bin\verify.dll
0x00007ffdd3b90000 - 0x00007ffdd3bd4000 	C:\Users\denis\AppData\Roaming\Antigravity\User\globalStorage\redhat.java\1.49.0\config_win\org.eclipse.equinox.launcher\org.eclipse.equinox.launcher.win32.win32.x86_64_1.2.1400.v20250801-0854\eclipse_11916.dll
0x00007ffe3e670000 - 0x00007ffe3e811000 	C:\Windows\System32\ole32.dll
0x00007ffe3b560000 - 0x00007ffe3b57b000 	C:\Windows\SYSTEM32\CRYPTSP.dll
0x00007ffe3ad90000 - 0x00007ffe3adc7000 	C:\Windows\system32\rsaenh.dll
0x00007ffe3b400000 - 0x00007ffe3b428000 	C:\Windows\SYSTEM32\USERENV.dll
0x00007ffe3b580000 - 0x00007ffe3b58c000 	C:\Windows\SYSTEM32\CRYPTBASE.dll
0x00007ffe3a860000 - 0x00007ffe3a88d000 	C:\Windows\SYSTEM32\IPHLPAPI.DLL
0x00007ffe3dc60000 - 0x00007ffe3dc69000 	C:\Windows\System32\NSI.dll
0x00007ffdf2810000 - 0x00007ffdf2859000 	C:\Users\denis\AppData\Local\Temp\jna-95470071\jna64518314967913706.dll
0x00007ffe3d550000 - 0x00007ffe3d558000 	C:\Windows\System32\PSAPI.DLL

JVMTI agents:
c:\Users\denis\.antigravity\extensions\redhat.java-1.49.0-win32-x64\lombok\lombok-1.18.39-4050.jar path:c:\Users\denis\.antigravity\extensions\redhat.java-1.49.0-win32-x64\jre\21.0.9-win32-x86_64\bin\instrument.dll, loaded, initialized, instrumentlib options:none

dbghelp: loaded successfully - version: 4.0.5 - missing functions: none
symbol engine: initialized successfully - sym options: 0x614 - pdb path: .;c:\Users\denis\.antigravity\extensions\redhat.java-1.49.0-win32-x64\jre\21.0.9-win32-x86_64\bin;C:\Windows\SYSTEM32;C:\Windows\WinSxS\amd64_microsoft.windows.common-controls_6595b64144ccf1df_6.0.22621.6060_none_2712eda17382d24b;c:\Users\denis\.antigravity\extensions\redhat.java-1.49.0-win32-x64\jre\21.0.9-win32-x86_64\bin\server;C:\Users\denis\AppData\Roaming\Antigravity\User\globalStorage\redhat.java\1.49.0\config_win\org.eclipse.equinox.launcher\org.eclipse.equinox.launcher.win32.win32.x86_64_1.2.1400.v20250801-0854;C:\Users\denis\AppData\Local\Temp\jna-95470071

VM Arguments:
jvm_args: --add-modules=ALL-SYSTEM --add-opens=java.base/java.util=ALL-UNNAMED --add-opens=java.base/java.lang=ALL-UNNAMED --add-opens=java.base/sun.nio.fs=ALL-UNNAMED -Declipse.application=org.eclipse.jdt.ls.core.id1 -Dosgi.bundles.defaultStartLevel=4 -Declipse.product=org.eclipse.jdt.ls.core.product -Djava.import.generatesMetadataFilesAtProjectRoot=false -DDetectVMInstallationsJob.disabled=true -Dfile.encoding=utf8 -XX:+UseParallelGC -XX:GCTimeRatio=4 -XX:AdaptiveSizePolicyWeight=90 -Dsun.zip.disableMemoryMapping=true -Xmx2G -Xms100m -Xlog:disable -javaagent:c:\Users\denis\.antigravity\extensions\redhat.java-1.49.0-win32-x64\lombok\lombok-1.18.39-4050.jar -XX:+HeapDumpOnOutOfMemoryError -XX:HeapDumpPath=c:\Users\denis\AppData\Roaming\Antigravity\User\workspaceStorage\c5ec95d13aa44414d6a41f76a6ab393b\redhat.java -Daether.dependencyCollector.impl=bf 
java_command: c:\Users\denis\.antigravity\extensions\redhat.java-1.49.0-win32-x64\server\plugins\org.eclipse.equinox.launcher_1.7.100.v20251111-0406.jar -configuration c:\Users\denis\AppData\Roaming\Antigravity\User\globalStorage\redhat.java\1.49.0\config_win -data c:\Users\denis\AppData\Roaming\Antigravity\User\workspaceStorage\c5ec95d13aa44414d6a41f76a6ab393b\redhat.java\jdt_ws --pipe=\\.\pipe\lsp-322c291bd5e47d469a93cdd3d03c451a-sock
java_class_path (initial): c:\Users\denis\.antigravity\extensions\redhat.java-1.49.0-win32-x64\server\plugins\org.eclipse.equinox.launcher_1.7.100.v20251111-0406.jar
Launcher Type: SUN_STANDARD

[Global flags]
    uintx AdaptiveSizePolicyWeight                 = 90                                        {product} {command line}
     intx CICompilerCount                          = 4                                         {product} {ergonomic}
    uintx GCTimeRatio                              = 4                                         {product} {command line}
     bool HeapDumpOnOutOfMemoryError               = true                                   {manageable} {command line}
    ccstr HeapDumpPath                             = c:\Users\denis\AppData\Roaming\Antigravity\User\workspaceStorage\c5ec95d13aa44414d6a41f76a6ab393b\redhat.java         {manageable} {command line}
   size_t InitialHeapSize                          = 104857600                                 {product} {command line}
   size_t MaxHeapSize                              = 2147483648                                {product} {command line}
   size_t MaxNewSize                               = 715653120                                 {product} {ergonomic}
   size_t MinHeapDeltaBytes                        = 524288                                    {product} {ergonomic}
   size_t MinHeapSize                              = 104857600                                 {product} {command line}
   size_t NewSize                                  = 34603008                                  {product} {ergonomic}
    uintx NonNMethodCodeHeapSize                   = 5839372                                {pd product} {ergonomic}
    uintx NonProfiledCodeHeapSize                  = 122909434                              {pd product} {ergonomic}
   size_t OldSize                                  = 70254592                                  {product} {ergonomic}
    uintx ProfiledCodeHeapSize                     = 122909434                              {pd product} {ergonomic}
    uintx ReservedCodeCacheSize                    = 251658240                              {pd product} {ergonomic}
     bool SegmentedCodeCache                       = true                                      {product} {ergonomic}
   size_t SoftMaxHeapSize                          = 2147483648                             {manageable} {ergonomic}
     bool UseCompressedOops                        = true                           {product lp64_product} {ergonomic}
     bool UseLargePagesIndividualAllocation        = false                                  {pd product} {ergonomic}
     bool UseParallelGC                            = true                                      {product} {command line}

Logging:
Log output configuration:
 #0: stdout all=off uptime,level,tags foldmultilines=false
 #1: stderr all=off uptime,level,tags foldmultilines=false

Release file:
JAVA_VERSION="21.0.9" 
MODULES="java.base java.compiler java.datatransfer java.xml java.prefs java.desktop java.instrument java.logging java.management java.security.sasl java.naming java.rmi java.management.rmi java.net.http java.scripting java.security.jgss java.transaction.xa java.sql java.sql.rowset java.xml.crypto java.se java.smartcardio jdk.accessibility jdk.internal.jvmstat jdk.attach jdk.charsets jdk.internal.opt jdk.zipfs jdk.compiler jdk.crypto.ec jdk.crypto.cryptoki jdk.crypto.mscapi jdk.dynalink jdk.internal.ed jdk.editpad jdk.hotspot.agent jdk.httpserver jdk.internal.le jdk.internal.vm.ci jdk.internal.vm.compiler jdk.internal.vm.compiler.management jdk.jartool jdk.javadoc jdk.jcmd jdk.management jdk.management.agent jdk.jconsole jdk.jdeps jdk.jdwp.agent jdk.jdi jdk.jfr jdk.jshell jdk.jsobject jdk.jstatd jdk.localedata jdk.management.jfr jdk.naming.dns jdk.naming.rmi jdk.net jdk.nio.mapmode jdk.random jdk.sctp jdk.security.auth jdk.security.jgss jdk.unsupported jdk.unsupported.desktop jdk.xml.dom" 

Environment Variables:
PATH=C:\Program Files (x86)\VMware\VMware Workstation\bin\;c:\Users\denis\AppData\Local\Programs\cursor\resources\app\bin;c:\Users\denis\AppData\Local\Programs\cursor\resources\app\bin;C:\Users\denis\AppData\Local\Thorium\Application;C:\Python313\Scripts\;C:\Python313\;c:\Users\denis\AppData\Local\Programs\cursor\resources\app\bin;C:\Program Files\Common Files\Oracle\Java\javapath;C:\Windows\system32;C:\Windows;C:\Windows\System32\Wbem;C:\Windows\System32\WindowsPowerShell\v1.0\;C:\Windows\System32\OpenSSH\;C:\Program Files (x86)\NVIDIA Corporation\PhysX\Common;C:\Program Files\dotnet\;C:\Program Files\Git\cmd;C:\Users\denis\AppData\Local\Microsoft\WindowsApps;C:\Program Files\JetBrains\IntelliJ IDEA Community Edition 2024.3\bin;c:\Users\denis\AppData\Local\Programs\cursor\resources\app\bin;C:\ProgramData\chocolatey\bin;C:\Program Files\PostgreSQL\17\bin;C:\Users\denis\AppData\Local\GitHubDesktop\bin;C:\Users\denis\AppData\Local\Programs\cursor\resources\app\bin;c:\Users\denis\AppData\Lo;C:\Program Files\Docker\Docker\resources\bin;C:\Program Files\NVIDIA Corporation\NVIDIA App\NvDLISR;C:\Program Files\Go\bin;C:\Program Files\Mullvad VPN\resources;C:\Users\denis\AppData\Local\nvm;C:\nvm4w\nodejs;C:\Program Files\Wolfram Research\WolframScript\;C:\Users\denis\scoop\shims;C:\Program Files (x86)\VMware\VMware Workstation\bin\;c:\Users\denis\AppData\Local\Programs\cursor\resources\app\bin;c:\Users\denis\AppData\Local\Programs\cursor\resources\app\bin;C:\Users\denis\AppData\Local\Thorium\Application;C:\Python313\Scripts\;C:\Python313\;c:\Users\denis\AppData\Local\Programs\cursor\resources\app\bin;C:\Program Files\Common Files\Oracle\Java\javapath;C:\Windows\system32;C:\Windows;C:\Windows\System32\Wbem;C:\Windows\System32\WindowsPowerShell\v1.0\;C:\Windows\System32\OpenSSH\;C:\Program Files (x86)\NVIDIA Corporation\PhysX\Common;C:\Program Files\dotnet\;C:\Program Files\Git\cmd;C:\Users\denis\AppData\Local\Microsoft\WindowsApps;C:\Program Files\JetBrains\IntelliJ IDEA Community Edition 2024.3\bin;c:\Users\denis\AppData\Local\Programs\cursor\resources\app\bin;C:\ProgramData\chocolatey\bin;C:\Program Files\PostgreSQL\17\bin;C:\Users\denis\AppData\Local\GitHubDesktop\bin;C:\Users\denis\AppData\Local\Programs\cursor\resources\app\bin;c:\Users\denis\AppData\Lo;C:\Program Files\Docker\Docker\resources\bin;C:\Program Files\NVIDIA Corporation\NVIDIA App\NvDLISR;C:\Program Files\Go\bin;C:\Program Files\Mullvad VPN\resources;C:\Users\denis\AppData\Local\nvm;C:\nvm4w\nodejs;C:\Program Files\Wolfram Research\WolframScript\;C:\Users\denis\.local\bin;C:\Ruby34-x64\bin;C:\Users\denis\AppData\Local\Android\Sdk\platform-tools;C:\Users\denis\AppData\Local\Android\Sdk\platform-tools;C:\Users\denis\AppData\Local\Programs\Microsoft VS Code\bin;C:\Program Files\JetBrains\IntelliJ IDEA Community Edition 2025.2.3\bin;C:\Users\denis\.dotnet\tools;C:\Users\denis\go\bin;C:\Users\denis\AppData\Local\JetBrains\Toolbox\scripts;C:\Program Files\JetBrains\IntelliJ IDEA 2025.2.4\bin;C:\Users\denis\AppData\Roaming\npm;C:\Users\denis\AppData\Local\Programs\Antigravity\bin;c:\program files (x86)\steam\ext\bin;C:\Android\Sdk\platform-tools;C:\Android\Sdk\cmdline-tools\latest\bin;;C:\Android\Sdk\platform-tools;C:\Android\Sdk\cmdline-tools\latest\bin;C:\Program Files\JetBrains\CLion 2025.3.2\bin
USERNAME=denis
OS=Windows_NT
PROCESSOR_IDENTIFIER=Intel64 Family 6 Model 186 Stepping 2, GenuineIntel
TMP=C:\Users\denis\AppData\Local\Temp
TEMP=C:\Users\denis\AppData\Local\Temp




Periodic native trim disabled

---------------  S Y S T E M  ---------------

OS:
 Windows 11 , 64 bit Build 22621 (10.0.22621.5415)
OS uptime: 0 days 5:26 hours

CPU: total 12 (initial active 12) (12 cores per cpu, 1 threads per core) family 6 model 186 stepping 2 microcode 0x5103, cx8, cmov, fxsr, mmx, 3dnowpref, sse, sse2, sse3, ssse3, sse4.1, sse4.2, popcnt, lzcnt, tsc, tscinvbit, avx, avx2, aes, erms, clmul, bmi1, bmi2, adx, sha, fma, vzeroupper, clflush, clflushopt, clwb, serialize, rdtscp, rdpid, fsrm, f16c, pku, cet_ibt, cet_ss
Processor Information for the first 12 processors :
  Max Mhz: 2100, Current Mhz: 2100, Mhz Limit: 2100

Memory: 4k page, system-wide physical 32471M (8753M free)
TotalPageFile size 32471M (AvailPageFile size 11M)
current process WorkingSet (physical memory assigned to process): 167M, peak: 167M
current process commit charge ("private bytes"): 301M, peak: 302M

vm_info: OpenJDK 64-Bit Server VM (21.0.9+10-LTS) for windows-amd64 JRE (21.0.9+10-LTS), built on 2025-10-21T00:00:00Z by "admin" with unknown MS VC++:1942

END.
