#
# There is insufficient memory for the Java Runtime Environment to continue.
# Native memory allocation (malloc) failed to allocate 1048576 bytes. Error detail: AllocateHeap
# Possible reasons:
#   The system is out of physical RAM or swap space
#   This process is running with CompressedOops enabled, and the Java Heap may be blocking the growth of the native heap
# Possible solutions:
#   Reduce memory load on the system
#   Increase physical memory or swap space
#   Check if swap backing store is full
#   Decrease Java heap size (-Xmx/-Xms)
#   Decrease number of Java threads
#   Decrease Java thread stack sizes (-Xss)
#   Set larger code cache with -XX:ReservedCodeCacheSize=
#   JVM is running with Unscaled Compressed Oops mode in which the Java heap is
#     placed in the first 4GB address space. The Java Heap base address is the
#     maximum limit for the native heap growth. Please use -XX:HeapBaseMinAddress
#     to set the Java Heap base and to place the Java Heap above 4GB virtual address.
# This output file may be truncated or incomplete.
#
#  Out of Memory Error (allocation.cpp:44), pid=28204, tid=5624
#
# JRE version: OpenJDK Runtime Environment Temurin-21.0.9+10 (21.0.9+10) (build 21.0.9+10-LTS)
# Java VM: OpenJDK 64-Bit Server VM Temurin-21.0.9+10 (21.0.9+10-LTS, mixed mode, sharing, tiered, compressed oops, compressed class ptrs, parallel gc, windows-amd64)
# No core dump will be written. Minidumps are not enabled by default on client versions of Windows
#

---------------  S U M M A R Y ------------

Command Line: --add-modules=ALL-SYSTEM --add-opens=java.base/java.util=ALL-UNNAMED --add-opens=java.base/java.lang=ALL-UNNAMED --add-opens=java.base/sun.nio.fs=ALL-UNNAMED -Declipse.application=org.eclipse.jdt.ls.core.id1 -Dosgi.bundles.defaultStartLevel=4 -Declipse.product=org.eclipse.jdt.ls.core.product -Djava.import.generatesMetadataFilesAtProjectRoot=false -DDetectVMInstallationsJob.disabled=true -Dfile.encoding=utf8 -XX:+UseParallelGC -XX:GCTimeRatio=4 -XX:AdaptiveSizePolicyWeight=90 -Dsun.zip.disableMemoryMapping=true -Xmx2G -Xms100m -Xlog:disable -javaagent:c:\Users\denis\.antigravity\extensions\redhat.java-1.49.0-win32-x64\lombok\lombok-1.18.39-4050.jar -XX:+HeapDumpOnOutOfMemoryError -XX:HeapDumpPath=c:\Users\denis\AppData\Roaming\Antigravity\User\workspaceStorage\c5ec95d13aa44414d6a41f76a6ab393b\redhat.java -Daether.dependencyCollector.impl=bf c:\Users\denis\.antigravity\extensions\redhat.java-1.49.0-win32-x64\server\plugins\org.eclipse.equinox.launcher_1.7.100.v20251111-0406.jar -configuration c:\Users\denis\AppData\Roaming\Antigravity\User\globalStorage\redhat.java\1.49.0\config_win -data c:\Users\denis\AppData\Roaming\Antigravity\User\workspaceStorage\c5ec95d13aa44414d6a41f76a6ab393b\redhat.java\jdt_ws --pipe=\\.\pipe\lsp-0bb8a19fe0a5a1f0ca329d7ebf9884cc-sock

Host: 13th Gen Intel(R) Core(TM) i5-13420H, 12 cores, 31G,  Windows 11 , 64 bit Build 22621 (10.0.22621.5415)
Time: Mon Mar 30 23:31:56 2026 GMT Daylight Time elapsed time: 13127.127431 seconds (0d 3h 38m 47s)

---------------  T H R E A D  ---------------

Current thread (0x000001b4968a2880):  JavaThread "Attach Listener" daemon [_thread_in_vm, id=5624, stack(0x00000014a6b00000,0x00000014a6c00000) (1024K)]

Stack: [0x00000014a6b00000,0x00000014a6c00000]
Native frames: (J=compiled Java code, j=interpreted, Vv=VM code, C=native code)
V  [jvm.dll+0x6d6e29]
V  [jvm.dll+0x8b4b76]
V  [jvm.dll+0x8b712e]
V  [jvm.dll+0x8b7813]
V  [jvm.dll+0x283d86]
V  [jvm.dll+0xc1277]
V  [jvm.dll+0x6d76d9]
V  [jvm.dll+0x133466]
V  [jvm.dll+0x3f7ea6]
V  [jvm.dll+0x85e9ad]
V  [jvm.dll+0x6d565d]
C  [ucrtbase.dll+0x29333]
C  [KERNEL32.DLL+0x1259d]
C  [ntdll.dll+0x5af78]


---------------  P R O C E S S  ---------------

Threads class SMR info:
_java_thread_list=0x000001b4f87d26e0, length=39, elements={
0x000001b49452c520, 0x000001b4967aae00, 0x000001b4967ac660, 0x000001b4967ae900,
0x000001b4968a2880, 0x000001b4968a4640, 0x000001b4968a5290, 0x000001b4968a80d0,
0x000001b4ef5cbc30, 0x000001b4ef7500c0, 0x000001b4ef82e230, 0x000001b4f0b0db40,
0x000001b4f0697980, 0x000001b4f099dd40, 0x000001b4f099e770, 0x000001b4f53927c0,
0x000001b4f0c00500, 0x000001b4f5690a00, 0x000001b4f5594660, 0x000001b4f0cb4bc0,
0x000001b4f0cb5f70, 0x000001b4f0cb58e0, 0x000001b4f8f85890, 0x000001b4f8f84b70,
0x000001b4f8f809d0, 0x000001b4f8f82aa0, 0x000001b4f8f837c0, 0x000001b4f8f83e50,
0x000001b4f8f81d80, 0x000001b4f8f85f20, 0x000001b4f8f844e0, 0x000001b4f8f83130,
0x000001b4f8f7fcb0, 0x000001b4f8f80340, 0x000001b4f8f85200, 0x000001b4f8f81060,
0x000001b4f8f7ef90, 0x000001b4f8f865b0, 0x000001b4f59dac50
}

Java Threads: ( => current thread )
  0x000001b49452c520 JavaThread "main"                              [_thread_blocked, id=24944, stack(0x00000014a6400000,0x00000014a6500000) (1024K)]
  0x000001b4967aae00 JavaThread "Reference Handler"          daemon [_thread_blocked, id=12072, stack(0x00000014a6800000,0x00000014a6900000) (1024K)]
  0x000001b4967ac660 JavaThread "Finalizer"                  daemon [_thread_blocked, id=25328, stack(0x00000014a6900000,0x00000014a6a00000) (1024K)]
  0x000001b4967ae900 JavaThread "Signal Dispatcher"          daemon [_thread_blocked, id=25216, stack(0x00000014a6a00000,0x00000014a6b00000) (1024K)]
=>0x000001b4968a2880 JavaThread "Attach Listener"            daemon [_thread_in_vm, id=5624, stack(0x00000014a6b00000,0x00000014a6c00000) (1024K)]
  0x000001b4968a4640 JavaThread "Service Thread"             daemon [_thread_blocked, id=12820, stack(0x00000014a6c00000,0x00000014a6d00000) (1024K)]
  0x000001b4968a5290 JavaThread "Monitor Deflation Thread"   daemon [_thread_blocked, id=27068, stack(0x00000014a6d00000,0x00000014a6e00000) (1024K)]
  0x000001b4968a80d0 JavaThread "C2 CompilerThread0"         daemon [_thread_blocked, id=27080, stack(0x00000014a6e00000,0x00000014a6f00000) (1024K)]
  0x000001b4ef5cbc30 JavaThread "C1 CompilerThread0"         daemon [_thread_blocked, id=26752, stack(0x00000014a6f00000,0x00000014a7000000) (1024K)]
  0x000001b4ef7500c0 JavaThread "Common-Cleaner"             daemon [_thread_blocked, id=25164, stack(0x00000014a7100000,0x00000014a7200000) (1024K)]
  0x000001b4ef82e230 JavaThread "Notification Thread"        daemon [_thread_blocked, id=27576, stack(0x00000014a7200000,0x00000014a7300000) (1024K)]
  0x000001b4f0b0db40 JavaThread "Active Thread: Equinox Container: 1effaaa3-b736-4f4c-aa26-1482dbd6226c"        [_thread_blocked, id=26000, stack(0x00000014a7a00000,0x00000014a7b00000) (1024K)]
  0x000001b4f0697980 JavaThread "Refresh Thread: Equinox Container: 1effaaa3-b736-4f4c-aa26-1482dbd6226c" daemon [_thread_blocked, id=28208, stack(0x00000014a7b00000,0x00000014a7c00000) (1024K)]
  0x000001b4f099dd40 JavaThread "Framework Event Dispatcher: Equinox Container: 1effaaa3-b736-4f4c-aa26-1482dbd6226c" daemon [_thread_blocked, id=13932, stack(0x00000014a7d00000,0x00000014a7e00000) (1024K)]
  0x000001b4f099e770 JavaThread "Start Level: Equinox Container: 1effaaa3-b736-4f4c-aa26-1482dbd6226c" daemon [_thread_blocked, id=9268, stack(0x00000014a7e00000,0x00000014a7f00000) (1024K)]
  0x000001b4f53927c0 JavaThread "Bundle File Closer"         daemon [_thread_blocked, id=4888, stack(0x00000014a8100000,0x00000014a8200000) (1024K)]
  0x000001b4f0c00500 JavaThread "SCR Component Actor"        daemon [_thread_blocked, id=18764, stack(0x00000014a8200000,0x00000014a8300000) (1024K)]
  0x000001b4f5690a00 JavaThread "Worker-JM"                         [_thread_blocked, id=28352, stack(0x00000014a8300000,0x00000014a8400000) (1024K)]
  0x000001b4f5594660 JavaThread "JNA Cleaner"                daemon [_thread_blocked, id=22436, stack(0x00000014a8400000,0x00000014a8500000) (1024K)]
  0x000001b4f0cb4bc0 JavaThread "Worker-0"                          [_thread_blocked, id=14692, stack(0x00000014a8500000,0x00000014a8600000) (1024K)]
  0x000001b4f0cb5f70 JavaThread "Java indexing"              daemon [_thread_blocked, id=20396, stack(0x00000014a8700000,0x00000014a8800000) (1024K)]
  0x000001b4f0cb58e0 JavaThread "Worker-3"                          [_thread_blocked, id=1936, stack(0x00000014a8b00000,0x00000014a8c00000) (1024K)]
  0x000001b4f8f85890 JavaThread "Thread-1"                   daemon [_thread_in_native, id=12628, stack(0x00000014a8c00000,0x00000014a8d00000) (1024K)]
  0x000001b4f8f84b70 JavaThread "Thread-2"                   daemon [_thread_in_native, id=24580, stack(0x00000014a8d00000,0x00000014a8e00000) (1024K)]
  0x000001b4f8f809d0 JavaThread "Thread-3"                   daemon [_thread_in_native, id=13592, stack(0x00000014a8e00000,0x00000014a8f00000) (1024K)]
  0x000001b4f8f82aa0 JavaThread "Thread-4"                   daemon [_thread_in_native, id=28528, stack(0x00000014a8f00000,0x00000014a9000000) (1024K)]
  0x000001b4f8f837c0 JavaThread "Thread-5"                   daemon [_thread_in_native, id=15312, stack(0x00000014a9000000,0x00000014a9100000) (1024K)]
  0x000001b4f8f83e50 JavaThread "Thread-6"                   daemon [_thread_in_native, id=27644, stack(0x00000014a9100000,0x00000014a9200000) (1024K)]
  0x000001b4f8f81d80 JavaThread "Thread-7"                   daemon [_thread_in_native, id=22844, stack(0x00000014a9200000,0x00000014a9300000) (1024K)]
  0x000001b4f8f85f20 JavaThread "Thread-8"                   daemon [_thread_in_native, id=24792, stack(0x00000014a9300000,0x00000014a9400000) (1024K)]
  0x000001b4f8f844e0 JavaThread "Thread-9"                   daemon [_thread_in_native, id=6072, stack(0x00000014a9400000,0x00000014a9500000) (1024K)]
  0x000001b4f8f83130 JavaThread "Thread-10"                  daemon [_thread_in_native, id=9756, stack(0x00000014a9500000,0x00000014a9600000) (1024K)]
  0x000001b4f8f7fcb0 JavaThread "Thread-11"                  daemon [_thread_in_native, id=19948, stack(0x00000014a9600000,0x00000014a9700000) (1024K)]
  0x000001b4f8f80340 JavaThread "Thread-12"                  daemon [_thread_in_native, id=25620, stack(0x00000014a9700000,0x00000014a9800000) (1024K)]
  0x000001b4f8f85200 JavaThread "Thread-13"                  daemon [_thread_in_native, id=26068, stack(0x00000014a9800000,0x00000014a9900000) (1024K)]
  0x000001b4f8f81060 JavaThread "pool-2-thread-1"                   [_thread_blocked, id=26104, stack(0x00000014a9900000,0x00000014a9a00000) (1024K)]
  0x000001b4f8f7ef90 JavaThread "WorkspaceEventsHandler"            [_thread_blocked, id=28416, stack(0x00000014a9a00000,0x00000014a9b00000) (1024K)]
  0x000001b4f8f865b0 JavaThread "pool-1-thread-1"                   [_thread_blocked, id=5308, stack(0x00000014a9b00000,0x00000014a9c00000) (1024K)]
  0x000001b4f59dac50 JavaThread "Timer-0"                           [_thread_blocked, id=28900, stack(0x00000014aa700000,0x00000014aa800000) (1024K)]
Total: 39

Other Threads:
  0x000001b4ef571170 VMThread "VM Thread"                           [id=27084, stack(0x00000014a6700000,0x00000014a6800000) (1024K)]
  0x000001b49668ca00 WatcherThread "VM Periodic Task Thread"        [id=17172, stack(0x00000014a6600000,0x00000014a6700000) (1024K)]
  0x000001b496820fd0 WorkerThread "GC Thread#0"                     [id=20956, stack(0x00000014a6500000,0x00000014a6600000) (1024K)]
  0x000001b4f0a09d80 WorkerThread "GC Thread#1"                     [id=26440, stack(0x00000014a7400000,0x00000014a7500000) (1024K)]
  0x000001b4f0a8a3e0 WorkerThread "GC Thread#2"                     [id=15396, stack(0x00000014a7500000,0x00000014a7600000) (1024K)]
  0x000001b4f0a8a780 WorkerThread "GC Thread#3"                     [id=23412, stack(0x00000014a7600000,0x00000014a7700000) (1024K)]
  0x000001b4f0a8ab20 WorkerThread "GC Thread#4"                     [id=8720, stack(0x00000014a7700000,0x00000014a7800000) (1024K)]
  0x000001b4f0a8aec0 WorkerThread "GC Thread#5"                     [id=20016, stack(0x00000014a7800000,0x00000014a7900000) (1024K)]
  0x000001b4f0a8b260 WorkerThread "GC Thread#6"                     [id=26436, stack(0x00000014a7900000,0x00000014a7a00000) (1024K)]
  0x000001b4f0699090 WorkerThread "GC Thread#7"                     [id=28172, stack(0x00000014a7c00000,0x00000014a7d00000) (1024K)]
  0x000001b4f5009390 WorkerThread "GC Thread#8"                     [id=15132, stack(0x00000014a7f00000,0x00000014a8000000) (1024K)]
  0x000001b4f5009730 WorkerThread "GC Thread#9"                     [id=18784, stack(0x00000014a8000000,0x00000014a8100000) (1024K)]
Total: 12

Threads with active compile tasks:
Total: 0

VM state: not at safepoint (normal execution)

VM Mutex/Monitor currently owned by a thread: None

Heap address: 0x0000000080000000, size: 2048 MB, Compressed Oops mode: 32-bit

CDS archive(s) mapped at: [0x000001b4ae000000-0x000001b4aeba0000-0x000001b4aeba0000), size 12189696, SharedBaseAddress: 0x000001b4ae000000, ArchiveRelocationMode: 1.
Compressed class space mapped at: 0x000001b4af000000-0x000001b4ef000000, reserved size: 1073741824
Narrow klass base: 0x000001b4ae000000, Narrow klass shift: 0, Narrow klass range: 0x100000000

GC Precious Log:
 CardTable entry size: 512
 CPUs: 12 total, 12 available
 Memory: 32471M
 Large Page Support: Disabled
 NUMA Support: Disabled
 Compressed Oops: Enabled (32-bit)
 Alignments: Space 512K, Generation 512K, Heap 2M
 Heap Min Capacity: 100M
 Heap Initial Capacity: 100M
 Heap Max Capacity: 2G
 Pre-touch: Disabled
 Parallel Workers: 10

Heap:
 PSYoungGen      total 18432K, used 11020K [0x00000000d5580000, 0x00000000d6880000, 0x0000000100000000)
  eden space 17920K, 59% used [0x00000000d5580000,0x00000000d5ffb2b0,0x00000000d6700000)
  from space 512K, 56% used [0x00000000d6800000,0x00000000d6848000,0x00000000d6880000)
  to   space 512K, 0% used [0x00000000d6780000,0x00000000d6780000,0x00000000d6800000)
 ParOldGen       total 116736K, used 116564K [0x0000000080000000, 0x0000000087200000, 0x00000000d5580000)
  object space 116736K, 99% used [0x0000000080000000,0x00000000871d5080,0x0000000087200000)
 Metaspace       used 65060K, committed 66496K, reserved 1114112K
  class space    used 7487K, committed 8128K, reserved 1048576K

Card table byte_map: [0x000001b4961a0000,0x000001b4965b0000] _byte_map_base: 0x000001b495da0000

Marking Bits: (ParMarkBitMap*) 0x00007ffb09b12460
 Begin Bits: [0x000001b4a8cb0000, 0x000001b4aacb0000)
 End Bits:   [0x000001b4aacb0000, 0x000001b4accb0000)

Polling page: 0x000001b4944e0000

Metaspace:

Usage:
  Non-class:     56.22 MB used.
      Class:      7.31 MB used.
       Both:     63.54 MB used.

Virtual space:
  Non-class space:       64.00 MB reserved,      57.00 MB ( 89%) committed,  1 nodes.
      Class space:        1.00 GB reserved,       7.94 MB ( <1%) committed,  1 nodes.
             Both:        1.06 GB reserved,      64.94 MB (  6%) committed. 

Chunk freelists:
   Non-Class:  6.14 MB
       Class:  7.90 MB
        Both:  14.04 MB

MaxMetaspaceSize: unlimited
CompressedClassSpaceSize: 1.00 GB
Initial GC threshold: 21.00 MB
Current GC threshold: 97.31 MB
CDS: on
 - commit_granule_bytes: 65536.
 - commit_granule_words: 8192.
 - virtual_space_node_default_size: 8388608.
 - enlarge_chunks_in_place: 1.
 - use_allocation_guard: 0.


Internal statistics:

num_allocs_failed_limit: 9.
num_arena_births: 1154.
num_arena_deaths: 14.
num_vsnodes_births: 2.
num_vsnodes_deaths: 0.
num_space_committed: 1039.
num_space_uncommitted: 0.
num_chunks_returned_to_freelist: 23.
num_chunks_taken_from_freelist: 3851.
num_chunk_merges: 10.
num_chunk_splits: 2444.
num_chunks_enlarged: 1506.
num_inconsistent_stats: 0.

CodeHeap 'non-profiled nmethods': size=120000Kb used=7617Kb max_used=7617Kb free=112382Kb
 bounds [0x000001b4a14d0000, 0x000001b4a1c50000, 0x000001b4a8a00000]
CodeHeap 'profiled nmethods': size=120000Kb used=21648Kb max_used=21648Kb free=98351Kb
 bounds [0x000001b499a00000, 0x000001b49af30000, 0x000001b4a0f30000]
CodeHeap 'non-nmethods': size=5760Kb used=1435Kb max_used=1492Kb free=4324Kb
 bounds [0x000001b4a0f30000, 0x000001b4a11a0000, 0x000001b4a14d0000]
CodeCache: size=245760Kb, used=30700Kb, max_used=30757Kb, free=215057Kb
 total_blobs=11032, nmethods=10294, adapters=643, full_count=0
Compilation: enabled, stopped_count=0, restarted_count=0

Compilation events (20 events):
Event: 10203.037 Thread 0x000001b4ef5cbc30 11145   !   3       java.security.SecureRandom::nextBytes (46 bytes)
Event: 10203.038 Thread 0x000001b4ef5cbc30 nmethod 11145 0x000001b49af18390 code [0x000001b49af185a0, 0x000001b49af18ab0]
Event: 10203.038 Thread 0x000001b4ef5cbc30 11146       3       sun.security.provider.DRBG::engineNextBytes (9 bytes)
Event: 10203.038 Thread 0x000001b4ef5cbc30 nmethod 11146 0x000001b49af18d90 code [0x000001b49af18f40, 0x000001b49af19080]
Event: 10802.987 Thread 0x000001b4968a80d0 11147       4       java.util.concurrent.locks.AbstractQueuedSynchronizer$ConditionObject::canReacquire (38 bytes)
Event: 10802.989 Thread 0x000001b4968a80d0 nmethod 11147 0x000001b4a1c3f790 code [0x000001b4a1c3f920, 0x000001b4a1c3fa00]
Event: 11103.089 Thread 0x000001b4ef5cbc30 11148       1       org.eclipse.core.internal.jobs.InternalJob::getPriority (5 bytes)
Event: 11103.089 Thread 0x000001b4ef5cbc30 nmethod 11148 0x000001b4a1c3fb10 code [0x000001b4a1c3fca0, 0x000001b4a1c3fd68]
Event: 11523.081 Thread 0x000001b4ef5cbc30 11149   !   3       org.eclipse.osgi.storage.Storage::save0 (246 bytes)
Event: 11523.093 Thread 0x000001b4ef5cbc30 nmethod 11149 0x000001b49af19190 code [0x000001b49af196a0, 0x000001b49af1c288]
Event: 11859.981 Thread 0x000001b4ef5cbc30 11150       3       org.eclipse.lsp4j.jsonrpc.json.adapters.MessageTypeAdapter::isNull (17 bytes)
Event: 11859.982 Thread 0x000001b4ef5cbc30 nmethod 11150 0x000001b49af1d810 code [0x000001b49af1d9c0, 0x000001b49af1dc40]
Event: 12242.276 Thread 0x000001b4ef5cbc30 11151   !   3       org.eclipse.jdt.ls.core.internal.JDTUtils::getFakeCompilationUnit (329 bytes)
Event: 12242.300 Thread 0x000001b4ef5cbc30 nmethod 11151 0x000001b49af1dd10 code [0x000001b49af1e4c0, 0x000001b49af22228]
Event: 12649.621 Thread 0x000001b4968a80d0 11152       4       java.util.concurrent.locks.AbstractQueuedSynchronizer$Node::getAndUnsetStatus (14 bytes)
Event: 12649.622 Thread 0x000001b4968a80d0 nmethod 11152 0x000001b4a1c3fe10 code [0x000001b4a1c3ffa0, 0x000001b4a1c40070]
Event: 12903.146 Thread 0x000001b4ef5cbc30 11153       3       org.eclipse.jdt.ls.core.internal.CancellableProgressMonitor::<init> (10 bytes)
Event: 12903.147 Thread 0x000001b4ef5cbc30 nmethod 11153 0x000001b49af23d90 code [0x000001b49af23f40, 0x000001b49af24130]
Event: 12919.716 Thread 0x000001b4968a80d0 11154       4       java.util.concurrent.ScheduledThreadPoolExecutor::canRunInCurrentRunState (61 bytes)
Event: 12919.723 Thread 0x000001b4968a80d0 nmethod 11154 0x000001b4a1c40110 code [0x000001b4a1c402a0, 0x000001b4a1c40368]

GC Heap History (20 events):
Event: 12.291 GC heap before
{Heap before GC invocations=66 (full 3):
 PSYoungGen      total 20480K, used 20354K [0x00000000d5580000, 0x00000000d6b80000, 0x0000000100000000)
  eden space 18944K, 100% used [0x00000000d5580000,0x00000000d6800000,0x00000000d6800000)
  from space 1536K, 91% used [0x00000000d6a00000,0x00000000d6b608e0,0x00000000d6b80000)
  to   space 1536K, 0% used [0x00000000d6880000,0x00000000d6880000,0x00000000d6a00000)
 ParOldGen       total 108544K, used 108052K [0x0000000080000000, 0x0000000086a00000, 0x00000000d5580000)
  object space 108544K, 99% used [0x0000000080000000,0x0000000086985008,0x0000000086a00000)
 Metaspace       used 64242K, committed 65664K, reserved 1114112K
  class space    used 7453K, committed 8128K, reserved 1048576K
}
Event: 12.293 GC heap after
{Heap after GC invocations=66 (full 3):
 PSYoungGen      total 20480K, used 1344K [0x00000000d5580000, 0x00000000d6b00000, 0x0000000100000000)
  eden space 18944K, 0% used [0x00000000d5580000,0x00000000d5580000,0x00000000d6800000)
  from space 1536K, 87% used [0x00000000d6880000,0x00000000d69d0000,0x00000000d6a00000)
  to   space 1024K, 0% used [0x00000000d6a00000,0x00000000d6a00000,0x00000000d6b00000)
 ParOldGen       total 109568K, used 109278K [0x0000000080000000, 0x0000000086b00000, 0x00000000d5580000)
  object space 109568K, 99% used [0x0000000080000000,0x0000000086ab7af8,0x0000000086b00000)
 Metaspace       used 64242K, committed 65664K, reserved 1114112K
  class space    used 7453K, committed 8128K, reserved 1048576K
}
Event: 12.320 GC heap before
{Heap before GC invocations=67 (full 3):
 PSYoungGen      total 20480K, used 20288K [0x00000000d5580000, 0x00000000d6b00000, 0x0000000100000000)
  eden space 18944K, 100% used [0x00000000d5580000,0x00000000d6800000,0x00000000d6800000)
  from space 1536K, 87% used [0x00000000d6880000,0x00000000d69d0000,0x00000000d6a00000)
  to   space 1024K, 0% used [0x00000000d6a00000,0x00000000d6a00000,0x00000000d6b00000)
 ParOldGen       total 109568K, used 109278K [0x0000000080000000, 0x0000000086b00000, 0x00000000d5580000)
  object space 109568K, 99% used [0x0000000080000000,0x0000000086ab7af8,0x0000000086b00000)
 Metaspace       used 64264K, committed 65728K, reserved 1114112K
  class space    used 7455K, committed 8128K, reserved 1048576K
}
Event: 12.323 GC heap after
{Heap after GC invocations=67 (full 3):
 PSYoungGen      total 18944K, used 992K [0x00000000d5580000, 0x00000000d6e00000, 0x0000000100000000)
  eden space 17920K, 0% used [0x00000000d5580000,0x00000000d5580000,0x00000000d6700000)
  from space 1024K, 96% used [0x00000000d6a00000,0x00000000d6af8010,0x00000000d6b00000)
  to   space 3072K, 0% used [0x00000000d6700000,0x00000000d6700000,0x00000000d6a00000)
 ParOldGen       total 111104K, used 111006K [0x0000000080000000, 0x0000000086c80000, 0x00000000d5580000)
  object space 111104K, 99% used [0x0000000080000000,0x0000000086c67b08,0x0000000086c80000)
 Metaspace       used 64264K, committed 65728K, reserved 1114112K
  class space    used 7455K, committed 8128K, reserved 1048576K
}
Event: 12.343 GC heap before
{Heap before GC invocations=68 (full 3):
 PSYoungGen      total 18944K, used 18912K [0x00000000d5580000, 0x00000000d6e00000, 0x0000000100000000)
  eden space 17920K, 100% used [0x00000000d5580000,0x00000000d6700000,0x00000000d6700000)
  from space 1024K, 96% used [0x00000000d6a00000,0x00000000d6af8010,0x00000000d6b00000)
  to   space 3072K, 0% used [0x00000000d6700000,0x00000000d6700000,0x00000000d6a00000)
 ParOldGen       total 111104K, used 111006K [0x0000000080000000, 0x0000000086c80000, 0x00000000d5580000)
  object space 111104K, 99% used [0x0000000080000000,0x0000000086c67b08,0x0000000086c80000)
 Metaspace       used 64281K, committed 65728K, reserved 1114112K
  class space    used 7455K, committed 8128K, reserved 1048576K
}
Event: 12.345 GC heap after
{Heap after GC invocations=68 (full 3):
 PSYoungGen      total 19968K, used 1856K [0x00000000d5580000, 0x00000000d6c00000, 0x0000000100000000)
  eden space 17920K, 0% used [0x00000000d5580000,0x00000000d5580000,0x00000000d6700000)
  from space 2048K, 90% used [0x00000000d6700000,0x00000000d68d0310,0x00000000d6900000)
  to   space 2560K, 0% used [0x00000000d6980000,0x00000000d6980000,0x00000000d6c00000)
 ParOldGen       total 112128K, used 112006K [0x0000000080000000, 0x0000000086d80000, 0x00000000d5580000)
  object space 112128K, 99% used [0x0000000080000000,0x0000000086d61b18,0x0000000086d80000)
 Metaspace       used 64281K, committed 65728K, reserved 1114112K
  class space    used 7455K, committed 8128K, reserved 1048576K
}
Event: 12.382 GC heap before
{Heap before GC invocations=69 (full 3):
 PSYoungGen      total 19968K, used 19776K [0x00000000d5580000, 0x00000000d6c00000, 0x0000000100000000)
  eden space 17920K, 100% used [0x00000000d5580000,0x00000000d6700000,0x00000000d6700000)
  from space 2048K, 90% used [0x00000000d6700000,0x00000000d68d0310,0x00000000d6900000)
  to   space 2560K, 0% used [0x00000000d6980000,0x00000000d6980000,0x00000000d6c00000)
 ParOldGen       total 112128K, used 112006K [0x0000000080000000, 0x0000000086d80000, 0x00000000d5580000)
  object space 112128K, 99% used [0x0000000080000000,0x0000000086d61b18,0x0000000086d80000)
 Metaspace       used 64303K, committed 65792K, reserved 1114112K
  class space    used 7455K, committed 8128K, reserved 1048576K
}
Event: 12.383 GC heap after
{Heap after GC invocations=69 (full 3):
 PSYoungGen      total 19968K, used 1960K [0x00000000d5580000, 0x00000000d6b80000, 0x0000000100000000)
  eden space 17920K, 0% used [0x00000000d5580000,0x00000000d5580000,0x00000000d6700000)
  from space 2048K, 95% used [0x00000000d6980000,0x00000000d6b6a000,0x00000000d6b80000)
  to   space 2048K, 0% used [0x00000000d6700000,0x00000000d6700000,0x00000000d6900000)
 ParOldGen       total 113664K, used 113326K [0x0000000080000000, 0x0000000086f00000, 0x00000000d5580000)
  object space 113664K, 99% used [0x0000000080000000,0x0000000086eabb18,0x0000000086f00000)
 Metaspace       used 64303K, committed 65792K, reserved 1114112K
  class space    used 7455K, committed 8128K, reserved 1048576K
}
Event: 12.647 GC heap before
{Heap before GC invocations=70 (full 3):
 PSYoungGen      total 19968K, used 19875K [0x00000000d5580000, 0x00000000d6b80000, 0x0000000100000000)
  eden space 17920K, 99% used [0x00000000d5580000,0x00000000d66fec50,0x00000000d6700000)
  from space 2048K, 95% used [0x00000000d6980000,0x00000000d6b6a000,0x00000000d6b80000)
  to   space 2048K, 0% used [0x00000000d6700000,0x00000000d6700000,0x00000000d6900000)
 ParOldGen       total 113664K, used 113326K [0x0000000080000000, 0x0000000086f00000, 0x00000000d5580000)
  object space 113664K, 99% used [0x0000000080000000,0x0000000086eabb18,0x0000000086f00000)
 Metaspace       used 64404K, committed 65856K, reserved 1114112K
  class space    used 7460K, committed 8128K, reserved 1048576K
}
Event: 12.648 GC heap after
{Heap after GC invocations=70 (full 3):
 PSYoungGen      total 18944K, used 1008K [0x00000000d5580000, 0x00000000d6a00000, 0x0000000100000000)
  eden space 17920K, 0% used [0x00000000d5580000,0x00000000d5580000,0x00000000d6700000)
  from space 1024K, 98% used [0x00000000d6700000,0x00000000d67fc010,0x00000000d6800000)
  to   space 1536K, 0% used [0x00000000d6880000,0x00000000d6880000,0x00000000d6a00000)
 ParOldGen       total 115200K, used 115038K [0x0000000080000000, 0x0000000087080000, 0x00000000d5580000)
  object space 115200K, 99% used [0x0000000080000000,0x0000000087057b18,0x0000000087080000)
 Metaspace       used 64404K, committed 65856K, reserved 1114112K
  class space    used 7460K, committed 8128K, reserved 1048576K
}
Event: 12.957 GC heap before
{Heap before GC invocations=71 (full 3):
 PSYoungGen      total 18944K, used 18928K [0x00000000d5580000, 0x00000000d6a00000, 0x0000000100000000)
  eden space 17920K, 100% used [0x00000000d5580000,0x00000000d6700000,0x00000000d6700000)
  from space 1024K, 98% used [0x00000000d6700000,0x00000000d67fc010,0x00000000d6800000)
  to   space 1536K, 0% used [0x00000000d6880000,0x00000000d6880000,0x00000000d6a00000)
 ParOldGen       total 115200K, used 115038K [0x0000000080000000, 0x0000000087080000, 0x00000000d5580000)
  object space 115200K, 99% used [0x0000000080000000,0x0000000087057b18,0x0000000087080000)
 Metaspace       used 64538K, committed 65984K, reserved 1114112K
  class space    used 7462K, committed 8128K, reserved 1048576K
}
Event: 12.957 GC heap after
{Heap after GC invocations=71 (full 3):
 PSYoungGen      total 18432K, used 224K [0x00000000d5580000, 0x00000000d6900000, 0x0000000100000000)
  eden space 17920K, 0% used [0x00000000d5580000,0x00000000d5580000,0x00000000d6700000)
  from space 512K, 43% used [0x00000000d6880000,0x00000000d68b8000,0x00000000d6900000)
  to   space 1024K, 0% used [0x00000000d6700000,0x00000000d6700000,0x00000000d6800000)
 ParOldGen       total 116224K, used 115814K [0x0000000080000000, 0x0000000087180000, 0x00000000d5580000)
  object space 116224K, 99% used [0x0000000080000000,0x0000000087119b38,0x0000000087180000)
 Metaspace       used 64538K, committed 65984K, reserved 1114112K
  class space    used 7462K, committed 8128K, reserved 1048576K
}
Event: 2676.028 GC heap before
{Heap before GC invocations=72 (full 3):
 PSYoungGen      total 18432K, used 18143K [0x00000000d5580000, 0x00000000d6900000, 0x0000000100000000)
  eden space 17920K, 99% used [0x00000000d5580000,0x00000000d66ffff0,0x00000000d6700000)
  from space 512K, 43% used [0x00000000d6880000,0x00000000d68b8000,0x00000000d6900000)
  to   space 1024K, 0% used [0x00000000d6700000,0x00000000d6700000,0x00000000d6800000)
 ParOldGen       total 116224K, used 115814K [0x0000000080000000, 0x0000000087180000, 0x00000000d5580000)
  object space 116224K, 99% used [0x0000000080000000,0x0000000087119b38,0x0000000087180000)
 Metaspace       used 64921K, committed 66432K, reserved 1114112K
  class space    used 7485K, committed 8128K, reserved 1048576K
}
Event: 2676.029 GC heap after
{Heap after GC invocations=72 (full 3):
 PSYoungGen      total 18944K, used 768K [0x00000000d5580000, 0x00000000d6900000, 0x0000000100000000)
  eden space 17920K, 0% used [0x00000000d5580000,0x00000000d5580000,0x00000000d6700000)
  from space 1024K, 75% used [0x00000000d6700000,0x00000000d67c0000,0x00000000d6800000)
  to   space 1024K, 0% used [0x00000000d6800000,0x00000000d6800000,0x00000000d6900000)
 ParOldGen       total 116224K, used 115870K [0x0000000080000000, 0x0000000087180000, 0x00000000d5580000)
  object space 116224K, 99% used [0x0000000080000000,0x0000000087127b38,0x0000000087180000)
 Metaspace       used 64921K, committed 66432K, reserved 1114112K
  class space    used 7485K, committed 8128K, reserved 1048576K
}
Event: 2695.461 GC heap before
{Heap before GC invocations=73 (full 3):
 PSYoungGen      total 18944K, used 18688K [0x00000000d5580000, 0x00000000d6900000, 0x0000000100000000)
  eden space 17920K, 100% used [0x00000000d5580000,0x00000000d6700000,0x00000000d6700000)
  from space 1024K, 75% used [0x00000000d6700000,0x00000000d67c0000,0x00000000d6800000)
  to   space 1024K, 0% used [0x00000000d6800000,0x00000000d6800000,0x00000000d6900000)
 ParOldGen       total 116224K, used 115870K [0x0000000080000000, 0x0000000087180000, 0x00000000d5580000)
  object space 116224K, 99% used [0x0000000080000000,0x0000000087127b38,0x0000000087180000)
 Metaspace       used 64938K, committed 66432K, reserved 1114112K
  class space    used 7487K, committed 8128K, reserved 1048576K
}
Event: 2695.462 GC heap after
{Heap after GC invocations=73 (full 3):
 PSYoungGen      total 18432K, used 224K [0x00000000d5580000, 0x00000000d6880000, 0x0000000100000000)
  eden space 17920K, 0% used [0x00000000d5580000,0x00000000d5580000,0x00000000d6700000)
  from space 512K, 43% used [0x00000000d6800000,0x00000000d6838000,0x00000000d6880000)
  to   space 512K, 0% used [0x00000000d6780000,0x00000000d6780000,0x00000000d6800000)
 ParOldGen       total 116736K, used 116500K [0x0000000080000000, 0x0000000087200000, 0x00000000d5580000)
  object space 116736K, 99% used [0x0000000080000000,0x00000000871c5080,0x0000000087200000)
 Metaspace       used 64938K, committed 66432K, reserved 1114112K
  class space    used 7487K, committed 8128K, reserved 1048576K
}
Event: 2876.283 GC heap before
{Heap before GC invocations=74 (full 3):
 PSYoungGen      total 18432K, used 18144K [0x00000000d5580000, 0x00000000d6880000, 0x0000000100000000)
  eden space 17920K, 100% used [0x00000000d5580000,0x00000000d6700000,0x00000000d6700000)
  from space 512K, 43% used [0x00000000d6800000,0x00000000d6838000,0x00000000d6880000)
  to   space 512K, 0% used [0x00000000d6780000,0x00000000d6780000,0x00000000d6800000)
 ParOldGen       total 116736K, used 116500K [0x0000000080000000, 0x0000000087200000, 0x00000000d5580000)
  object space 116736K, 99% used [0x0000000080000000,0x00000000871c5080,0x0000000087200000)
 Metaspace       used 64948K, committed 66432K, reserved 1114112K
  class space    used 7487K, committed 8128K, reserved 1048576K
}
Event: 2876.284 GC heap after
{Heap after GC invocations=74 (full 3):
 PSYoungGen      total 18432K, used 256K [0x00000000d5580000, 0x00000000d6880000, 0x0000000100000000)
  eden space 17920K, 0% used [0x00000000d5580000,0x00000000d5580000,0x00000000d6700000)
  from space 512K, 50% used [0x00000000d6780000,0x00000000d67c0000,0x00000000d6800000)
  to   space 512K, 0% used [0x00000000d6800000,0x00000000d6800000,0x00000000d6880000)
 ParOldGen       total 116736K, used 116556K [0x0000000080000000, 0x0000000087200000, 0x00000000d5580000)
  object space 116736K, 99% used [0x0000000080000000,0x00000000871d3080,0x0000000087200000)
 Metaspace       used 64948K, committed 66432K, reserved 1114112K
  class space    used 7487K, committed 8128K, reserved 1048576K
}
Event: 5765.128 GC heap before
{Heap before GC invocations=75 (full 3):
 PSYoungGen      total 18432K, used 18176K [0x00000000d5580000, 0x00000000d6880000, 0x0000000100000000)
  eden space 17920K, 100% used [0x00000000d5580000,0x00000000d6700000,0x00000000d6700000)
  from space 512K, 50% used [0x00000000d6780000,0x00000000d67c0000,0x00000000d6800000)
  to   space 512K, 0% used [0x00000000d6800000,0x00000000d6800000,0x00000000d6880000)
 ParOldGen       total 116736K, used 116556K [0x0000000080000000, 0x0000000087200000, 0x00000000d5580000)
  object space 116736K, 99% used [0x0000000080000000,0x00000000871d3080,0x0000000087200000)
 Metaspace       used 65008K, committed 66496K, reserved 1114112K
  class space    used 7487K, committed 8128K, reserved 1048576K
}
Event: 5765.132 GC heap after
{Heap after GC invocations=75 (full 3):
 PSYoungGen      total 18432K, used 288K [0x00000000d5580000, 0x00000000d6880000, 0x0000000100000000)
  eden space 17920K, 0% used [0x00000000d5580000,0x00000000d5580000,0x00000000d6700000)
  from space 512K, 56% used [0x00000000d6800000,0x00000000d6848000,0x00000000d6880000)
  to   space 512K, 0% used [0x00000000d6780000,0x00000000d6780000,0x00000000d6800000)
 ParOldGen       total 116736K, used 116564K [0x0000000080000000, 0x0000000087200000, 0x00000000d5580000)
  object space 116736K, 99% used [0x0000000080000000,0x00000000871d5080,0x0000000087200000)
 Metaspace       used 65008K, committed 66496K, reserved 1114112K
  class space    used 7487K, committed 8128K, reserved 1048576K
}

Dll operation events (15 events):
Event: 0.009 Loaded shared library c:\Users\denis\.antigravity\extensions\redhat.java-1.49.0-win32-x64\jre\21.0.9-win32-x86_64\bin\java.dll
Event: 0.036 Loaded shared library c:\Users\denis\.antigravity\extensions\redhat.java-1.49.0-win32-x64\jre\21.0.9-win32-x86_64\bin\zip.dll
Event: 0.112 Loaded shared library C:\Users\denis\.antigravity\extensions\redhat.java-1.49.0-win32-x64\jre\21.0.9-win32-x86_64\bin\instrument.dll
Event: 0.118 Loaded shared library C:\Users\denis\.antigravity\extensions\redhat.java-1.49.0-win32-x64\jre\21.0.9-win32-x86_64\bin\net.dll
Event: 0.121 Loaded shared library C:\Users\denis\.antigravity\extensions\redhat.java-1.49.0-win32-x64\jre\21.0.9-win32-x86_64\bin\nio.dll
Event: 0.127 Loaded shared library C:\Users\denis\.antigravity\extensions\redhat.java-1.49.0-win32-x64\jre\21.0.9-win32-x86_64\bin\zip.dll
Event: 0.155 Loaded shared library C:\Users\denis\.antigravity\extensions\redhat.java-1.49.0-win32-x64\jre\21.0.9-win32-x86_64\bin\jimage.dll
Event: 0.267 Loaded shared library c:\Users\denis\.antigravity\extensions\redhat.java-1.49.0-win32-x64\jre\21.0.9-win32-x86_64\bin\verify.dll
Event: 1.337 Loaded shared library C:\Users\denis\AppData\Roaming\Antigravity\User\globalStorage\redhat.java\1.49.0\config_win\org.eclipse.equinox.launcher\org.eclipse.equinox.launcher.win32.win32.x86_64_1.2.1400.v20250801-0854\eclipse_11916.dll
Event: 2.432 Loaded shared library C:\Users\denis\AppData\Local\Temp\jna-95470071\jna6041990837724114540.dll
Event: 8.183 Loaded shared library C:\Users\denis\.gradle\native\1def1411415f61bf3af743bc5b6707747c0891f09f0c88961ee8f79bc544acac\windows-amd64\native-platform.dll
Event: 9.462 Loaded shared library C:\Users\denis\.antigravity\extensions\redhat.java-1.49.0-win32-x64\jre\21.0.9-win32-x86_64\bin\management.dll
Event: 9.464 Loaded shared library C:\Users\denis\.antigravity\extensions\redhat.java-1.49.0-win32-x64\jre\21.0.9-win32-x86_64\bin\management_ext.dll
Event: 9.710 Loaded shared library C:\Users\denis\.antigravity\extensions\redhat.java-1.49.0-win32-x64\jre\21.0.9-win32-x86_64\bin\sunmscapi.dll
Event: 9.747 Loaded shared library C:\Users\denis\.antigravity\extensions\redhat.java-1.49.0-win32-x64\jre\21.0.9-win32-x86_64\bin\extnet.dll

Deoptimization events (20 events):
Event: 2695.384 Thread 0x000001b4f8f865b0 DEOPT PACKING pc=0x000001b4a1be07b8 sp=0x00000014a9bfe690
Event: 2695.384 Thread 0x000001b4f8f865b0 DEOPT UNPACKING pc=0x000001b4a0f83aa2 sp=0x00000014a9bfe670 mode 2
Event: 2695.413 Thread 0x000001b4f8f7ef90 DEOPT PACKING pc=0x000001b49ad6a933 sp=0x00000014a9aff030
Event: 2695.413 Thread 0x000001b4f8f7ef90 DEOPT UNPACKING pc=0x000001b4a0f84242 sp=0x00000014a9afe568 mode 0
Event: 2828.857 Thread 0x000001b4f8f865b0 Uncommon trap: trap_request=0xffffffbe fr.pc=0x000001b4a1bff7c8 relative=0x0000000000000848
Event: 2828.857 Thread 0x000001b4f8f865b0 Uncommon trap: reason=profile_predicate action=maybe_recompile pc=0x000001b4a1bff7c8 method=java.io.InputStream.read([BII)I @ 40 c2
Event: 2828.857 Thread 0x000001b4f8f865b0 DEOPT PACKING pc=0x000001b4a1bff7c8 sp=0x00000014a9bfe6b0
Event: 2828.857 Thread 0x000001b4f8f865b0 DEOPT UNPACKING pc=0x000001b4a0f83aa2 sp=0x00000014a9bfe660 mode 2
Event: 2876.257 Thread 0x000001b4f8f865b0 Uncommon trap: trap_request=0xffffffbe fr.pc=0x000001b4a1bff7c8 relative=0x0000000000000848
Event: 2876.257 Thread 0x000001b4f8f865b0 Uncommon trap: reason=profile_predicate action=maybe_recompile pc=0x000001b4a1bff7c8 method=java.io.InputStream.read([BII)I @ 40 c2
Event: 2876.257 Thread 0x000001b4f8f865b0 DEOPT PACKING pc=0x000001b4a1bff7c8 sp=0x00000014a9bfe6b0
Event: 2876.257 Thread 0x000001b4f8f865b0 DEOPT UNPACKING pc=0x000001b4a0f83aa2 sp=0x00000014a9bfe660 mode 2
Event: 2890.974 Thread 0x000001b4f8f7ef90 Uncommon trap: trap_request=0xffffffcc fr.pc=0x000001b4a1c13bc0 relative=0x0000000000000fe0
Event: 2890.974 Thread 0x000001b4f8f7ef90 Uncommon trap: reason=intrinsic_or_type_checked_inlining action=make_not_entrant pc=0x000001b4a1c13bc0 method=org.eclipse.core.internal.resources.WorkspaceRoot.getProjects(I)[Lorg/eclipse/core/resources/IProject; @ 8 c2
Event: 2890.974 Thread 0x000001b4f8f7ef90 DEOPT PACKING pc=0x000001b4a1c13bc0 sp=0x00000014a9aff090
Event: 2890.974 Thread 0x000001b4f8f7ef90 DEOPT UNPACKING pc=0x000001b4a0f83aa2 sp=0x00000014a9afefa0 mode 2
Event: 3002.904 Thread 0x000001b4f0cb58e0 DEOPT PACKING pc=0x000001b49a3195db sp=0x00000014a8bfe870
Event: 3002.904 Thread 0x000001b4f0cb58e0 DEOPT UNPACKING pc=0x000001b4a0f84242 sp=0x00000014a8bfdcf8 mode 0
Event: 3902.967 Thread 0x000001b4f0cb58e0 DEOPT PACKING pc=0x000001b49ae9b1ab sp=0x00000014a8bfeba0
Event: 3902.967 Thread 0x000001b4f0cb58e0 DEOPT UNPACKING pc=0x000001b4a0f84242 sp=0x00000014a8bfe010 mode 0

Classes loaded (20 events):
Event: 31.228 Loading class sun/util/locale/provider/TimeZoneNameProviderImpl done
Event: 31.228 Loading class sun/util/cldr/CLDRTimeZoneNameProviderImpl done
Event: 31.229 Loading class sun/util/locale/provider/BaseLocaleDataMetaInfo
Event: 31.229 Loading class sun/util/locale/provider/BaseLocaleDataMetaInfo done
Event: 31.230 Loading class sun/util/resources/cldr/TimeZoneNames
Event: 31.230 Loading class sun/util/resources/TimeZoneNamesBundle
Event: 31.231 Loading class sun/util/resources/OpenListResourceBundle
Event: 31.231 Loading class sun/util/resources/OpenListResourceBundle done
Event: 31.231 Loading class sun/util/resources/TimeZoneNamesBundle done
Event: 31.231 Loading class sun/util/resources/cldr/TimeZoneNames done
Event: 31.231 Loading class sun/util/resources/cldr/TimeZoneNames_en
Event: 31.232 Loading class sun/util/resources/cldr/TimeZoneNames_en done
Event: 31.232 Loading class sun/util/resources/cldr/TimeZoneNames_en_US
Event: 31.232 Loading class sun/util/resources/cldr/TimeZoneNames_en_US done
Event: 31.233 Loading class sun/util/cldr/CLDRBaseLocaleDataMetaInfo$TZCanonicalIDMapHolder
Event: 31.234 Loading class sun/util/cldr/CLDRBaseLocaleDataMetaInfo$TZCanonicalIDMapHolder done
Event: 31.235 Loading class sun/util/resources/TimeZoneNames
Event: 31.236 Loading class sun/util/resources/TimeZoneNames done
Event: 31.236 Loading class sun/util/resources/TimeZoneNames_en
Event: 31.236 Loading class sun/util/resources/TimeZoneNames_en done

Classes unloaded (7 events):
Event: 3.148 Thread 0x000001b4ef571170 Unloading class 0x000001b4af1a8800 'java/lang/invoke/LambdaForm$MH+0x000001b4af1a8800'
Event: 3.148 Thread 0x000001b4ef571170 Unloading class 0x000001b4af1a8400 'java/lang/invoke/LambdaForm$MH+0x000001b4af1a8400'
Event: 3.148 Thread 0x000001b4ef571170 Unloading class 0x000001b4af1a8000 'java/lang/invoke/LambdaForm$MH+0x000001b4af1a8000'
Event: 3.148 Thread 0x000001b4ef571170 Unloading class 0x000001b4af1a7c00 'java/lang/invoke/LambdaForm$MH+0x000001b4af1a7c00'
Event: 3.148 Thread 0x000001b4ef571170 Unloading class 0x000001b4af1a7800 'java/lang/invoke/LambdaForm$BMH+0x000001b4af1a7800'
Event: 3.148 Thread 0x000001b4ef571170 Unloading class 0x000001b4af1a7400 'java/lang/invoke/LambdaForm$DMH+0x000001b4af1a7400'
Event: 3.148 Thread 0x000001b4ef571170 Unloading class 0x000001b4af1a6400 'java/lang/invoke/LambdaForm$DMH+0x000001b4af1a6400'

Classes redefined (0 events):
No events

Internal exceptions (20 events):
Event: 14.188 Thread 0x000001b4f8f7f620 Exception <a 'sun/nio/fs/WindowsException'{0x00000000d5a32490}> (0x00000000d5a32490) 
thrown [s\src\hotspot\share\prims\jni.cpp, line 520]
Event: 14.188 Thread 0x000001b4f8f7f620 Exception <a 'sun/nio/fs/WindowsException'{0x00000000d5a32fa8}> (0x00000000d5a32fa8) 
thrown [s\src\hotspot\share\prims\jni.cpp, line 520]
Event: 14.188 Thread 0x000001b4f8f7f620 Exception <a 'sun/nio/fs/WindowsException'{0x00000000d5a34520}> (0x00000000d5a34520) 
thrown [s\src\hotspot\share\prims\jni.cpp, line 520]
Event: 14.188 Thread 0x000001b4f8f7f620 Exception <a 'sun/nio/fs/WindowsException'{0x00000000d5a34db0}> (0x00000000d5a34db0) 
thrown [s\src\hotspot\share\prims\jni.cpp, line 520]
Event: 14.189 Thread 0x000001b4f8f7f620 Exception <a 'sun/nio/fs/WindowsException'{0x00000000d5a362b0}> (0x00000000d5a362b0) 
thrown [s\src\hotspot\share\prims\jni.cpp, line 520]
Event: 14.189 Thread 0x000001b4f8f7f620 Exception <a 'sun/nio/fs/WindowsException'{0x00000000d5a36cf8}> (0x00000000d5a36cf8) 
thrown [s\src\hotspot\share\prims\jni.cpp, line 520]
Event: 14.245 Thread 0x000001b4f8f7f620 Exception <a 'sun/nio/fs/WindowsException'{0x00000000d5a4d558}> (0x00000000d5a4d558) 
thrown [s\src\hotspot\share\prims\jni.cpp, line 520]
Event: 14.246 Thread 0x000001b4f8f7f620 Exception <a 'sun/nio/fs/WindowsException'{0x00000000d5a4e038}> (0x00000000d5a4e038) 
thrown [s\src\hotspot\share\prims\jni.cpp, line 520]
Event: 14.246 Thread 0x000001b4f8f7f620 Exception <a 'sun/nio/fs/WindowsException'{0x00000000d5a4f5b0}> (0x00000000d5a4f5b0) 
thrown [s\src\hotspot\share\prims\jni.cpp, line 520]
Event: 14.246 Thread 0x000001b4f8f7f620 Exception <a 'sun/nio/fs/WindowsException'{0x00000000d5a4fbe0}> (0x00000000d5a4fbe0) 
thrown [s\src\hotspot\share\prims\jni.cpp, line 520]
Event: 14.246 Thread 0x000001b4f8f7f620 Exception <a 'sun/nio/fs/WindowsException'{0x00000000d5a510c0}> (0x00000000d5a510c0) 
thrown [s\src\hotspot\share\prims\jni.cpp, line 520]
Event: 14.246 Thread 0x000001b4f8f7f620 Exception <a 'sun/nio/fs/WindowsException'{0x00000000d5a51b20}> (0x00000000d5a51b20) 
thrown [s\src\hotspot\share\prims\jni.cpp, line 520]
Event: 14.278 Thread 0x000001b4f8f7f620 Exception <a 'sun/nio/fs/WindowsException'{0x00000000d5a617e8}> (0x00000000d5a617e8) 
thrown [s\src\hotspot\share\prims\jni.cpp, line 520]
Event: 14.278 Thread 0x000001b4f8f7f620 Exception <a 'sun/nio/fs/WindowsException'{0x00000000d5a622c8}> (0x00000000d5a622c8) 
thrown [s\src\hotspot\share\prims\jni.cpp, line 520]
Event: 14.279 Thread 0x000001b4f8f7f620 Exception <a 'sun/nio/fs/WindowsException'{0x00000000d5a63840}> (0x00000000d5a63840) 
thrown [s\src\hotspot\share\prims\jni.cpp, line 520]
Event: 14.279 Thread 0x000001b4f8f7f620 Exception <a 'sun/nio/fs/WindowsException'{0x00000000d5a640e8}> (0x00000000d5a640e8) 
thrown [s\src\hotspot\share\prims\jni.cpp, line 520]
Event: 14.279 Thread 0x000001b4f8f7f620 Exception <a 'sun/nio/fs/WindowsException'{0x00000000d5a655d8}> (0x00000000d5a655d8) 
thrown [s\src\hotspot\share\prims\jni.cpp, line 520]
Event: 14.279 Thread 0x000001b4f8f7f620 Exception <a 'sun/nio/fs/WindowsException'{0x00000000d5a66060}> (0x00000000d5a66060) 
thrown [s\src\hotspot\share\prims\jni.cpp, line 520]
Event: 1202.897 Thread 0x000001b4f0cb58e0 Implicit null exception at 0x000001b4a1bca923 to 0x000001b4a1bcb0c4
Event: 9361.562 Thread 0x000001b4f8f865b0 Exception <a 'java/lang/IncompatibleClassChangeError'{0x00000000d5977f90}: Found class java.lang.Object, but interface was expected> (0x00000000d5977f90) 
thrown [s\src\hotspot\share\interpreter\linkResolver.cpp, line 840]

ZGC Phase Switch (0 events):
No events

VM Operations (20 events):
Event: 12867.201 Executing VM operation: HandshakeAllThreads (HandshakeForDeflation)
Event: 12867.201 Executing VM operation: HandshakeAllThreads (HandshakeForDeflation) done
Event: 12867.201 Executing VM operation: RendezvousGCThreads
Event: 12867.201 Executing VM operation: RendezvousGCThreads done
Event: 12927.254 Executing VM operation: HandshakeAllThreads (HandshakeForDeflation)
Event: 12927.254 Executing VM operation: HandshakeAllThreads (HandshakeForDeflation) done
Event: 12927.254 Executing VM operation: RendezvousGCThreads
Event: 12927.254 Executing VM operation: RendezvousGCThreads done
Event: 12987.455 Executing VM operation: HandshakeAllThreads (HandshakeForDeflation)
Event: 12987.455 Executing VM operation: HandshakeAllThreads (HandshakeForDeflation) done
Event: 12987.455 Executing VM operation: RendezvousGCThreads
Event: 12987.455 Executing VM operation: RendezvousGCThreads done
Event: 13047.578 Executing VM operation: HandshakeAllThreads (HandshakeForDeflation)
Event: 13047.578 Executing VM operation: HandshakeAllThreads (HandshakeForDeflation) done
Event: 13047.578 Executing VM operation: RendezvousGCThreads
Event: 13047.578 Executing VM operation: RendezvousGCThreads done
Event: 13107.643 Executing VM operation: HandshakeAllThreads (HandshakeForDeflation)
Event: 13107.643 Executing VM operation: HandshakeAllThreads (HandshakeForDeflation) done
Event: 13107.643 Executing VM operation: RendezvousGCThreads
Event: 13107.643 Executing VM operation: RendezvousGCThreads done

Memory protections (0 events):
No events

Nmethod flushes (20 events):
Event: 9.812 Thread 0x000001b4ef571170 flushing  nmethod 0x000001b49a338b10
Event: 9.812 Thread 0x000001b4ef571170 flushing  nmethod 0x000001b49a339090
Event: 9.812 Thread 0x000001b4ef571170 flushing  nmethod 0x000001b49a347210
Event: 9.812 Thread 0x000001b4ef571170 flushing  nmethod 0x000001b49a35c690
Event: 9.812 Thread 0x000001b4ef571170 flushing osr nmethod 0x000001b49a36ed90
Event: 9.812 Thread 0x000001b4ef571170 flushing  nmethod 0x000001b49a378690
Event: 9.812 Thread 0x000001b4ef571170 flushing  nmethod 0x000001b49a379810
Event: 9.812 Thread 0x000001b4ef571170 flushing  nmethod 0x000001b49a385e10
Event: 9.812 Thread 0x000001b4ef571170 flushing  nmethod 0x000001b49a386d90
Event: 9.812 Thread 0x000001b4ef571170 flushing  nmethod 0x000001b49a3a1490
Event: 9.812 Thread 0x000001b4ef571170 flushing  nmethod 0x000001b49a3a5b90
Event: 9.812 Thread 0x000001b4ef571170 flushing  nmethod 0x000001b49a3a7690
Event: 9.812 Thread 0x000001b4ef571170 flushing  nmethod 0x000001b49a3a7b10
Event: 9.812 Thread 0x000001b4ef571170 flushing  nmethod 0x000001b49a3aa290
Event: 9.812 Thread 0x000001b4ef571170 flushing  nmethod 0x000001b49a3aac90
Event: 9.812 Thread 0x000001b4ef571170 flushing  nmethod 0x000001b49a3ab010
Event: 9.812 Thread 0x000001b4ef571170 flushing  nmethod 0x000001b49a3c5210
Event: 9.812 Thread 0x000001b4ef571170 flushing  nmethod 0x000001b49a3ccd90
Event: 9.812 Thread 0x000001b4ef571170 flushing  nmethod 0x000001b49a3dc590
Event: 9.812 Thread 0x000001b4ef571170 flushing  nmethod 0x000001b49a460890

Events (20 events):
Event: 36.247 Thread 0x000001b4f5c42490 Thread exited: 0x000001b4f5c42490
Event: 36.247 Thread 0x000001b4f5c43fd0 Thread exited: 0x000001b4f5c43fd0
Event: 73.024 Thread 0x000001b4f59d9f30 Thread exited: 0x000001b4f59d9f30
Event: 73.350 Thread 0x000001b4f0cb5250 Thread exited: 0x000001b4f0cb5250
Event: 73.350 Thread 0x000001b4f0cb79b0 Thread exited: 0x000001b4f0cb79b0
Event: 74.346 Thread 0x000001b4f8f7f620 Thread exited: 0x000001b4f8f7f620
Event: 133.024 Thread 0x000001b4f59d6ab0 Thread exited: 0x000001b4f59d6ab0
Event: 193.025 Thread 0x000001b4f8f816f0 Thread exited: 0x000001b4f8f816f0
Event: 253.025 Thread 0x000001b4f59d5070 Thread exited: 0x000001b4f59d5070
Event: 313.026 Thread 0x000001b4f59da5c0 Thread exited: 0x000001b4f59da5c0
Event: 373.034 Thread 0x000001b4f59d98a0 Thread exited: 0x000001b4f59d98a0
Event: 433.034 Thread 0x000001b4f59d49e0 Thread exited: 0x000001b4f59d49e0
Event: 493.036 Thread 0x000001b4f59d8b80 Thread exited: 0x000001b4f59d8b80
Event: 553.036 Thread 0x000001b4f8f82410 Thread exited: 0x000001b4f8f82410
Event: 613.041 Thread 0x000001b4f59db970 Thread exited: 0x000001b4f59db970
Event: 673.044 Thread 0x000001b4f59d4350 Thread exited: 0x000001b4f59d4350
Event: 1202.955 Thread 0x000001b4968a80d0 Thread added: 0x000001b4fa2f95d0
Event: 1204.511 Thread 0x000001b4fa2f95d0 Thread exited: 0x000001b4fa2f95d0
Event: 2676.067 Thread 0x000001b4968a80d0 Thread added: 0x000001b4fa2fcc50
Event: 2681.216 Thread 0x000001b4fa2fcc50 Thread exited: 0x000001b4fa2fcc50


Dynamic libraries:
0x00007ff6ee020000 - 0x00007ff6ee02e000 	c:\Users\denis\.antigravity\extensions\redhat.java-1.49.0-win32-x64\jre\21.0.9-win32-x86_64\bin\java.exe
0x00007ffbc7c30000 - 0x00007ffbc7e48000 	C:\Windows\SYSTEM32\ntdll.dll
0x00007ffbc7140000 - 0x00007ffbc7204000 	C:\Windows\System32\KERNEL32.DLL
0x00007ffbc54f0000 - 0x00007ffbc58c3000 	C:\Windows\System32\KERNELBASE.dll
0x00007ffbc53d0000 - 0x00007ffbc54e1000 	C:\Windows\System32\ucrtbase.dll
0x00007ffb82700000 - 0x00007ffb82718000 	c:\Users\denis\.antigravity\extensions\redhat.java-1.49.0-win32-x64\jre\21.0.9-win32-x86_64\bin\jli.dll
0x00007ffb7d5d0000 - 0x00007ffb7d5ee000 	c:\Users\denis\.antigravity\extensions\redhat.java-1.49.0-win32-x64\jre\21.0.9-win32-x86_64\bin\VCRUNTIME140.dll
0x00007ffbc5d00000 - 0x00007ffbc5eb2000 	C:\Windows\System32\USER32.dll
0x00007ffbb42e0000 - 0x00007ffbb457c000 	C:\Windows\WinSxS\amd64_microsoft.windows.common-controls_6595b64144ccf1df_6.0.22621.6060_none_2712eda17382d24b\COMCTL32.dll
0x00007ffbc5110000 - 0x00007ffbc5136000 	C:\Windows\System32\win32u.dll
0x00007ffbc6ab0000 - 0x00007ffbc6b57000 	C:\Windows\System32\msvcrt.dll
0x00007ffbc6490000 - 0x00007ffbc64b9000 	C:\Windows\System32\GDI32.dll
0x00007ffbc4e00000 - 0x00007ffbc4f1b000 	C:\Windows\System32\gdi32full.dll
0x00007ffbc51c0000 - 0x00007ffbc525a000 	C:\Windows\System32\msvcp_win.dll
0x00007ffbc5cc0000 - 0x00007ffbc5cf1000 	C:\Windows\System32\IMM32.DLL
0x00007ffbbaa30000 - 0x00007ffbbaa3c000 	c:\Users\denis\.antigravity\extensions\redhat.java-1.49.0-win32-x64\jre\21.0.9-win32-x86_64\bin\vcruntime140_1.dll
0x00007ffb68150000 - 0x00007ffb681dd000 	c:\Users\denis\.antigravity\extensions\redhat.java-1.49.0-win32-x64\jre\21.0.9-win32-x86_64\bin\msvcp140.dll
0x00007ffb08e50000 - 0x00007ffb09bf0000 	c:\Users\denis\.antigravity\extensions\redhat.java-1.49.0-win32-x64\jre\21.0.9-win32-x86_64\bin\server\jvm.dll
0x00007ffbc69d0000 - 0x00007ffbc6a81000 	C:\Windows\System32\ADVAPI32.dll
0x00007ffbc61f0000 - 0x00007ffbc6298000 	C:\Windows\System32\sechost.dll
0x00007ffbc53a0000 - 0x00007ffbc53c8000 	C:\Windows\System32\bcrypt.dll
0x00007ffbc5ba0000 - 0x00007ffbc5cb8000 	C:\Windows\System32\RPCRT4.dll
0x00007ffbc6410000 - 0x00007ffbc6481000 	C:\Windows\System32\WS2_32.dll
0x00007ffbc3b90000 - 0x00007ffbc3bdd000 	C:\Windows\SYSTEM32\POWRPROF.dll
0x00007ffbbbc90000 - 0x00007ffbbbcc4000 	C:\Windows\SYSTEM32\WINMM.dll
0x00007ffbb8860000 - 0x00007ffbb886a000 	C:\Windows\SYSTEM32\VERSION.dll
0x00007ffbc3b70000 - 0x00007ffbc3b83000 	C:\Windows\SYSTEM32\UMPDC.dll
0x00007ffbc3e10000 - 0x00007ffbc3e28000 	C:\Windows\SYSTEM32\kernel.appcore.dll
0x00007ffbba6f0000 - 0x00007ffbba6fa000 	c:\Users\denis\.antigravity\extensions\redhat.java-1.49.0-win32-x64\jre\21.0.9-win32-x86_64\bin\jimage.dll
0x00007ffbc2490000 - 0x00007ffbc26c3000 	C:\Windows\SYSTEM32\DBGHELP.DLL
0x00007ffbc6d90000 - 0x00007ffbc7121000 	C:\Windows\System32\combase.dll
0x00007ffbc7210000 - 0x00007ffbc72e8000 	C:\Windows\System32\OLEAUT32.dll
0x00007ffba8020000 - 0x00007ffba8052000 	C:\Windows\SYSTEM32\dbgcore.DLL
0x00007ffbc5140000 - 0x00007ffbc51bb000 	C:\Windows\System32\bcryptPrimitives.dll
0x00007ffb8a1f0000 - 0x00007ffb8a1ff000 	c:\Users\denis\.antigravity\extensions\redhat.java-1.49.0-win32-x64\jre\21.0.9-win32-x86_64\bin\instrument.dll
0x00007ffb780d0000 - 0x00007ffb780f0000 	c:\Users\denis\.antigravity\extensions\redhat.java-1.49.0-win32-x64\jre\21.0.9-win32-x86_64\bin\java.dll
0x00007ffbc72f0000 - 0x00007ffbc7b8c000 	C:\Windows\System32\SHELL32.dll
0x00007ffbc5260000 - 0x00007ffbc539f000 	C:\Windows\System32\wintypes.dll
0x00007ffbc2c50000 - 0x00007ffbc356a000 	C:\Windows\SYSTEM32\windows.storage.dll
0x00007ffbc5a90000 - 0x00007ffbc5b94000 	C:\Windows\System32\SHCORE.dll
0x00007ffbc6d10000 - 0x00007ffbc6d79000 	C:\Windows\System32\shlwapi.dll
0x00007ffbc4c70000 - 0x00007ffbc4c95000 	C:\Windows\SYSTEM32\profapi.dll
0x00007ffb780b0000 - 0x00007ffb780c8000 	c:\Users\denis\.antigravity\extensions\redhat.java-1.49.0-win32-x64\jre\21.0.9-win32-x86_64\bin\zip.dll
0x00007ffb886d0000 - 0x00007ffb886e0000 	C:\Users\denis\.antigravity\extensions\redhat.java-1.49.0-win32-x64\jre\21.0.9-win32-x86_64\bin\net.dll
0x00007ffbbbb60000 - 0x00007ffbbbc8c000 	C:\Windows\SYSTEM32\WINHTTP.dll
0x00007ffbc42f0000 - 0x00007ffbc4359000 	C:\Windows\system32\mswsock.dll
0x00007ffb73bd0000 - 0x00007ffb73be6000 	C:\Users\denis\.antigravity\extensions\redhat.java-1.49.0-win32-x64\jre\21.0.9-win32-x86_64\bin\nio.dll
0x00007ffb85730000 - 0x00007ffb85740000 	c:\Users\denis\.antigravity\extensions\redhat.java-1.49.0-win32-x64\jre\21.0.9-win32-x86_64\bin\verify.dll
0x00007ffb680b0000 - 0x00007ffb680f4000 	C:\Users\denis\AppData\Roaming\Antigravity\User\globalStorage\redhat.java\1.49.0\config_win\org.eclipse.equinox.launcher\org.eclipse.equinox.launcher.win32.win32.x86_64_1.2.1400.v20250801-0854\eclipse_11916.dll
0x00007ffbc6b60000 - 0x00007ffbc6d01000 	C:\Windows\System32\ole32.dll
0x00007ffbc4540000 - 0x00007ffbc455b000 	C:\Windows\SYSTEM32\CRYPTSP.dll
0x00007ffbc3d70000 - 0x00007ffbc3da7000 	C:\Windows\system32\rsaenh.dll
0x00007ffbc43e0000 - 0x00007ffbc4408000 	C:\Windows\SYSTEM32\USERENV.dll
0x00007ffbc4560000 - 0x00007ffbc456c000 	C:\Windows\SYSTEM32\CRYPTBASE.dll
0x00007ffbc3880000 - 0x00007ffbc38ad000 	C:\Windows\SYSTEM32\IPHLPAPI.DLL
0x00007ffbc6400000 - 0x00007ffbc6409000 	C:\Windows\System32\NSI.dll
0x00007ffb782e0000 - 0x00007ffb78329000 	C:\Users\denis\AppData\Local\Temp\jna-95470071\jna6041990837724114540.dll
0x00007ffbc7130000 - 0x00007ffbc7138000 	C:\Windows\System32\PSAPI.DLL
0x00007ffbbbce0000 - 0x00007ffbbbcf9000 	C:\Windows\SYSTEM32\dhcpcsvc6.DLL
0x00007ffbbbb40000 - 0x00007ffbbbb5f000 	C:\Windows\SYSTEM32\dhcpcsvc.DLL
0x00007ffb83990000 - 0x00007ffb839b7000 	C:\Users\denis\.gradle\native\1def1411415f61bf3af743bc5b6707747c0891f09f0c88961ee8f79bc544acac\windows-amd64\native-platform.dll
0x00007ffb826d0000 - 0x00007ffb826da000 	C:\Users\denis\.antigravity\extensions\redhat.java-1.49.0-win32-x64\jre\21.0.9-win32-x86_64\bin\management.dll
0x00007ffb80f00000 - 0x00007ffb80f0c000 	C:\Users\denis\.antigravity\extensions\redhat.java-1.49.0-win32-x64\jre\21.0.9-win32-x86_64\bin\management_ext.dll
0x00007ffb7f6b0000 - 0x00007ffb7f6be000 	C:\Users\denis\.antigravity\extensions\redhat.java-1.49.0-win32-x64\jre\21.0.9-win32-x86_64\bin\sunmscapi.dll
0x00007ffbc4fa0000 - 0x00007ffbc5108000 	C:\Windows\System32\CRYPT32.dll
0x00007ffbc46e0000 - 0x00007ffbc470e000 	C:\Windows\SYSTEM32\ncrypt.dll
0x00007ffbc46a0000 - 0x00007ffbc46d7000 	C:\Windows\SYSTEM32\NTASN1.dll
0x00007ffbc3900000 - 0x00007ffbc39f8000 	C:\Windows\SYSTEM32\DNSAPI.dll
0x000000006b7b0000 - 0x000000006b7d6000 	C:\Program Files\Bonjour\mdnsNSP.dll
0x00007ffbbaa20000 - 0x00007ffbbaa2a000 	C:\Windows\System32\rasadhlp.dll
0x00007ffbba7f0000 - 0x00007ffbba874000 	C:\Windows\System32\fwpuclnt.dll
0x00007ffb77cc0000 - 0x00007ffb77cc9000 	C:\Users\denis\.antigravity\extensions\redhat.java-1.49.0-win32-x64\jre\21.0.9-win32-x86_64\bin\extnet.dll

JVMTI agents:
c:\Users\denis\.antigravity\extensions\redhat.java-1.49.0-win32-x64\lombok\lombok-1.18.39-4050.jar path:c:\Users\denis\.antigravity\extensions\redhat.java-1.49.0-win32-x64\jre\21.0.9-win32-x86_64\bin\instrument.dll, loaded, initialized, instrumentlib options:none

dbghelp: loaded successfully - version: 4.0.5 - missing functions: none
symbol engine: initialized successfully - sym options: 0x614 - pdb path: .;c:\Users\denis\.antigravity\extensions\redhat.java-1.49.0-win32-x64\jre\21.0.9-win32-x86_64\bin;C:\Windows\SYSTEM32;C:\Windows\WinSxS\amd64_microsoft.windows.common-controls_6595b64144ccf1df_6.0.22621.6060_none_2712eda17382d24b;c:\Users\denis\.antigravity\extensions\redhat.java-1.49.0-win32-x64\jre\21.0.9-win32-x86_64\bin\server;C:\Users\denis\AppData\Roaming\Antigravity\User\globalStorage\redhat.java\1.49.0\config_win\org.eclipse.equinox.launcher\org.eclipse.equinox.launcher.win32.win32.x86_64_1.2.1400.v20250801-0854;C:\Users\denis\AppData\Local\Temp\jna-95470071;C:\Users\denis\.gradle\native\1def1411415f61bf3af743bc5b6707747c0891f09f0c88961ee8f79bc544acac\windows-amd64;C:\Program Files\Bonjour

VM Arguments:
jvm_args: --add-modules=ALL-SYSTEM --add-opens=java.base/java.util=ALL-UNNAMED --add-opens=java.base/java.lang=ALL-UNNAMED --add-opens=java.base/sun.nio.fs=ALL-UNNAMED -Declipse.application=org.eclipse.jdt.ls.core.id1 -Dosgi.bundles.defaultStartLevel=4 -Declipse.product=org.eclipse.jdt.ls.core.product -Djava.import.generatesMetadataFilesAtProjectRoot=false -DDetectVMInstallationsJob.disabled=true -Dfile.encoding=utf8 -XX:+UseParallelGC -XX:GCTimeRatio=4 -XX:AdaptiveSizePolicyWeight=90 -Dsun.zip.disableMemoryMapping=true -Xmx2G -Xms100m -Xlog:disable -javaagent:c:\Users\denis\.antigravity\extensions\redhat.java-1.49.0-win32-x64\lombok\lombok-1.18.39-4050.jar -XX:+HeapDumpOnOutOfMemoryError -XX:HeapDumpPath=c:\Users\denis\AppData\Roaming\Antigravity\User\workspaceStorage\c5ec95d13aa44414d6a41f76a6ab393b\redhat.java -Daether.dependencyCollector.impl=bf 
java_command: c:\Users\denis\.antigravity\extensions\redhat.java-1.49.0-win32-x64\server\plugins\org.eclipse.equinox.launcher_1.7.100.v20251111-0406.jar -configuration c:\Users\denis\AppData\Roaming\Antigravity\User\globalStorage\redhat.java\1.49.0\config_win -data c:\Users\denis\AppData\Roaming\Antigravity\User\workspaceStorage\c5ec95d13aa44414d6a41f76a6ab393b\redhat.java\jdt_ws --pipe=\\.\pipe\lsp-0bb8a19fe0a5a1f0ca329d7ebf9884cc-sock
java_class_path (initial): c:\Users\denis\.antigravity\extensions\redhat.java-1.49.0-win32-x64\server\plugins\org.eclipse.equinox.launcher_1.7.100.v20251111-0406.jar
Launcher Type: SUN_STANDARD

[Global flags]
    uintx AdaptiveSizePolicyWeight                 = 90                                        {product} {command line}
     intx CICompilerCount                          = 4                                         {product} {ergonomic}
    uintx GCTimeRatio                              = 4                                         {product} {command line}
     bool HeapDumpOnOutOfMemoryError               = true                                   {manageable} {command line}
    ccstr HeapDumpPath                             = c:\Users\denis\AppData\Roaming\Antigravity\User\workspaceStorage\c5ec95d13aa44414d6a41f76a6ab393b\redhat.java         {manageable} {command line}
   size_t InitialHeapSize                          = 104857600                                 {product} {command line}
   size_t MaxHeapSize                              = 2147483648                                {product} {command line}
   size_t MaxNewSize                               = 715653120                                 {product} {ergonomic}
   size_t MinHeapDeltaBytes                        = 524288                                    {product} {ergonomic}
   size_t MinHeapSize                              = 104857600                                 {product} {command line}
   size_t NewSize                                  = 34603008                                  {product} {ergonomic}
    uintx NonNMethodCodeHeapSize                   = 5839372                                {pd product} {ergonomic}
    uintx NonProfiledCodeHeapSize                  = 122909434                              {pd product} {ergonomic}
   size_t OldSize                                  = 70254592                                  {product} {ergonomic}
    uintx ProfiledCodeHeapSize                     = 122909434                              {pd product} {ergonomic}
    uintx ReservedCodeCacheSize                    = 251658240                              {pd product} {ergonomic}
     bool SegmentedCodeCache                       = true                                      {product} {ergonomic}
   size_t SoftMaxHeapSize                          = 2147483648                             {manageable} {ergonomic}
     bool UseCompressedOops                        = true                           {product lp64_product} {ergonomic}
     bool UseLargePagesIndividualAllocation        = false                                  {pd product} {ergonomic}
     bool UseParallelGC                            = true                                      {product} {command line}

Logging:
Log output configuration:
 #0: stdout all=off uptime,level,tags foldmultilines=false
 #1: stderr all=off uptime,level,tags foldmultilines=false

Release file:
JAVA_VERSION="21.0.9" 
MODULES="java.base java.compiler java.datatransfer java.xml java.prefs java.desktop java.instrument java.logging java.management java.security.sasl java.naming java.rmi java.management.rmi java.net.http java.scripting java.security.jgss java.transaction.xa java.sql java.sql.rowset java.xml.crypto java.se java.smartcardio jdk.accessibility jdk.internal.jvmstat jdk.attach jdk.charsets jdk.internal.opt jdk.zipfs jdk.compiler jdk.crypto.ec jdk.crypto.cryptoki jdk.crypto.mscapi jdk.dynalink jdk.internal.ed jdk.editpad jdk.hotspot.agent jdk.httpserver jdk.internal.le jdk.internal.vm.ci jdk.internal.vm.compiler jdk.internal.vm.compiler.management jdk.jartool jdk.javadoc jdk.jcmd jdk.management jdk.management.agent jdk.jconsole jdk.jdeps jdk.jdwp.agent jdk.jdi jdk.jfr jdk.jshell jdk.jsobject jdk.jstatd jdk.localedata jdk.management.jfr jdk.naming.dns jdk.naming.rmi jdk.net jdk.nio.mapmode jdk.random jdk.sctp jdk.security.auth jdk.security.jgss jdk.unsupported jdk.unsupported.desktop jdk.xml.dom" 

Environment Variables:
PATH=C:\Program Files (x86)\VMware\VMware Workstation\bin\;c:\Users\denis\AppData\Local\Programs\cursor\resources\app\bin;c:\Users\denis\AppData\Local\Programs\cursor\resources\app\bin;C:\Users\denis\AppData\Local\Thorium\Application;C:\Python313\Scripts\;C:\Python313\;c:\Users\denis\AppData\Local\Programs\cursor\resources\app\bin;C:\Program Files\Common Files\Oracle\Java\javapath;C:\Windows\system32;C:\Windows;C:\Windows\System32\Wbem;C:\Windows\System32\WindowsPowerShell\v1.0\;C:\Windows\System32\OpenSSH\;C:\Program Files (x86)\NVIDIA Corporation\PhysX\Common;C:\Program Files\dotnet\;C:\Program Files\Git\cmd;C:\Users\denis\AppData\Local\Microsoft\WindowsApps;C:\Program Files\JetBrains\IntelliJ IDEA Community Edition 2024.3\bin;c:\Users\denis\AppData\Local\Programs\cursor\resources\app\bin;C:\ProgramData\chocolatey\bin;C:\Program Files\PostgreSQL\17\bin;C:\Users\denis\AppData\Local\GitHubDesktop\bin;C:\Users\denis\AppData\Local\Programs\cursor\resources\app\bin;c:\Users\denis\AppData\Lo;C:\Program Files\Docker\Docker\resources\bin;C:\Program Files\NVIDIA Corporation\NVIDIA App\NvDLISR;C:\Program Files\Go\bin;C:\Program Files\Mullvad VPN\resources;C:\Users\denis\AppData\Local\nvm;C:\nvm4w\nodejs;C:\Program Files\Wolfram Research\WolframScript\;C:\xampp\php;C:\ProgramData\ComposerSetup\bin;C:\Users\denis\scoop\shims;C:\Program Files (x86)\VMware\VMware Workstation\bin\;c:\Users\denis\AppData\Local\Programs\cursor\resources\app\bin;c:\Users\denis\AppData\Local\Programs\cursor\resources\app\bin;C:\Users\denis\AppData\Local\Thorium\Application;C:\Python313\Scripts\;C:\Python313\;c:\Users\denis\AppData\Local\Programs\cursor\resources\app\bin;C:\Program Files\Common Files\Oracle\Java\javapath;C:\Windows\system32;C:\Windows;C:\Windows\System32\Wbem;C:\Windows\System32\WindowsPowerShell\v1.0\;C:\Windows\System32\OpenSSH\;C:\Program Files (x86)\NVIDIA Corporation\PhysX\Common;C:\Program Files\dotnet\;C:\Program Files\Git\cmd;C:\Users\denis\AppData\Local\Microsoft\WindowsApps;C:\Program Files\JetBrains\IntelliJ IDEA Community Edition 2024.3\bin;c:\Users\denis\AppData\Local\Programs\cursor\resources\app\bin;C:\ProgramData\chocolatey\bin;C:\Program Files\PostgreSQL\17\bin;C:\Users\denis\AppData\Local\GitHubDesktop\bin;C:\Users\denis\AppData\Local\Programs\cursor\resources\app\bin;c:\Users\denis\AppData\Lo;C:\Program Files\Docker\Docker\resources\bin;C:\Program Files\NVIDIA Corporation\NVIDIA App\NvDLISR;C:\Program Files\Go\bin;C:\Program Files\Mullvad VPN\resources;C:\Users\denis\AppData\Local\nvm;C:\nvm4w\nodejs;C:\Program Files\Wolfram Research\WolframScript\;C:\Users\denis\.local\bin;C:\Ruby34-x64\bin;C:\Users\denis\AppData\Local\Android\Sdk\platform-tools;C:\Users\denis\AppData\Local\Android\Sdk\platform-tools;C:\Users\denis\AppData\Local\Programs\Microsoft VS Code\bin;C:\Program Files\JetBrains\IntelliJ IDEA Community Edition 2025.2.3\bin;C:\Users\denis\.dotnet\tools;C:\Users\denis\go\bin;C:\Users\denis\AppData\Local\JetBrains\Toolbox\scripts;C:\Program Files\JetBrains\IntelliJ IDEA 2025.2.4\bin;C:\Users\denis\AppData\Roaming\npm;C:\Users\denis\AppData\Local\Programs\Antigravity\bin;c:\program files (x86)\steam\ext\bin;C:\Android\Sdk\platform-tools;C:\Android\Sdk\cmdline-tools\latest\bin;;C:\Android\Sdk\platform-tools;C:\Android\Sdk\cmdline-tools\latest\bin;C:\Program Files\JetBrains\CLion 2025.3.2\bin;C:\Users\denis\AppData\Local\Programs\Zed\bin;C:\Users\denis\AppData\Roaming\Composer\vendor\bin;C:\xampp\php
USERNAME=denis
OS=Windows_NT
PROCESSOR_IDENTIFIER=Intel64 Family 6 Model 186 Stepping 2, GenuineIntel
TMP=C:\Users\denis\AppData\Local\Temp
TEMP=C:\Users\denis\AppData\Local\Temp




Periodic native trim disabled

---------------  S Y S T E M  ---------------

OS:
 Windows 11 , 64 bit Build 22621 (10.0.22621.5415)
OS uptime: 0 days 3:53 hours

CPU: total 12 (initial active 12) (12 cores per cpu, 1 threads per core) family 6 model 186 stepping 2 microcode 0x5103, cx8, cmov, fxsr, mmx, 3dnowpref, sse, sse2, sse3, ssse3, sse4.1, sse4.2, popcnt, lzcnt, tsc, tscinvbit, avx, avx2, aes, erms, clmul, bmi1, bmi2, adx, sha, fma, vzeroupper, clflush, clflushopt, clwb, serialize, rdtscp, rdpid, fsrm, f16c, pku, cet_ibt, cet_ss
Processor Information for the first 12 processors :
  Max Mhz: 2100, Current Mhz: 2100, Mhz Limit: 2100

Memory: 4k page, system-wide physical 32471M (948M free)
TotalPageFile size 44840M (AvailPageFile size 103M)
current process WorkingSet (physical memory assigned to process): 60M, peak: 383M
current process commit charge ("private bytes"): 412M, peak: 459M

vm_info: OpenJDK 64-Bit Server VM (21.0.9+10-LTS) for windows-amd64 JRE (21.0.9+10-LTS), built on 2025-10-21T00:00:00Z by "admin" with unknown MS VC++:1942

END.
