#
# There is insufficient memory for the Java Runtime Environment to continue.
# Native memory allocation (malloc) failed to allocate 399536 bytes. Error detail: Chunk::new
# Possible reasons:
#   The system is out of physical RAM or swap space
#   This process is running with CompressedOops enabled, and the Java Heap may be blocking the growth of the native heap
# Possible solutions:
#   Reduce memory load on the system
#   Increase physical memory or swap space
#   Check if swap backing store is full
#   Decrease Java heap size (-Xmx/-Xms)
#   Decrease number of Java threads
#   Decrease Java thread stack sizes (-Xss)
#   Set larger code cache with -XX:ReservedCodeCacheSize=
#   JVM is running with Unscaled Compressed Oops mode in which the Java heap is
#     placed in the first 4GB address space. The Java Heap base address is the
#     maximum limit for the native heap growth. Please use -XX:HeapBaseMinAddress
#     to set the Java Heap base and to place the Java Heap above 4GB virtual address.
# This output file may be truncated or incomplete.
#
#  Out of Memory Error (arena.cpp:168), pid=31080, tid=2960
#
# JRE version: OpenJDK Runtime Environment Temurin-21.0.9+10 (21.0.9+10) (build 21.0.9+10-LTS)
# Java VM: OpenJDK 64-Bit Server VM Temurin-21.0.9+10 (21.0.9+10-LTS, mixed mode, sharing, tiered, compressed oops, compressed class ptrs, parallel gc, windows-amd64)
# No core dump will be written. Minidumps are not enabled by default on client versions of Windows
#

---------------  S U M M A R Y ------------

Command Line: --add-modules=ALL-SYSTEM --add-opens=java.base/java.util=ALL-UNNAMED --add-opens=java.base/java.lang=ALL-UNNAMED --add-opens=java.base/sun.nio.fs=ALL-UNNAMED -Declipse.application=org.eclipse.jdt.ls.core.id1 -Dosgi.bundles.defaultStartLevel=4 -Declipse.product=org.eclipse.jdt.ls.core.product -Djava.import.generatesMetadataFilesAtProjectRoot=false -DDetectVMInstallationsJob.disabled=true -Dfile.encoding=utf8 -XX:+UseParallelGC -XX:GCTimeRatio=4 -XX:AdaptiveSizePolicyWeight=90 -Dsun.zip.disableMemoryMapping=true -Xmx2G -Xms100m -Xlog:disable -javaagent:c:\Users\denis\.antigravity\extensions\redhat.java-1.49.0-win32-x64\lombok\lombok-1.18.39-4050.jar c:\Users\denis\.antigravity\extensions\redhat.java-1.49.0-win32-x64\server\plugins\org.eclipse.equinox.launcher_1.7.100.v20251111-0406.jar -configuration c:\Users\denis\AppData\Roaming\Antigravity\User\globalStorage\redhat.java\1.49.0\config_ss_win -data c:\Users\denis\AppData\Roaming\Antigravity\User\workspaceStorage\c5ec95d13aa44414d6a41f76a6ab393b\redhat.java\ss_ws --pipe=\\.\pipe\lsp-999762990d746dfb069f83830ae9e9c3-sock

Host: 13th Gen Intel(R) Core(TM) i5-13420H, 12 cores, 31G,  Windows 11 , 64 bit Build 22621 (10.0.22621.5415)
Time: Wed Feb 18 01:15:48 2026 GMT Standard Time elapsed time: 53.427217 seconds (0d 0h 0m 53s)

---------------  T H R E A D  ---------------

Current thread (0x000001e44d28cb50):  JavaThread "C2 CompilerThread0" daemon [_thread_in_native, id=2960, stack(0x000000ba73300000,0x000000ba73400000) (1024K)]


Current CompileTask:
C2:53427 4013       4       org.eclipse.core.internal.resources.MarkerWriter::write (155 bytes)

Stack: [0x000000ba73300000,0x000000ba73400000]
Native frames: (J=compiled Java code, j=interpreted, Vv=VM code, C=native code)
V  [jvm.dll+0x6d6e29]
V  [jvm.dll+0x8b4b76]
V  [jvm.dll+0x8b712e]
V  [jvm.dll+0x8b7813]
V  [jvm.dll+0x283d86]
V  [jvm.dll+0xc66ed]
V  [jvm.dll+0xc6c31]
V  [jvm.dll+0x2facee]
V  [jvm.dll+0x5fde44]
V  [jvm.dll+0x255557]
V  [jvm.dll+0x25591d]
V  [jvm.dll+0x24df40]
V  [jvm.dll+0x24b482]
V  [jvm.dll+0x1cb13e]
V  [jvm.dll+0x25b29d]
V  [jvm.dll+0x25982a]
V  [jvm.dll+0x3f7ea6]
V  [jvm.dll+0x85e9ad]
V  [jvm.dll+0x6d565d]
C  [ucrtbase.dll+0x29333]
C  [KERNEL32.DLL+0x1259d]
C  [ntdll.dll+0x5af78]


---------------  P R O C E S S  ---------------

Threads class SMR info:
_java_thread_list=0x000001e495a6e510, length=41, elements={
0x000001e4348f4530, 0x000001e44d288750, 0x000001e434994f60, 0x000001e434997100,
0x000001e434998010, 0x000001e43499b720, 0x000001e44d28afc0, 0x000001e44d28cb50,
0x000001e44d28d3d0, 0x000001e48f9a00f0, 0x000001e48faf2f60, 0x000001e490d9b250,
0x000001e490c1b4b0, 0x000001e490d95450, 0x000001e490ecdc90, 0x000001e48f8f7550,
0x000001e4951d40c0, 0x000001e490e33b60, 0x000001e4951e5f60, 0x000001e49707cc90,
0x000001e49707b250, 0x000001e49707d320, 0x000001e497079ea0, 0x000001e49707b8e0,
0x000001e49707abc0, 0x000001e49707c600, 0x000001e49707a530, 0x000001e49707bf70,
0x000001e495d6a3f0, 0x000001e495d68320, 0x000001e495d696d0, 0x000001e495d6df00,
0x000001e495d689b0, 0x000001e495d6d870, 0x000001e495d6ec20, 0x000001e495d6e590,
0x000001e495d6aa80, 0x000001e495d6b7a0, 0x000001e490b9a0b0, 0x000001e495d8a9c0,
0x000001e495d6d1e0
}

Java Threads: ( => current thread )
  0x000001e4348f4530 JavaThread "main"                              [_thread_blocked, id=23416, stack(0x000000ba72900000,0x000000ba72a00000) (1024K)]
  0x000001e44d288750 JavaThread "Reference Handler"          daemon [_thread_blocked, id=35340, stack(0x000000ba72d00000,0x000000ba72e00000) (1024K)]
  0x000001e434994f60 JavaThread "Finalizer"                  daemon [_thread_blocked, id=17740, stack(0x000000ba72e00000,0x000000ba72f00000) (1024K)]
  0x000001e434997100 JavaThread "Signal Dispatcher"          daemon [_thread_blocked, id=14544, stack(0x000000ba72f00000,0x000000ba73000000) (1024K)]
  0x000001e434998010 JavaThread "Attach Listener"            daemon [_thread_blocked, id=13060, stack(0x000000ba73000000,0x000000ba73100000) (1024K)]
  0x000001e43499b720 JavaThread "Service Thread"             daemon [_thread_blocked, id=21696, stack(0x000000ba73100000,0x000000ba73200000) (1024K)]
  0x000001e44d28afc0 JavaThread "Monitor Deflation Thread"   daemon [_thread_blocked, id=9368, stack(0x000000ba73200000,0x000000ba73300000) (1024K)]
=>0x000001e44d28cb50 JavaThread "C2 CompilerThread0"         daemon [_thread_in_native, id=2960, stack(0x000000ba73300000,0x000000ba73400000) (1024K)]
  0x000001e44d28d3d0 JavaThread "C1 CompilerThread0"         daemon [_thread_blocked, id=33568, stack(0x000000ba73400000,0x000000ba73500000) (1024K)]
  0x000001e48f9a00f0 JavaThread "Common-Cleaner"             daemon [_thread_blocked, id=5320, stack(0x000000ba73500000,0x000000ba73600000) (1024K)]
  0x000001e48faf2f60 JavaThread "Notification Thread"        daemon [_thread_blocked, id=28512, stack(0x000000ba73600000,0x000000ba73700000) (1024K)]
  0x000001e490d9b250 JavaThread "Active Thread: Equinox Container: 0e2cc384-5eeb-499a-ab75-de6d49d06eb4"        [_thread_blocked, id=31608, stack(0x000000ba73f00000,0x000000ba74000000) (1024K)]
  0x000001e490c1b4b0 JavaThread "Framework Event Dispatcher: Equinox Container: 0e2cc384-5eeb-499a-ab75-de6d49d06eb4" daemon [_thread_blocked, id=18192, stack(0x000000ba73700000,0x000000ba73800000) (1024K)]
  0x000001e490d95450 JavaThread "Start Level: Equinox Container: 0e2cc384-5eeb-499a-ab75-de6d49d06eb4" daemon [_thread_blocked, id=23780, stack(0x000000ba73e00000,0x000000ba73f00000) (1024K)]
  0x000001e490ecdc90 JavaThread "SCR Component Actor"        daemon [_thread_blocked, id=29036, stack(0x000000ba74100000,0x000000ba74200000) (1024K)]
  0x000001e48f8f7550 JavaThread "Worker-JM"                         [_thread_blocked, id=2672, stack(0x000000ba74400000,0x000000ba74500000) (1024K)]
  0x000001e4951d40c0 JavaThread "JNA Cleaner"                daemon [_thread_blocked, id=2332, stack(0x000000ba74200000,0x000000ba74300000) (1024K)]
  0x000001e490e33b60 JavaThread "Worker-0"                          [_thread_blocked, id=25884, stack(0x000000ba74300000,0x000000ba74400000) (1024K)]
  0x000001e4951e5f60 JavaThread "Worker-1"                          [_thread_blocked, id=12296, stack(0x000000ba74700000,0x000000ba74800000) (1024K)]
  0x000001e49707cc90 JavaThread "Thread-1"                   daemon [_thread_in_native, id=20408, stack(0x000000ba74b00000,0x000000ba74c00000) (1024K)]
  0x000001e49707b250 JavaThread "Thread-2"                   daemon [_thread_in_native, id=9536, stack(0x000000ba74c00000,0x000000ba74d00000) (1024K)]
  0x000001e49707d320 JavaThread "Thread-3"                   daemon [_thread_in_native, id=32956, stack(0x000000ba74d00000,0x000000ba74e00000) (1024K)]
  0x000001e497079ea0 JavaThread "Thread-4"                   daemon [_thread_in_native, id=18560, stack(0x000000ba74e00000,0x000000ba74f00000) (1024K)]
  0x000001e49707b8e0 JavaThread "Thread-5"                   daemon [_thread_in_native, id=32444, stack(0x000000ba74f00000,0x000000ba75000000) (1024K)]
  0x000001e49707abc0 JavaThread "Thread-6"                   daemon [_thread_in_native, id=12656, stack(0x000000ba75000000,0x000000ba75100000) (1024K)]
  0x000001e49707c600 JavaThread "Thread-7"                   daemon [_thread_in_native, id=31372, stack(0x000000ba75100000,0x000000ba75200000) (1024K)]
  0x000001e49707a530 JavaThread "Thread-8"                   daemon [_thread_in_native, id=21564, stack(0x000000ba75200000,0x000000ba75300000) (1024K)]
  0x000001e49707bf70 JavaThread "Thread-9"                   daemon [_thread_in_native, id=32736, stack(0x000000ba75300000,0x000000ba75400000) (1024K)]
  0x000001e495d6a3f0 JavaThread "Thread-10"                  daemon [_thread_in_native, id=35684, stack(0x000000ba75400000,0x000000ba75500000) (1024K)]
  0x000001e495d68320 JavaThread "Thread-11"                  daemon [_thread_in_native, id=28524, stack(0x000000ba75500000,0x000000ba75600000) (1024K)]
  0x000001e495d696d0 JavaThread "Thread-12"                  daemon [_thread_in_native, id=26312, stack(0x000000ba75600000,0x000000ba75700000) (1024K)]
  0x000001e495d6df00 JavaThread "Thread-13"                  daemon [_thread_in_native, id=32904, stack(0x000000ba75700000,0x000000ba75800000) (1024K)]
  0x000001e495d689b0 JavaThread "pool-2-thread-1"                   [_thread_blocked, id=32652, stack(0x000000ba75800000,0x000000ba75900000) (1024K)]
  0x000001e495d6d870 JavaThread "WorkspaceEventsHandler"            [_thread_blocked, id=35488, stack(0x000000ba75900000,0x000000ba75a00000) (1024K)]
  0x000001e495d6ec20 JavaThread "pool-1-thread-1"                   [_thread_in_Java, id=22228, stack(0x000000ba75a00000,0x000000ba75b00000) (1024K)]
  0x000001e495d6e590 JavaThread "Worker-2"                          [_thread_blocked, id=33604, stack(0x000000ba75b00000,0x000000ba75c00000) (1024K)]
  0x000001e495d6aa80 JavaThread "ForkJoinPool.commonPool-worker-1" daemon [_thread_blocked, id=7344, stack(0x000000ba74800000,0x000000ba74900000) (1024K)]
  0x000001e495d6b7a0 JavaThread "pool-3-thread-1"                   [_thread_blocked, id=31308, stack(0x000000ba75c00000,0x000000ba75d00000) (1024K)]
  0x000001e490b9a0b0 JavaThread "C2 CompilerThread1"         daemon [_thread_blocked, id=29540, stack(0x000000ba75d00000,0x000000ba75e00000) (1024K)]
  0x000001e495d8a9c0 JavaThread "C2 CompilerThread2"         daemon [_thread_in_native, id=30680, stack(0x000000ba75e00000,0x000000ba75f00000) (1024K)]
  0x000001e495d6d1e0 JavaThread "Framework stop - Equinox Container: 0e2cc384-5eeb-499a-ab75-de6d49d06eb4"        [_thread_new, id=21220, stack(0x0000000000000000,0x0000000000000000) (0B)]
Total: 41

Other Threads:
  0x000001e48f790090 VMThread "VM Thread"                           [id=29752, stack(0x000000ba72c00000,0x000000ba72d00000) (1024K)]
  0x000001e44d16ca00 WatcherThread "VM Periodic Task Thread"        [id=32048, stack(0x000000ba72b00000,0x000000ba72c00000) (1024K)]
  0x000001e434912a70 WorkerThread "GC Thread#0"                     [id=6800, stack(0x000000ba72a00000,0x000000ba72b00000) (1024K)]
  0x000001e490c037f0 WorkerThread "GC Thread#1"                     [id=25152, stack(0x000000ba73800000,0x000000ba73900000) (1024K)]
  0x000001e4907b92a0 WorkerThread "GC Thread#2"                     [id=22904, stack(0x000000ba73900000,0x000000ba73a00000) (1024K)]
  0x000001e4907b9640 WorkerThread "GC Thread#3"                     [id=29132, stack(0x000000ba73a00000,0x000000ba73b00000) (1024K)]
  0x000001e4907b99e0 WorkerThread "GC Thread#4"                     [id=29956, stack(0x000000ba73b00000,0x000000ba73c00000) (1024K)]
  0x000001e48fb60e50 WorkerThread "GC Thread#5"                     [id=9444, stack(0x000000ba73c00000,0x000000ba73d00000) (1024K)]
  0x000001e48fb61e10 WorkerThread "GC Thread#6"                     [id=24888, stack(0x000000ba73d00000,0x000000ba73e00000) (1024K)]
  0x000001e490a22590 WorkerThread "GC Thread#7"                     [id=15000, stack(0x000000ba74000000,0x000000ba74100000) (1024K)]
  0x000001e495278090 WorkerThread "GC Thread#8"                     [id=29248, stack(0x000000ba74500000,0x000000ba74600000) (1024K)]
  0x000001e490f20550 WorkerThread "GC Thread#9"                     [id=1972, stack(0x000000ba74600000,0x000000ba74700000) (1024K)]
Total: 12

Threads with active compile tasks:
C2 CompilerThread0  53470 4013       4       org.eclipse.core.internal.resources.MarkerWriter::write (155 bytes)
C1 CompilerThread0  53470 4040       3       java.util.regex.Matcher::start (18 bytes)
C2 CompilerThread2  53470 4037       4       java.lang.AbstractStringBuilder::append (67 bytes)
Total: 3

VM state: not at safepoint (normal execution)

VM Mutex/Monitor currently owned by a thread: None

Heap address: 0x0000000080000000, size: 2048 MB, Compressed Oops mode: 32-bit

CDS archive(s) mapped at: [0x000001e44e000000-0x000001e44eba0000-0x000001e44eba0000), size 12189696, SharedBaseAddress: 0x000001e44e000000, ArchiveRelocationMode: 1.
Compressed class space mapped at: 0x000001e44f000000-0x000001e48f000000, reserved size: 1073741824
Narrow klass base: 0x000001e44e000000, Narrow klass shift: 0, Narrow klass range: 0x100000000

GC Precious Log:
 CardTable entry size: 512
 CPUs: 12 total, 12 available
 Memory: 32471M
 Large Page Support: Disabled
 NUMA Support: Disabled
 Compressed Oops: Enabled (32-bit)
 Alignments: Space 512K, Generation 512K, Heap 2M
 Heap Min Capacity: 100M
 Heap Initial Capacity: 100M
 Heap Max Capacity: 2G
 Pre-touch: Disabled
 Parallel Workers: 10

Heap:
 PSYoungGen      total 27648K, used 14223K [0x00000000d5580000, 0x00000000d7500000, 0x0000000100000000)
  eden space 23040K, 42% used [0x00000000d5580000,0x00000000d5f1a7e8,0x00000000d6c00000)
  from space 4608K, 95% used [0x00000000d6c80000,0x00000000d70c9710,0x00000000d7100000)
  to   space 4096K, 0% used [0x00000000d7100000,0x00000000d7100000,0x00000000d7500000)
 ParOldGen       total 68608K, used 13120K [0x0000000080000000, 0x0000000084300000, 0x00000000d5580000)
  object space 68608K, 19% used [0x0000000080000000,0x0000000080cd0328,0x0000000084300000)
 Metaspace       used 31032K, committed 32000K, reserved 1114112K
  class space    used 3133K, committed 3584K, reserved 1048576K

Card table byte_map: [0x000001e4485a0000,0x000001e4489b0000] _byte_map_base: 0x000001e4481a0000

Marking Bits: (ParMarkBitMap*) 0x00007ff9cacb2460
 Begin Bits: [0x000001e448c60000, 0x000001e44ac60000)
 End Bits:   [0x000001e44ac60000, 0x000001e44cc60000)

Polling page: 0x000001e434720000

Metaspace:

Usage:
  Non-class:     27.25 MB used.
      Class:      3.06 MB used.
       Both:     30.31 MB used.

Virtual space:
  Non-class space:       64.00 MB reserved,      27.75 MB ( 43%) committed,  1 nodes.
      Class space:        1.00 GB reserved,       3.50 MB ( <1%) committed,  1 nodes.
             Both:        1.06 GB reserved,      31.25 MB (  3%) committed. 

Chunk freelists:
   Non-Class:  3.67 MB
       Class:  12.48 MB
        Both:  16.15 MB

MaxMetaspaceSize: unlimited
CompressedClassSpaceSize: 1.00 GB
Initial GC threshold: 21.00 MB
Current GC threshold: 35.00 MB
CDS: on
 - commit_granule_bytes: 65536.
 - commit_granule_words: 8192.
 - virtual_space_node_default_size: 8388608.
 - enlarge_chunks_in_place: 1.
 - use_allocation_guard: 0.


Internal statistics:

num_allocs_failed_limit: 3.
num_arena_births: 572.
num_arena_deaths: 14.
num_vsnodes_births: 2.
num_vsnodes_deaths: 0.
num_space_committed: 500.
num_space_uncommitted: 0.
num_chunks_returned_to_freelist: 17.
num_chunks_taken_from_freelist: 1805.
num_chunk_merges: 7.
num_chunk_splits: 1133.
num_chunks_enlarged: 727.
num_inconsistent_stats: 0.

CodeHeap 'non-profiled nmethods': size=120000Kb used=1956Kb max_used=1956Kb free=118043Kb
 bounds [0x000001e440e80000, 0x000001e4410f0000, 0x000001e4483b0000]
CodeHeap 'profiled nmethods': size=120000Kb used=8128Kb max_used=8128Kb free=111871Kb
 bounds [0x000001e4393b0000, 0x000001e439bb0000, 0x000001e4408e0000]
CodeHeap 'non-nmethods': size=5760Kb used=1355Kb max_used=1388Kb free=4405Kb
 bounds [0x000001e4408e0000, 0x000001e440b50000, 0x000001e440e80000]
CodeCache: size=245760Kb, used=11439Kb, max_used=11472Kb, free=234319Kb
 total_blobs=4683, nmethods=4036, adapters=552, full_count=0
Compilation: enabled, stopped_count=0, restarted_count=0

Compilation events (20 events):
Event: 53.401 Thread 0x000001e490b9a0b0 4014       4       jdk.internal.util.ByteArray::setLong (10 bytes)
Event: 53.402 Thread 0x000001e490b9a0b0 nmethod 4014 0x000001e441067290 code [0x000001e441067420, 0x000001e441067500]
Event: 53.406 Thread 0x000001e44d28d3d0 4015       3       org.eclipse.core.internal.resources.MarkerSet::elements (55 bytes)
Event: 53.406 Thread 0x000001e44d28d3d0 nmethod 4015 0x000001e439b90490 code [0x000001e439b90640, 0x000001e439b90a58]
Event: 53.406 Thread 0x000001e44d28d3d0 4016       3       org.eclipse.core.internal.resources.MarkerWriter::filterMarkers (72 bytes)
Event: 53.407 Thread 0x000001e44d28d3d0 nmethod 4016 0x000001e439b90b90 code [0x000001e439b90da0, 0x000001e439b91788]
Event: 53.409 Thread 0x000001e495d8a9c0 4017       4       jdk.internal.misc.Unsafe::putShortUnaligned (14 bytes)
Event: 53.409 Thread 0x000001e495d8a9c0 nmethod 4017 0x000001e441067690 code [0x000001e441067820, 0x000001e441067900]
Event: 53.415 Thread 0x000001e44d28d3d0 4018 %     3       java.io.DataOutputStream::writeUTF @ 165 (389 bytes)
Event: 53.416 Thread 0x000001e490b9a0b0 4019       4       jdk.internal.util.ByteArray::setUnsignedShort (12 bytes)
Event: 53.417 Thread 0x000001e44d28d3d0 nmethod 4018% 0x000001e439b91b10 code [0x000001e439b91f20, 0x000001e439b94320]
Event: 53.418 Thread 0x000001e490b9a0b0 nmethod 4019 0x000001e441067a10 code [0x000001e441067ba0, 0x000001e441067c80]
Event: 53.418 Thread 0x000001e44d28d3d0 4020       3       java.io.DataOutputStream::writeUTF (389 bytes)
Event: 53.420 Thread 0x000001e44d28d3d0 nmethod 4020 0x000001e439b95090 code [0x000001e439b954a0, 0x000001e439b976c8]
Event: 53.421 Thread 0x000001e44d28d3d0 4021       3       jdk.internal.misc.Unsafe::checkNativeAddress (28 bytes)
Event: 53.422 Thread 0x000001e44d28d3d0 nmethod 4021 0x000001e439b98410 code [0x000001e439b985a0, 0x000001e439b986b8]
Event: 53.422 Thread 0x000001e44d28d3d0 4022       3       jdk.internal.loader.NativeLibraries$NativeLibraryImpl::find (9 bytes)
Event: 53.422 Thread 0x000001e44d28d3d0 nmethod 4022 0x000001e439b98790 code [0x000001e439b98940, 0x000001e439b98a80]
Event: 53.426 Thread 0x000001e44d28d3d0 4023       3       java.lang.Thread::onSpinWait (1 bytes)
Event: 53.426 Thread 0x000001e44d28d3d0 nmethod 4023 0x000001e439b98b10 code [0x000001e439b98ca0, 0x000001e439b98d88]

GC Heap History (20 events):
Event: 1.318 GC heap before
{Heap before GC invocations=1 (full 0):
 PSYoungGen      total 29696K, used 25600K [0x00000000d5580000, 0x00000000d7680000, 0x0000000100000000)
  eden space 25600K, 100% used [0x00000000d5580000,0x00000000d6e80000,0x00000000d6e80000)
  from space 4096K, 0% used [0x00000000d7280000,0x00000000d7280000,0x00000000d7680000)
  to   space 4096K, 0% used [0x00000000d6e80000,0x00000000d6e80000,0x00000000d7280000)
 ParOldGen       total 68608K, used 0K [0x0000000080000000, 0x0000000084300000, 0x00000000d5580000)
  object space 68608K, 0% used [0x0000000080000000,0x0000000080000000,0x0000000084300000)
 Metaspace       used 4369K, committed 4608K, reserved 1114112K
  class space    used 474K, committed 576K, reserved 1048576K
}
Event: 1.334 GC heap after
{Heap after GC invocations=1 (full 0):
 PSYoungGen      total 29696K, used 3286K [0x00000000d5580000, 0x00000000d7680000, 0x0000000100000000)
  eden space 25600K, 0% used [0x00000000d5580000,0x00000000d5580000,0x00000000d6e80000)
  from space 4096K, 80% used [0x00000000d6e80000,0x00000000d71b5810,0x00000000d7280000)
  to   space 4096K, 0% used [0x00000000d7280000,0x00000000d7280000,0x00000000d7680000)
 ParOldGen       total 68608K, used 0K [0x0000000080000000, 0x0000000084300000, 0x00000000d5580000)
  object space 68608K, 0% used [0x0000000080000000,0x0000000080000000,0x0000000084300000)
 Metaspace       used 4369K, committed 4608K, reserved 1114112K
  class space    used 474K, committed 576K, reserved 1048576K
}
Event: 9.799 GC heap before
{Heap before GC invocations=2 (full 0):
 PSYoungGen      total 29696K, used 28886K [0x00000000d5580000, 0x00000000d7680000, 0x0000000100000000)
  eden space 25600K, 100% used [0x00000000d5580000,0x00000000d6e80000,0x00000000d6e80000)
  from space 4096K, 80% used [0x00000000d6e80000,0x00000000d71b5810,0x00000000d7280000)
  to   space 4096K, 0% used [0x00000000d7280000,0x00000000d7280000,0x00000000d7680000)
 ParOldGen       total 68608K, used 0K [0x0000000080000000, 0x0000000084300000, 0x00000000d5580000)
  object space 68608K, 0% used [0x0000000080000000,0x0000000080000000,0x0000000084300000)
 Metaspace       used 8299K, committed 8576K, reserved 1114112K
  class space    used 883K, committed 1024K, reserved 1048576K
}
Event: 9.804 GC heap after
{Heap after GC invocations=2 (full 0):
 PSYoungGen      total 29696K, used 4075K [0x00000000d5580000, 0x00000000d7680000, 0x0000000100000000)
  eden space 25600K, 0% used [0x00000000d5580000,0x00000000d5580000,0x00000000d6e80000)
  from space 4096K, 99% used [0x00000000d7280000,0x00000000d767aff8,0x00000000d7680000)
  to   space 4096K, 0% used [0x00000000d6e80000,0x00000000d6e80000,0x00000000d7280000)
 ParOldGen       total 68608K, used 903K [0x0000000080000000, 0x0000000084300000, 0x00000000d5580000)
  object space 68608K, 1% used [0x0000000080000000,0x00000000800e1ea8,0x0000000084300000)
 Metaspace       used 8299K, committed 8576K, reserved 1114112K
  class space    used 883K, committed 1024K, reserved 1048576K
}
Event: 10.585 GC heap before
{Heap before GC invocations=3 (full 0):
 PSYoungGen      total 29696K, used 29675K [0x00000000d5580000, 0x00000000d7680000, 0x0000000100000000)
  eden space 25600K, 100% used [0x00000000d5580000,0x00000000d6e80000,0x00000000d6e80000)
  from space 4096K, 99% used [0x00000000d7280000,0x00000000d767aff8,0x00000000d7680000)
  to   space 4096K, 0% used [0x00000000d6e80000,0x00000000d6e80000,0x00000000d7280000)
 ParOldGen       total 68608K, used 903K [0x0000000080000000, 0x0000000084300000, 0x00000000d5580000)
  object space 68608K, 1% used [0x0000000080000000,0x00000000800e1ea8,0x0000000084300000)
 Metaspace       used 13122K, committed 13696K, reserved 1114112K
  class space    used 1388K, committed 1664K, reserved 1048576K
}
Event: 10.590 GC heap after
{Heap after GC invocations=3 (full 0):
 PSYoungGen      total 29696K, used 4095K [0x00000000d5580000, 0x00000000d7680000, 0x0000000100000000)
  eden space 25600K, 0% used [0x00000000d5580000,0x00000000d5580000,0x00000000d6e80000)
  from space 4096K, 99% used [0x00000000d6e80000,0x00000000d727fe28,0x00000000d7280000)
  to   space 4096K, 0% used [0x00000000d7280000,0x00000000d7280000,0x00000000d7680000)
 ParOldGen       total 68608K, used 2777K [0x0000000080000000, 0x0000000084300000, 0x00000000d5580000)
  object space 68608K, 4% used [0x0000000080000000,0x00000000802b6718,0x0000000084300000)
 Metaspace       used 13122K, committed 13696K, reserved 1114112K
  class space    used 1388K, committed 1664K, reserved 1048576K
}
Event: 11.582 GC heap before
{Heap before GC invocations=4 (full 0):
 PSYoungGen      total 29696K, used 29695K [0x00000000d5580000, 0x00000000d7680000, 0x0000000100000000)
  eden space 25600K, 100% used [0x00000000d5580000,0x00000000d6e80000,0x00000000d6e80000)
  from space 4096K, 99% used [0x00000000d6e80000,0x00000000d727fe28,0x00000000d7280000)
  to   space 4096K, 0% used [0x00000000d7280000,0x00000000d7280000,0x00000000d7680000)
 ParOldGen       total 68608K, used 2777K [0x0000000080000000, 0x0000000084300000, 0x00000000d5580000)
  object space 68608K, 4% used [0x0000000080000000,0x00000000802b6718,0x0000000084300000)
 Metaspace       used 15951K, committed 16576K, reserved 1114112K
  class space    used 1683K, committed 1984K, reserved 1048576K
}
Event: 11.586 GC heap after
{Heap after GC invocations=4 (full 0):
 PSYoungGen      total 29696K, used 4090K [0x00000000d5580000, 0x00000000d7680000, 0x0000000100000000)
  eden space 25600K, 0% used [0x00000000d5580000,0x00000000d5580000,0x00000000d6e80000)
  from space 4096K, 99% used [0x00000000d7280000,0x00000000d767ea50,0x00000000d7680000)
  to   space 4096K, 0% used [0x00000000d6e80000,0x00000000d6e80000,0x00000000d7280000)
 ParOldGen       total 68608K, used 6837K [0x0000000080000000, 0x0000000084300000, 0x00000000d5580000)
  object space 68608K, 9% used [0x0000000080000000,0x00000000806ad730,0x0000000084300000)
 Metaspace       used 15951K, committed 16576K, reserved 1114112K
  class space    used 1683K, committed 1984K, reserved 1048576K
}
Event: 11.954 GC heap before
{Heap before GC invocations=5 (full 0):
 PSYoungGen      total 29696K, used 29690K [0x00000000d5580000, 0x00000000d7680000, 0x0000000100000000)
  eden space 25600K, 100% used [0x00000000d5580000,0x00000000d6e80000,0x00000000d6e80000)
  from space 4096K, 99% used [0x00000000d7280000,0x00000000d767ea50,0x00000000d7680000)
  to   space 4096K, 0% used [0x00000000d6e80000,0x00000000d6e80000,0x00000000d7280000)
 ParOldGen       total 68608K, used 6837K [0x0000000080000000, 0x0000000084300000, 0x00000000d5580000)
  object space 68608K, 9% used [0x0000000080000000,0x00000000806ad730,0x0000000084300000)
 Metaspace       used 19163K, committed 19840K, reserved 1114112K
  class space    used 1901K, committed 2240K, reserved 1048576K
}
Event: 11.959 GC heap after
{Heap after GC invocations=5 (full 0):
 PSYoungGen      total 29184K, used 4093K [0x00000000d5580000, 0x00000000d7a00000, 0x0000000100000000)
  eden space 25088K, 0% used [0x00000000d5580000,0x00000000d5580000,0x00000000d6e00000)
  from space 4096K, 99% used [0x00000000d6e80000,0x00000000d727f538,0x00000000d7280000)
  to   space 6144K, 0% used [0x00000000d7400000,0x00000000d7400000,0x00000000d7a00000)
 ParOldGen       total 68608K, used 7461K [0x0000000080000000, 0x0000000084300000, 0x00000000d5580000)
  object space 68608K, 10% used [0x0000000080000000,0x0000000080749750,0x0000000084300000)
 Metaspace       used 19163K, committed 19840K, reserved 1114112K
  class space    used 1901K, committed 2240K, reserved 1048576K
}
Event: 12.101 GC heap before
{Heap before GC invocations=6 (full 0):
 PSYoungGen      total 29184K, used 17618K [0x00000000d5580000, 0x00000000d7a00000, 0x0000000100000000)
  eden space 25088K, 53% used [0x00000000d5580000,0x00000000d62b5490,0x00000000d6e00000)
  from space 4096K, 99% used [0x00000000d6e80000,0x00000000d727f538,0x00000000d7280000)
  to   space 6144K, 0% used [0x00000000d7400000,0x00000000d7400000,0x00000000d7a00000)
 ParOldGen       total 68608K, used 7461K [0x0000000080000000, 0x0000000084300000, 0x00000000d5580000)
  object space 68608K, 10% used [0x0000000080000000,0x0000000080749750,0x0000000084300000)
 Metaspace       used 20821K, committed 21504K, reserved 1114112K
  class space    used 2063K, committed 2368K, reserved 1048576K
}
Event: 12.103 GC heap after
{Heap after GC invocations=6 (full 0):
 PSYoungGen      total 30208K, used 4612K [0x00000000d5580000, 0x00000000d7900000, 0x0000000100000000)
  eden space 25088K, 0% used [0x00000000d5580000,0x00000000d5580000,0x00000000d6e00000)
  from space 5120K, 90% used [0x00000000d7400000,0x00000000d7881260,0x00000000d7900000)
  to   space 5120K, 0% used [0x00000000d6f00000,0x00000000d6f00000,0x00000000d7400000)
 ParOldGen       total 68608K, used 7461K [0x0000000080000000, 0x0000000084300000, 0x00000000d5580000)
  object space 68608K, 10% used [0x0000000080000000,0x0000000080749750,0x0000000084300000)
 Metaspace       used 20821K, committed 21504K, reserved 1114112K
  class space    used 2063K, committed 2368K, reserved 1048576K
}
Event: 12.103 GC heap before
{Heap before GC invocations=7 (full 1):
 PSYoungGen      total 30208K, used 4612K [0x00000000d5580000, 0x00000000d7900000, 0x0000000100000000)
  eden space 25088K, 0% used [0x00000000d5580000,0x00000000d5580000,0x00000000d6e00000)
  from space 5120K, 90% used [0x00000000d7400000,0x00000000d7881260,0x00000000d7900000)
  to   space 5120K, 0% used [0x00000000d6f00000,0x00000000d6f00000,0x00000000d7400000)
 ParOldGen       total 68608K, used 7461K [0x0000000080000000, 0x0000000084300000, 0x00000000d5580000)
  object space 68608K, 10% used [0x0000000080000000,0x0000000080749750,0x0000000084300000)
 Metaspace       used 20821K, committed 21504K, reserved 1114112K
  class space    used 2063K, committed 2368K, reserved 1048576K
}
Event: 12.130 GC heap after
{Heap after GC invocations=7 (full 1):
 PSYoungGen      total 30208K, used 0K [0x00000000d5580000, 0x00000000d7900000, 0x0000000100000000)
  eden space 25088K, 0% used [0x00000000d5580000,0x00000000d5580000,0x00000000d6e00000)
  from space 5120K, 0% used [0x00000000d7400000,0x00000000d7400000,0x00000000d7900000)
  to   space 5120K, 0% used [0x00000000d6f00000,0x00000000d6f00000,0x00000000d7400000)
 ParOldGen       total 68608K, used 11654K [0x0000000080000000, 0x0000000084300000, 0x00000000d5580000)
  object space 68608K, 16% used [0x0000000080000000,0x0000000080b61b78,0x0000000084300000)
 Metaspace       used 20808K, committed 21504K, reserved 1114112K
  class space    used 2059K, committed 2368K, reserved 1048576K
}
Event: 12.565 GC heap before
{Heap before GC invocations=8 (full 1):
 PSYoungGen      total 30208K, used 25088K [0x00000000d5580000, 0x00000000d7900000, 0x0000000100000000)
  eden space 25088K, 100% used [0x00000000d5580000,0x00000000d6e00000,0x00000000d6e00000)
  from space 5120K, 0% used [0x00000000d7400000,0x00000000d7400000,0x00000000d7900000)
  to   space 5120K, 0% used [0x00000000d6f00000,0x00000000d6f00000,0x00000000d7400000)
 ParOldGen       total 68608K, used 11654K [0x0000000080000000, 0x0000000084300000, 0x00000000d5580000)
  object space 68608K, 16% used [0x0000000080000000,0x0000000080b61b78,0x0000000084300000)
 Metaspace       used 23240K, committed 23936K, reserved 1114112K
  class space    used 2244K, committed 2560K, reserved 1048576K
}
Event: 12.566 GC heap after
{Heap after GC invocations=8 (full 1):
 PSYoungGen      total 27136K, used 2419K [0x00000000d5580000, 0x00000000d7480000, 0x0000000100000000)
  eden space 24576K, 0% used [0x00000000d5580000,0x00000000d5580000,0x00000000d6d80000)
  from space 2560K, 94% used [0x00000000d6f00000,0x00000000d715ccf0,0x00000000d7180000)
  to   space 3072K, 0% used [0x00000000d7180000,0x00000000d7180000,0x00000000d7480000)
 ParOldGen       total 68608K, used 11662K [0x0000000080000000, 0x0000000084300000, 0x00000000d5580000)
  object space 68608K, 16% used [0x0000000080000000,0x0000000080b63b78,0x0000000084300000)
 Metaspace       used 23240K, committed 23936K, reserved 1114112K
  class space    used 2244K, committed 2560K, reserved 1048576K
}
Event: 12.999 GC heap before
{Heap before GC invocations=9 (full 1):
 PSYoungGen      total 27136K, used 26995K [0x00000000d5580000, 0x00000000d7480000, 0x0000000100000000)
  eden space 24576K, 100% used [0x00000000d5580000,0x00000000d6d80000,0x00000000d6d80000)
  from space 2560K, 94% used [0x00000000d6f00000,0x00000000d715ccf0,0x00000000d7180000)
  to   space 3072K, 0% used [0x00000000d7180000,0x00000000d7180000,0x00000000d7480000)
 ParOldGen       total 68608K, used 11662K [0x0000000080000000, 0x0000000084300000, 0x00000000d5580000)
  object space 68608K, 16% used [0x0000000080000000,0x0000000080b63b78,0x0000000084300000)
 Metaspace       used 26793K, committed 27584K, reserved 1114112K
  class space    used 2634K, committed 3008K, reserved 1048576K
}
Event: 13.001 GC heap after
{Heap after GC invocations=9 (full 1):
 PSYoungGen      total 26624K, used 3047K [0x00000000d5580000, 0x00000000d7700000, 0x0000000100000000)
  eden space 23552K, 0% used [0x00000000d5580000,0x00000000d5580000,0x00000000d6c80000)
  from space 3072K, 99% used [0x00000000d7180000,0x00000000d7479ef0,0x00000000d7480000)
  to   space 5120K, 0% used [0x00000000d6c80000,0x00000000d6c80000,0x00000000d7180000)
 ParOldGen       total 68608K, used 13112K [0x0000000080000000, 0x0000000084300000, 0x00000000d5580000)
  object space 68608K, 19% used [0x0000000080000000,0x0000000080cce328,0x0000000084300000)
 Metaspace       used 26793K, committed 27584K, reserved 1114112K
  class space    used 2634K, committed 3008K, reserved 1048576K
}
Event: 13.304 GC heap before
{Heap before GC invocations=10 (full 1):
 PSYoungGen      total 26624K, used 26599K [0x00000000d5580000, 0x00000000d7700000, 0x0000000100000000)
  eden space 23552K, 100% used [0x00000000d5580000,0x00000000d6c80000,0x00000000d6c80000)
  from space 3072K, 99% used [0x00000000d7180000,0x00000000d7479ef0,0x00000000d7480000)
  to   space 5120K, 0% used [0x00000000d6c80000,0x00000000d6c80000,0x00000000d7180000)
 ParOldGen       total 68608K, used 13112K [0x0000000080000000, 0x0000000084300000, 0x00000000d5580000)
  object space 68608K, 19% used [0x0000000080000000,0x0000000080cce328,0x0000000084300000)
 Metaspace       used 29859K, committed 30656K, reserved 1114112K
  class space    used 2979K, committed 3328K, reserved 1048576K
}
Event: 13.306 GC heap after
{Heap after GC invocations=10 (full 1):
 PSYoungGen      total 27648K, used 4389K [0x00000000d5580000, 0x00000000d7500000, 0x0000000100000000)
  eden space 23040K, 0% used [0x00000000d5580000,0x00000000d5580000,0x00000000d6c00000)
  from space 4608K, 95% used [0x00000000d6c80000,0x00000000d70c9710,0x00000000d7100000)
  to   space 4096K, 0% used [0x00000000d7100000,0x00000000d7100000,0x00000000d7500000)
 ParOldGen       total 68608K, used 13120K [0x0000000080000000, 0x0000000084300000, 0x00000000d5580000)
  object space 68608K, 19% used [0x0000000080000000,0x0000000080cd0328,0x0000000084300000)
 Metaspace       used 29859K, committed 30656K, reserved 1114112K
  class space    used 2979K, committed 3328K, reserved 1048576K
}

Dll operation events (10 events):
Event: 0.069 Loaded shared library c:\Users\denis\.antigravity\extensions\redhat.java-1.49.0-win32-x64\jre\21.0.9-win32-x86_64\bin\java.dll
Event: 0.102 Loaded shared library c:\Users\denis\.antigravity\extensions\redhat.java-1.49.0-win32-x64\jre\21.0.9-win32-x86_64\bin\zip.dll
Event: 0.178 Loaded shared library C:\Users\denis\.antigravity\extensions\redhat.java-1.49.0-win32-x64\jre\21.0.9-win32-x86_64\bin\instrument.dll
Event: 0.192 Loaded shared library C:\Users\denis\.antigravity\extensions\redhat.java-1.49.0-win32-x64\jre\21.0.9-win32-x86_64\bin\net.dll
Event: 0.197 Loaded shared library C:\Users\denis\.antigravity\extensions\redhat.java-1.49.0-win32-x64\jre\21.0.9-win32-x86_64\bin\nio.dll
Event: 0.205 Loaded shared library C:\Users\denis\.antigravity\extensions\redhat.java-1.49.0-win32-x64\jre\21.0.9-win32-x86_64\bin\zip.dll
Event: 0.235 Loaded shared library C:\Users\denis\.antigravity\extensions\redhat.java-1.49.0-win32-x64\jre\21.0.9-win32-x86_64\bin\jimage.dll
Event: 0.370 Loaded shared library c:\Users\denis\.antigravity\extensions\redhat.java-1.49.0-win32-x64\jre\21.0.9-win32-x86_64\bin\verify.dll
Event: 9.816 Loaded shared library C:\Users\denis\AppData\Roaming\Antigravity\User\globalStorage\redhat.java\1.49.0\config_ss_win\org.eclipse.equinox.launcher\org.eclipse.equinox.launcher.win32.win32.x86_64_1.2.1400.v20250801-0854\eclipse_11916.dll
Event: 11.252 Loaded shared library C:\Users\denis\AppData\Local\Temp\jna-95470071\jna16537603062515084286.dll

Deoptimization events (20 events):
Event: 53.353 Thread 0x000001e495d6e590 DEOPT PACKING pc=0x000001e44102d618 sp=0x000000ba75bfdd50
Event: 53.353 Thread 0x000001e495d6e590 DEOPT UNPACKING pc=0x000001e440933aa2 sp=0x000000ba75bfdc48 mode 2
Event: 53.372 Thread 0x000001e495d6b110 Uncommon trap: trap_request=0xffffff45 fr.pc=0x000001e44105c45c relative=0x000000000000033c
Event: 53.372 Thread 0x000001e495d6b110 Uncommon trap: reason=unstable_if action=reinterpret pc=0x000001e44105c45c method=java.io.BufferedOutputStream.implWrite(I)V @ 14 c2
Event: 53.372 Thread 0x000001e495d6b110 DEOPT PACKING pc=0x000001e44105c45c sp=0x000000ba75ffdb30
Event: 53.372 Thread 0x000001e495d6b110 DEOPT UNPACKING pc=0x000001e440933aa2 sp=0x000000ba75ffd9f0 mode 2
Event: 53.373 Thread 0x000001e495d6b110 Uncommon trap: trap_request=0xffffff45 fr.pc=0x000001e44105b7f0 relative=0x00000000000002d0
Event: 53.373 Thread 0x000001e495d6b110 Uncommon trap: reason=unstable_if action=reinterpret pc=0x000001e44105b7f0 method=java.io.BufferedOutputStream.implWrite(I)V @ 14 c2
Event: 53.373 Thread 0x000001e495d6b110 DEOPT PACKING pc=0x000001e44105b7f0 sp=0x000000ba75ffdae0
Event: 53.373 Thread 0x000001e495d6b110 DEOPT UNPACKING pc=0x000001e440933aa2 sp=0x000000ba75ffda00 mode 2
Event: 53.377 Thread 0x000001e495d6b110 Uncommon trap: trap_request=0xffffff45 fr.pc=0x000001e441059e88 relative=0x0000000000000148
Event: 53.377 Thread 0x000001e495d6b110 Uncommon trap: reason=unstable_if action=reinterpret pc=0x000001e441059e88 method=java.io.BufferedOutputStream.implWrite(I)V @ 14 c2
Event: 53.380 Thread 0x000001e495d6b110 DEOPT PACKING pc=0x000001e441059e88 sp=0x000000ba75ffd9b0
Event: 53.380 Thread 0x000001e495d6b110 DEOPT UNPACKING pc=0x000001e440933aa2 sp=0x000000ba75ffd948 mode 2
Event: 53.415 Thread 0x000001e495d6b110 Uncommon trap: trap_request=0xffffff45 fr.pc=0x000001e441060e6c relative=0x000000000000074c
Event: 53.415 Thread 0x000001e495d6b110 Uncommon trap: reason=unstable_if action=reinterpret pc=0x000001e441060e6c method=java.io.DataOutputStream.writeUTF(Ljava/lang/String;Ljava/io/DataOutput;)I @ 113 c2
Event: 53.415 Thread 0x000001e495d6b110 DEOPT PACKING pc=0x000001e441060e6c sp=0x000000ba75ffdc50
Event: 53.415 Thread 0x000001e495d6b110 DEOPT UNPACKING pc=0x000001e440933aa2 sp=0x000000ba75ffdbf8 mode 2
Event: 53.419 Thread 0x000001e495d6b110 DEOPT PACKING pc=0x000001e439a4201f sp=0x000000ba75ffe3c0
Event: 53.419 Thread 0x000001e495d6b110 DEOPT UNPACKING pc=0x000001e440934242 sp=0x000000ba75ffd898 mode 0

Classes loaded (20 events):
Event: 53.298 Loading class java/util/concurrent/CompletableFuture$UniExceptionally
Event: 53.298 Loading class java/util/concurrent/CompletableFuture$UniExceptionally done
Event: 53.310 Loading class java/util/concurrent/ConcurrentHashMap$EntrySpliterator
Event: 53.310 Loading class java/util/concurrent/ConcurrentHashMap$EntrySpliterator done
Event: 53.311 Loading class java/util/concurrent/Executors$DelegatedScheduledExecutorService
Event: 53.311 Loading class java/util/concurrent/Executors$DelegatedExecutorService
Event: 53.311 Loading class java/util/concurrent/Executors$DelegatedExecutorService done
Event: 53.311 Loading class java/util/concurrent/Executors$DelegatedScheduledExecutorService done
Event: 53.318 Loading class java/util/concurrent/ForkJoinTask$AdaptedCallable
Event: 53.318 Loading class java/util/concurrent/ForkJoinTask$AdaptedCallable done
Event: 53.322 Loading class java/util/stream/Nodes$CollectorTask$OfRef
Event: 53.323 Loading class java/util/stream/Nodes$CollectorTask
Event: 53.323 Loading class java/util/stream/Nodes$CollectorTask done
Event: 53.323 Loading class java/util/stream/Nodes$CollectorTask$OfRef done
Event: 53.323 Loading class java/util/function/LongFunction
Event: 53.324 Loading class java/util/function/LongFunction done
Event: 53.325 Loading class java/util/stream/Nodes$ConcNode
Event: 53.325 Loading class java/util/stream/Nodes$AbstractConcNode
Event: 53.325 Loading class java/util/stream/Nodes$AbstractConcNode done
Event: 53.325 Loading class java/util/stream/Nodes$ConcNode done

Classes unloaded (7 events):
Event: 12.109 Thread 0x000001e48f790090 Unloading class 0x000001e44f190800 'java/lang/invoke/LambdaForm$MH+0x000001e44f190800'
Event: 12.109 Thread 0x000001e48f790090 Unloading class 0x000001e44f190400 'java/lang/invoke/LambdaForm$MH+0x000001e44f190400'
Event: 12.109 Thread 0x000001e48f790090 Unloading class 0x000001e44f190000 'java/lang/invoke/LambdaForm$MH+0x000001e44f190000'
Event: 12.109 Thread 0x000001e48f790090 Unloading class 0x000001e44f18fc00 'java/lang/invoke/LambdaForm$MH+0x000001e44f18fc00'
Event: 12.109 Thread 0x000001e48f790090 Unloading class 0x000001e44f18f800 'java/lang/invoke/LambdaForm$BMH+0x000001e44f18f800'
Event: 12.109 Thread 0x000001e48f790090 Unloading class 0x000001e44f18f400 'java/lang/invoke/LambdaForm$DMH+0x000001e44f18f400'
Event: 12.109 Thread 0x000001e48f790090 Unloading class 0x000001e44f18e400 'java/lang/invoke/LambdaForm$DMH+0x000001e44f18e400'

Classes redefined (0 events):
No events

Internal exceptions (20 events):
Event: 13.051 Thread 0x000001e490e33b60 Exception <a 'sun/nio/fs/WindowsException'{0x00000000d58bb498}> (0x00000000d58bb498) 
thrown [s\src\hotspot\share\prims\jni.cpp, line 520]
Event: 13.051 Thread 0x000001e490e33b60 Exception <a 'sun/nio/fs/WindowsException'{0x00000000d58bbc88}> (0x00000000d58bbc88) 
thrown [s\src\hotspot\share\prims\jni.cpp, line 520]
Event: 13.055 Thread 0x000001e490e33b60 Exception <a 'java/lang/NoSuchMethodError'{0x00000000d58dfcb0}: 'void java.lang.invoke.DirectMethodHandle$Holder.invokeVirtual(java.lang.Object, java.lang.Object, java.lang.Object, java.lang.Object)'> (0x00000000d58dfcb0) 
thrown [s\src\hotspot\share\interpreter\linkResolver.cpp, line 773]
Event: 13.146 Thread 0x000001e4348f4530 Exception <a 'java/lang/NoSuchMethodError'{0x00000000d6095a08}: 'void java.lang.invoke.DirectMethodHandle$Holder.invokeSpecial(java.lang.Object, java.lang.Object, java.lang.Object, java.lang.Object, java.lang.Object, java.lang.Object)'> (0x00000000d6095a08) 
thrown [s\src\hotspot\share\interpreter\linkResolver.cpp, line 773]
Event: 13.147 Thread 0x000001e4348f4530 Exception <a 'java/lang/IncompatibleClassChangeError'{0x00000000d609db48}: Found class java.lang.Object, but interface was expected> (0x00000000d609db48) 
thrown [s\src\hotspot\share\interpreter\linkResolver.cpp, line 840]
Event: 13.148 Thread 0x000001e4348f4530 Exception <a 'java/lang/IncompatibleClassChangeError'{0x00000000d609f7d0}: Found class java.lang.Object, but interface was expected> (0x00000000d609f7d0) 
thrown [s\src\hotspot\share\interpreter\linkResolver.cpp, line 840]
Event: 13.161 Thread 0x000001e490e33b60 Exception <a 'java/io/FileNotFoundException'{0x00000000d618f830}> (0x00000000d618f830) 
thrown [s\src\hotspot\share\prims\jni.cpp, line 520]
Event: 13.162 Thread 0x000001e490e33b60 Exception <a 'java/io/FileNotFoundException'{0x00000000d6190ae0}> (0x00000000d6190ae0) 
thrown [s\src\hotspot\share\prims\jni.cpp, line 520]
Event: 13.163 Thread 0x000001e490e33b60 Exception <a 'java/lang/NoSuchMethodError'{0x00000000d61b0c20}: 'java.lang.Object java.lang.invoke.DirectMethodHandle$Holder.newInvokeSpecial(java.lang.Object, java.lang.Object, java.lang.Object, int)'> (0x00000000d61b0c20) 
thrown [s\src\hotspot\share\interpreter\linkResolver.cpp, line 773]
Event: 13.164 Thread 0x000001e490e33b60 Exception <a 'java/lang/NoSuchMethodError'{0x00000000d61b47f8}: 'java.lang.Object java.lang.invoke.DirectMethodHandle$Holder.invokeSpecial(java.lang.Object, java.lang.Object, java.lang.Object, java.lang.Object, int)'> (0x00000000d61b47f8) 
thrown [s\src\hotspot\share\interpreter\linkResolver.cpp, line 773]
Event: 13.164 Thread 0x000001e490e33b60 Exception <a 'java/lang/NoSuchMethodError'{0x00000000d61cbf80}: 'java.lang.Object java.lang.invoke.Invokers$Holder.linkToTargetMethod(java.lang.Object, java.lang.Object, int, java.lang.Object)'> (0x00000000d61cbf80) 
thrown [s\src\hotspot\share\interpreter\linkResolver.cpp, line 773]
Event: 13.166 Thread 0x000001e490e33b60 Exception <a 'java/lang/NoSuchMethodError'{0x00000000d61e7bf0}: 'void java.lang.invoke.DirectMethodHandle$Holder.invokeStaticInit(java.lang.Object, java.lang.Object, java.lang.Object)'> (0x00000000d61e7bf0) 
thrown [s\src\hotspot\share\interpreter\linkResolver.cpp, line 773]
Event: 13.192 Thread 0x000001e4348f4530 Exception <a 'java/lang/NoSuchMethodError'{0x00000000d6343480}: 'java.lang.Object java.lang.invoke.DirectMethodHandle$Holder.invokeStatic(java.lang.Object, int, java.lang.Object)'> (0x00000000d6343480) 
thrown [s\src\hotspot\share\interpreter\linkResolver.cpp, line 773]
Event: 13.275 Thread 0x000001e495d6ec20 Exception <a 'java/lang/NoSuchMethodError'{0x00000000d6857e68}: 'java.lang.Object java.lang.invoke.DirectMethodHandle$Holder.invokeInterface(java.lang.Object, java.lang.Object, java.lang.Object)'> (0x00000000d6857e68) 
thrown [s\src\hotspot\share\interpreter\linkResolver.cpp, line 773]
Event: 13.293 Thread 0x000001e495d6ec20 Exception <a 'java/io/FileNotFoundException'{0x00000000d68efe00}> (0x00000000d68efe00) 
thrown [s\src\hotspot\share\prims\jni.cpp, line 520]
Event: 13.336 Thread 0x000001e495d6ec20 Exception <a 'sun/nio/fs/WindowsException'{0x00000000d57c4a38}> (0x00000000d57c4a38) 
thrown [s\src\hotspot\share\prims\jni.cpp, line 520]
Event: 13.396 Thread 0x000001e495d6ec20 Exception <a 'java/lang/IncompatibleClassChangeError'{0x00000000d5a65078}: Found class java.lang.Object, but interface was expected> (0x00000000d5a65078) 
thrown [s\src\hotspot\share\interpreter\linkResolver.cpp, line 840]
Event: 53.309 Thread 0x000001e495d6ec20 Exception <a 'java/lang/NoSuchMethodError'{0x00000000d5c28138}: 'void java.lang.invoke.DirectMethodHandle$Holder.invokeInterface(java.lang.Object, java.lang.Object)'> (0x00000000d5c28138) 
thrown [s\src\hotspot\share\interpreter\linkResolver.cpp, line 773]
Event: 53.331 Thread 0x000001e495d6e590 Exception <a 'java/io/FileNotFoundException'{0x00000000d5d40b28}> (0x00000000d5d40b28) 
thrown [s\src\hotspot\share\prims\jni.cpp, line 520]
Event: 53.353 Thread 0x000001e495d6e590 Exception <a 'java/lang/NoSuchMethodError'{0x00000000d5d8b538}: 'java.lang.Object java.lang.invoke.DirectMethodHandle$Holder.newInvokeSpecial(java.lang.Object, java.lang.Object, java.lang.Object, java.lang.Object, java.lang.Object, java.lang.Object, java.lang.Object, java.lang.Object, java.lang.Object, java.lang.Object)'> (0x00000000d5d8b538) 
thrown [s\src\hotspot\share\interpreter\linkResolver.cpp, line 773]

ZGC Phase Switch (0 events):
No events

VM Operations (20 events):
Event: 12.610 Executing VM operation: HandshakeAllThreads (Deoptimize)
Event: 12.610 Executing VM operation: HandshakeAllThreads (Deoptimize) done
Event: 12.621 Executing VM operation: HandshakeAllThreads (Deoptimize)
Event: 12.621 Executing VM operation: HandshakeAllThreads (Deoptimize) done
Event: 12.669 Executing VM operation: HandshakeAllThreads (Deoptimize)
Event: 12.669 Executing VM operation: HandshakeAllThreads (Deoptimize) done
Event: 12.755 Executing VM operation: HandshakeAllThreads (Deoptimize)
Event: 12.755 Executing VM operation: HandshakeAllThreads (Deoptimize) done
Event: 12.998 Executing VM operation: ParallelGCFailedAllocation (Allocation Failure)
Event: 13.001 Executing VM operation: ParallelGCFailedAllocation (Allocation Failure) done
Event: 13.283 Executing VM operation: HandshakeAllThreads (Deoptimize)
Event: 13.283 Executing VM operation: HandshakeAllThreads (Deoptimize) done
Event: 13.304 Executing VM operation: ParallelGCFailedAllocation (Allocation Failure)
Event: 13.306 Executing VM operation: ParallelGCFailedAllocation (Allocation Failure) done
Event: 15.312 Executing VM operation: Cleanup
Event: 15.312 Executing VM operation: Cleanup done
Event: 53.334 Executing VM operation: HandshakeAllThreads (Deoptimize)
Event: 53.334 Executing VM operation: HandshakeAllThreads (Deoptimize) done
Event: 53.334 Executing VM operation: Cleanup
Event: 53.334 Executing VM operation: Cleanup done

Memory protections (0 events):
No events

Nmethod flushes (0 events):
No events

Events (20 events):
Event: 12.926 Thread 0x000001e4348f4530 Thread added: 0x000001e49707c600
Event: 12.926 Thread 0x000001e4348f4530 Thread added: 0x000001e49707a530
Event: 12.926 Thread 0x000001e4348f4530 Thread added: 0x000001e49707bf70
Event: 12.926 Thread 0x000001e4348f4530 Thread added: 0x000001e495d6a3f0
Event: 12.926 Thread 0x000001e4348f4530 Thread added: 0x000001e495d68320
Event: 12.927 Thread 0x000001e4348f4530 Thread added: 0x000001e495d696d0
Event: 12.927 Thread 0x000001e4348f4530 Thread added: 0x000001e495d6df00
Event: 12.953 Thread 0x000001e4348f4530 Thread added: 0x000001e495d689b0
Event: 13.167 Thread 0x000001e4348f4530 Thread added: 0x000001e495d6d870
Event: 13.167 Thread 0x000001e4348f4530 Thread added: 0x000001e495d6ec20
Event: 13.170 Thread 0x000001e4951e5f60 Thread added: 0x000001e495d6e590
Event: 13.882 Thread 0x000001e4951cd950 Thread exited: 0x000001e4951cd950
Event: 53.298 Thread 0x000001e495d6ec20 Thread added: 0x000001e495d6aa80
Event: 53.312 Thread 0x000001e495d6ec20 Thread added: 0x000001e495d6b7a0
Event: 53.318 Thread 0x000001e495d6e590 Thread added: 0x000001e495d6be30
Event: 53.326 Thread 0x000001e495d6be30 Thread exited: 0x000001e495d6be30
Event: 53.341 Thread 0x000001e44d28d3d0 Thread added: 0x000001e490b9a0b0
Event: 53.341 Thread 0x000001e44d28d3d0 Thread added: 0x000001e495d8a9c0
Event: 53.356 Thread 0x000001e495d6e590 Thread added: 0x000001e495d6b110
Event: 53.426 Thread 0x000001e495d6b110 Thread exited: 0x000001e495d6b110


Dynamic libraries:
0x00007ff6e43d0000 - 0x00007ff6e43de000 	c:\Users\denis\.antigravity\extensions\redhat.java-1.49.0-win32-x64\jre\21.0.9-win32-x86_64\bin\java.exe
0x00007ffa68f90000 - 0x00007ffa691a8000 	C:\Windows\SYSTEM32\ntdll.dll
0x00007ffa67000000 - 0x00007ffa670c4000 	C:\Windows\System32\KERNEL32.DLL
0x00007ffa660d0000 - 0x00007ffa664a3000 	C:\Windows\System32\KERNELBASE.dll
0x00007ffa66930000 - 0x00007ffa66a41000 	C:\Windows\System32\ucrtbase.dll
0x00007ffa3bd50000 - 0x00007ffa3bd68000 	c:\Users\denis\.antigravity\extensions\redhat.java-1.49.0-win32-x64\jre\21.0.9-win32-x86_64\bin\jli.dll
0x00007ffa66cb0000 - 0x00007ffa66e62000 	C:\Windows\System32\USER32.dll
0x00007ffa660a0000 - 0x00007ffa660c6000 	C:\Windows\System32\win32u.dll
0x00007ffa676c0000 - 0x00007ffa676e9000 	C:\Windows\System32\GDI32.dll
0x00007ffa664b0000 - 0x00007ffa665cb000 	C:\Windows\System32\gdi32full.dll
0x00007ffa66b90000 - 0x00007ffa66c2a000 	C:\Windows\System32\msvcp_win.dll
0x00007ffa3bbd0000 - 0x00007ffa3bbee000 	c:\Users\denis\.antigravity\extensions\redhat.java-1.49.0-win32-x64\jre\21.0.9-win32-x86_64\bin\VCRUNTIME140.dll
0x00007ffa50a20000 - 0x00007ffa50cbc000 	C:\Windows\WinSxS\amd64_microsoft.windows.common-controls_6595b64144ccf1df_6.0.22621.6060_none_2712eda17382d24b\COMCTL32.dll
0x00007ffa67fd0000 - 0x00007ffa68077000 	C:\Windows\System32\msvcrt.dll
0x00007ffa67f90000 - 0x00007ffa67fc1000 	C:\Windows\System32\IMM32.DLL
0x00007ffa52a50000 - 0x00007ffa52a5c000 	c:\Users\denis\.antigravity\extensions\redhat.java-1.49.0-win32-x64\jre\21.0.9-win32-x86_64\bin\vcruntime140_1.dll
0x00007ffa15230000 - 0x00007ffa152bd000 	c:\Users\denis\.antigravity\extensions\redhat.java-1.49.0-win32-x64\jre\21.0.9-win32-x86_64\bin\msvcp140.dll
0x00007ff9c9ff0000 - 0x00007ff9cad90000 	c:\Users\denis\.antigravity\extensions\redhat.java-1.49.0-win32-x64\jre\21.0.9-win32-x86_64\bin\server\jvm.dll
0x00007ffa67eb0000 - 0x00007ffa67f61000 	C:\Windows\System32\ADVAPI32.dll
0x00007ffa671b0000 - 0x00007ffa67258000 	C:\Windows\System32\sechost.dll
0x00007ffa66740000 - 0x00007ffa66768000 	C:\Windows\System32\bcrypt.dll
0x00007ffa67800000 - 0x00007ffa67918000 	C:\Windows\System32\RPCRT4.dll
0x00007ffa68240000 - 0x00007ffa682b1000 	C:\Windows\System32\WS2_32.dll
0x00007ffa64ef0000 - 0x00007ffa64f3d000 	C:\Windows\SYSTEM32\POWRPROF.dll
0x00007ffa5d4b0000 - 0x00007ffa5d4e4000 	C:\Windows\SYSTEM32\WINMM.dll
0x00007ffa5a190000 - 0x00007ffa5a19a000 	C:\Windows\SYSTEM32\VERSION.dll
0x00007ffa64ed0000 - 0x00007ffa64ee3000 	C:\Windows\SYSTEM32\UMPDC.dll
0x00007ffa65170000 - 0x00007ffa65188000 	C:\Windows\SYSTEM32\kernel.appcore.dll
0x00007ffa51500000 - 0x00007ffa5150a000 	c:\Users\denis\.antigravity\extensions\redhat.java-1.49.0-win32-x64\jre\21.0.9-win32-x86_64\bin\jimage.dll
0x00007ffa635b0000 - 0x00007ffa637e3000 	C:\Windows\SYSTEM32\DBGHELP.DLL
0x00007ffa682c0000 - 0x00007ffa68651000 	C:\Windows\System32\combase.dll
0x00007ffa670d0000 - 0x00007ffa671a8000 	C:\Windows\System32\OLEAUT32.dll
0x00007ffa52ae0000 - 0x00007ffa52b12000 	C:\Windows\SYSTEM32\dbgcore.DLL
0x00007ffa66770000 - 0x00007ffa667eb000 	C:\Windows\System32\bcryptPrimitives.dll
0x00007ffa503f0000 - 0x00007ffa503ff000 	c:\Users\denis\.antigravity\extensions\redhat.java-1.49.0-win32-x64\jre\21.0.9-win32-x86_64\bin\instrument.dll
0x00007ffa36f70000 - 0x00007ffa36f90000 	c:\Users\denis\.antigravity\extensions\redhat.java-1.49.0-win32-x64\jre\21.0.9-win32-x86_64\bin\java.dll
0x00007ffa686b0000 - 0x00007ffa68f4c000 	C:\Windows\System32\SHELL32.dll
0x00007ffa667f0000 - 0x00007ffa6692f000 	C:\Windows\System32\wintypes.dll
0x00007ffa63fb0000 - 0x00007ffa648ca000 	C:\Windows\SYSTEM32\windows.storage.dll
0x00007ffa67920000 - 0x00007ffa67a24000 	C:\Windows\System32\SHCORE.dll
0x00007ffa67270000 - 0x00007ffa672d9000 	C:\Windows\System32\shlwapi.dll
0x00007ffa65fd0000 - 0x00007ffa65ff5000 	C:\Windows\SYSTEM32\profapi.dll
0x00007ffa244b0000 - 0x00007ffa244c8000 	c:\Users\denis\.antigravity\extensions\redhat.java-1.49.0-win32-x64\jre\21.0.9-win32-x86_64\bin\zip.dll
0x00007ffa3bd30000 - 0x00007ffa3bd40000 	C:\Users\denis\.antigravity\extensions\redhat.java-1.49.0-win32-x64\jre\21.0.9-win32-x86_64\bin\net.dll
0x00007ffa5d1d0000 - 0x00007ffa5d2fc000 	C:\Windows\SYSTEM32\WINHTTP.dll
0x00007ffa65650000 - 0x00007ffa656b9000 	C:\Windows\system32\mswsock.dll
0x00007ffa21e50000 - 0x00007ffa21e66000 	C:\Users\denis\.antigravity\extensions\redhat.java-1.49.0-win32-x64\jre\21.0.9-win32-x86_64\bin\nio.dll
0x00007ffa3a860000 - 0x00007ffa3a870000 	c:\Users\denis\.antigravity\extensions\redhat.java-1.49.0-win32-x64\jre\21.0.9-win32-x86_64\bin\verify.dll
0x00007ffa20ed0000 - 0x00007ffa20f14000 	C:\Users\denis\AppData\Roaming\Antigravity\User\globalStorage\redhat.java\1.49.0\config_ss_win\org.eclipse.equinox.launcher\org.eclipse.equinox.launcher.win32.win32.x86_64_1.2.1400.v20250801-0854\eclipse_11916.dll
0x00007ffa673a0000 - 0x00007ffa67541000 	C:\Windows\System32\ole32.dll
0x00007ffa658a0000 - 0x00007ffa658bb000 	C:\Windows\SYSTEM32\CRYPTSP.dll
0x00007ffa650d0000 - 0x00007ffa65107000 	C:\Windows\system32\rsaenh.dll
0x00007ffa65740000 - 0x00007ffa65768000 	C:\Windows\SYSTEM32\USERENV.dll
0x00007ffa658c0000 - 0x00007ffa658cc000 	C:\Windows\SYSTEM32\CRYPTBASE.dll
0x00007ffa64be0000 - 0x00007ffa64c0d000 	C:\Windows\SYSTEM32\IPHLPAPI.DLL
0x00007ffa67300000 - 0x00007ffa67309000 	C:\Windows\System32\NSI.dll
0x00007ffa153a0000 - 0x00007ffa153e9000 	C:\Users\denis\AppData\Local\Temp\jna-95470071\jna16537603062515084286.dll
0x00007ffa67260000 - 0x00007ffa67268000 	C:\Windows\System32\PSAPI.DLL
0x00007ffa5d170000 - 0x00007ffa5d189000 	C:\Windows\SYSTEM32\dhcpcsvc6.DLL
0x00007ffa5d050000 - 0x00007ffa5d06f000 	C:\Windows\SYSTEM32\dhcpcsvc.DLL
0x00007ffa65280000 - 0x00007ffa652b4000 	C:\Windows\SYSTEM32\ntmarta.dll

JVMTI agents:
c:\Users\denis\.antigravity\extensions\redhat.java-1.49.0-win32-x64\lombok\lombok-1.18.39-4050.jar path:c:\Users\denis\.antigravity\extensions\redhat.java-1.49.0-win32-x64\jre\21.0.9-win32-x86_64\bin\instrument.dll, loaded, initialized, instrumentlib options:none

dbghelp: loaded successfully - version: 4.0.5 - missing functions: none
symbol engine: initialized successfully - sym options: 0x614 - pdb path: .;c:\Users\denis\.antigravity\extensions\redhat.java-1.49.0-win32-x64\jre\21.0.9-win32-x86_64\bin;C:\Windows\SYSTEM32;C:\Windows\WinSxS\amd64_microsoft.windows.common-controls_6595b64144ccf1df_6.0.22621.6060_none_2712eda17382d24b;c:\Users\denis\.antigravity\extensions\redhat.java-1.49.0-win32-x64\jre\21.0.9-win32-x86_64\bin\server;C:\Users\denis\AppData\Roaming\Antigravity\User\globalStorage\redhat.java\1.49.0\config_ss_win\org.eclipse.equinox.launcher\org.eclipse.equinox.launcher.win32.win32.x86_64_1.2.1400.v20250801-0854;C:\Users\denis\AppData\Local\Temp\jna-95470071

VM Arguments:
jvm_args: --add-modules=ALL-SYSTEM --add-opens=java.base/java.util=ALL-UNNAMED --add-opens=java.base/java.lang=ALL-UNNAMED --add-opens=java.base/sun.nio.fs=ALL-UNNAMED -Declipse.application=org.eclipse.jdt.ls.core.id1 -Dosgi.bundles.defaultStartLevel=4 -Declipse.product=org.eclipse.jdt.ls.core.product -Djava.import.generatesMetadataFilesAtProjectRoot=false -DDetectVMInstallationsJob.disabled=true -Dfile.encoding=utf8 -XX:+UseParallelGC -XX:GCTimeRatio=4 -XX:AdaptiveSizePolicyWeight=90 -Dsun.zip.disableMemoryMapping=true -Xmx2G -Xms100m -Xlog:disable -javaagent:c:\Users\denis\.antigravity\extensions\redhat.java-1.49.0-win32-x64\lombok\lombok-1.18.39-4050.jar 
java_command: c:\Users\denis\.antigravity\extensions\redhat.java-1.49.0-win32-x64\server\plugins\org.eclipse.equinox.launcher_1.7.100.v20251111-0406.jar -configuration c:\Users\denis\AppData\Roaming\Antigravity\User\globalStorage\redhat.java\1.49.0\config_ss_win -data c:\Users\denis\AppData\Roaming\Antigravity\User\workspaceStorage\c5ec95d13aa44414d6a41f76a6ab393b\redhat.java\ss_ws --pipe=\\.\pipe\lsp-999762990d746dfb069f83830ae9e9c3-sock
java_class_path (initial): c:\Users\denis\.antigravity\extensions\redhat.java-1.49.0-win32-x64\server\plugins\org.eclipse.equinox.launcher_1.7.100.v20251111-0406.jar
Launcher Type: SUN_STANDARD

[Global flags]
    uintx AdaptiveSizePolicyWeight                 = 90                                        {product} {command line}
     intx CICompilerCount                          = 4                                         {product} {ergonomic}
    uintx GCTimeRatio                              = 4                                         {product} {command line}
   size_t InitialHeapSize                          = 104857600                                 {product} {command line}
   size_t MaxHeapSize                              = 2147483648                                {product} {command line}
   size_t MaxNewSize                               = 715653120                                 {product} {ergonomic}
   size_t MinHeapDeltaBytes                        = 524288                                    {product} {ergonomic}
   size_t MinHeapSize                              = 104857600                                 {product} {command line}
   size_t NewSize                                  = 34603008                                  {product} {ergonomic}
    uintx NonNMethodCodeHeapSize                   = 5839372                                {pd product} {ergonomic}
    uintx NonProfiledCodeHeapSize                  = 122909434                              {pd product} {ergonomic}
   size_t OldSize                                  = 70254592                                  {product} {ergonomic}
    uintx ProfiledCodeHeapSize                     = 122909434                              {pd product} {ergonomic}
    uintx ReservedCodeCacheSize                    = 251658240                              {pd product} {ergonomic}
     bool SegmentedCodeCache                       = true                                      {product} {ergonomic}
   size_t SoftMaxHeapSize                          = 2147483648                             {manageable} {ergonomic}
     bool UseCompressedOops                        = true                           {product lp64_product} {ergonomic}
     bool UseLargePagesIndividualAllocation        = false                                  {pd product} {ergonomic}
     bool UseParallelGC                            = true                                      {product} {command line}

Logging:
Log output configuration:
 #0: stdout all=off uptime,level,tags foldmultilines=false
 #1: stderr all=off uptime,level,tags foldmultilines=false

Release file:
JAVA_VERSION="21.0.9" 
MODULES="java.base java.compiler java.datatransfer java.xml java.prefs java.desktop java.instrument java.logging java.management java.security.sasl java.naming java.rmi java.management.rmi java.net.http java.scripting java.security.jgss java.transaction.xa java.sql java.sql.rowset java.xml.crypto java.se java.smartcardio jdk.accessibility jdk.internal.jvmstat jdk.attach jdk.charsets jdk.internal.opt jdk.zipfs jdk.compiler jdk.crypto.ec jdk.crypto.cryptoki jdk.crypto.mscapi jdk.dynalink jdk.internal.ed jdk.editpad jdk.hotspot.agent jdk.httpserver jdk.internal.le jdk.internal.vm.ci jdk.internal.vm.compiler jdk.internal.vm.compiler.management jdk.jartool jdk.javadoc jdk.jcmd jdk.management jdk.management.agent jdk.jconsole jdk.jdeps jdk.jdwp.agent jdk.jdi jdk.jfr jdk.jshell jdk.jsobject jdk.jstatd jdk.localedata jdk.management.jfr jdk.naming.dns jdk.naming.rmi jdk.net jdk.nio.mapmode jdk.random jdk.sctp jdk.security.auth jdk.security.jgss jdk.unsupported jdk.unsupported.desktop jdk.xml.dom" 

Environment Variables:
PATH=C:\Program Files (x86)\VMware\VMware Workstation\bin\;c:\Users\denis\AppData\Local\Programs\cursor\resources\app\bin;c:\Users\denis\AppData\Local\Programs\cursor\resources\app\bin;C:\Users\denis\AppData\Local\Thorium\Application;C:\Python313\Scripts\;C:\Python313\;c:\Users\denis\AppData\Local\Programs\cursor\resources\app\bin;C:\Program Files\Common Files\Oracle\Java\javapath;C:\Windows\system32;C:\Windows;C:\Windows\System32\Wbem;C:\Windows\System32\WindowsPowerShell\v1.0\;C:\Windows\System32\OpenSSH\;C:\Program Files (x86)\NVIDIA Corporation\PhysX\Common;C:\Program Files\dotnet\;C:\Program Files\Git\cmd;C:\Users\denis\AppData\Local\Microsoft\WindowsApps;C:\Program Files\JetBrains\IntelliJ IDEA Community Edition 2024.3\bin;c:\Users\denis\AppData\Local\Programs\cursor\resources\app\bin;C:\ProgramData\chocolatey\bin;C:\Program Files\PostgreSQL\17\bin;C:\Users\denis\AppData\Local\GitHubDesktop\bin;C:\Users\denis\AppData\Local\Programs\cursor\resources\app\bin;c:\Users\denis\AppData\Lo;C:\Program Files\Docker\Docker\resources\bin;C:\Program Files\NVIDIA Corporation\NVIDIA App\NvDLISR;C:\Program Files\Go\bin;C:\Program Files\Mullvad VPN\resources;C:\Users\denis\AppData\Local\nvm;C:\nvm4w\nodejs;C:\Program Files\Wolfram Research\WolframScript\;C:\xampp\php;C:\ProgramData\ComposerSetup\bin;C:\Users\denis\scoop\shims;C:\Program Files (x86)\VMware\VMware Workstation\bin\;c:\Users\denis\AppData\Local\Programs\cursor\resources\app\bin;c:\Users\denis\AppData\Local\Programs\cursor\resources\app\bin;C:\Users\denis\AppData\Local\Thorium\Application;C:\Python313\Scripts\;C:\Python313\;c:\Users\denis\AppData\Local\Programs\cursor\resources\app\bin;C:\Program Files\Common Files\Oracle\Java\javapath;C:\Windows\system32;C:\Windows;C:\Windows\System32\Wbem;C:\Windows\System32\WindowsPowerShell\v1.0\;C:\Windows\System32\OpenSSH\;C:\Program Files (x86)\NVIDIA Corporation\PhysX\Common;C:\Program Files\dotnet\;C:\Program Files\Git\cmd;C:\Users\denis\AppData\Local\Microsoft\WindowsApps;C:\Program Files\JetBrains\IntelliJ IDEA Community Edition 2024.3\bin;c:\Users\denis\AppData\Local\Programs\cursor\resources\app\bin;C:\ProgramData\chocolatey\bin;C:\Program Files\PostgreSQL\17\bin;C:\Users\denis\AppData\Local\GitHubDesktop\bin;C:\Users\denis\AppData\Local\Programs\cursor\resources\app\bin;c:\Users\denis\AppData\Lo;C:\Program Files\Docker\Docker\resources\bin;C:\Program Files\NVIDIA Corporation\NVIDIA App\NvDLISR;C:\Program Files\Go\bin;C:\Program Files\Mullvad VPN\resources;C:\Users\denis\AppData\Local\nvm;C:\nvm4w\nodejs;C:\Program Files\Wolfram Research\WolframScript\;C:\Users\denis\.local\bin;C:\Ruby34-x64\bin;C:\Users\denis\AppData\Local\Android\Sdk\platform-tools;C:\Users\denis\AppData\Local\Android\Sdk\platform-tools;C:\Users\denis\AppData\Local\Programs\Microsoft VS Code\bin;C:\Program Files\JetBrains\IntelliJ IDEA Community Edition 2025.2.3\bin;C:\Users\denis\.dotnet\tools;C:\Users\denis\go\bin;C:\Users\denis\AppData\Local\JetBrains\Toolbox\scripts;C:\Program Files\JetBrains\IntelliJ IDEA 2025.2.4\bin;C:\Users\denis\AppData\Roaming\npm;C:\Users\denis\AppData\Local\Programs\Antigravity\bin;c:\program files (x86)\steam\ext\bin;C:\Android\Sdk\platform-tools;C:\Android\Sdk\cmdline-tools\latest\bin;;C:\Android\Sdk\platform-tools;C:\Android\Sdk\cmdline-tools\latest\bin;C:\Program Files\JetBrains\CLion 2025.3.2\bin;C:\Users\denis\AppData\Local\Programs\Zed\bin;C:\Users\denis\AppData\Roaming\Composer\vendor\bin;C:\xampp\php
USERNAME=denis
OS=Windows_NT
PROCESSOR_IDENTIFIER=Intel64 Family 6 Model 186 Stepping 2, GenuineIntel
TMP=C:\Users\denis\AppData\Local\Temp
TEMP=C:\Users\denis\AppData\Local\Temp




Periodic native trim disabled

---------------  S Y S T E M  ---------------

OS:
 Windows 11 , 64 bit Build 22621 (10.0.22621.5415)
OS uptime: 0 days 8:20 hours

CPU: total 12 (initial active 12) (12 cores per cpu, 1 threads per core) family 6 model 186 stepping 2 microcode 0x5103, cx8, cmov, fxsr, mmx, 3dnowpref, sse, sse2, sse3, ssse3, sse4.1, sse4.2, popcnt, lzcnt, tsc, tscinvbit, avx, avx2, aes, erms, clmul, bmi1, bmi2, adx, sha, fma, vzeroupper, clflush, clflushopt, clwb, serialize, rdtscp, rdpid, fsrm, f16c, pku, cet_ibt, cet_ss
Processor Information for the first 12 processors :
  Max Mhz: 2100, Current Mhz: 2100, Mhz Limit: 2100

Memory: 4k page, system-wide physical 32471M (9957M free)
TotalPageFile size 32471M (AvailPageFile size 75M)
current process WorkingSet (physical memory assigned to process): 157M, peak: 171M
current process commit charge ("private bytes"): 295M, peak: 310M

vm_info: OpenJDK 64-Bit Server VM (21.0.9+10-LTS) for windows-amd64 JRE (21.0.9+10-LTS), built on 2025-10-21T00:00:00Z by "admin" with unknown MS VC++:1942

END.
