#
# There is insufficient memory for the Java Runtime Environment to continue.
# Native memory allocation (malloc) failed to allocate 32744 bytes. Error detail: Chunk::new
# Possible reasons:
#   The system is out of physical RAM or swap space
#   This process is running with CompressedOops enabled, and the Java Heap may be blocking the growth of the native heap
# Possible solutions:
#   Reduce memory load on the system
#   Increase physical memory or swap space
#   Check if swap backing store is full
#   Decrease Java heap size (-Xmx/-Xms)
#   Decrease number of Java threads
#   Decrease Java thread stack sizes (-Xss)
#   Set larger code cache with -XX:ReservedCodeCacheSize=
#   JVM is running with Unscaled Compressed Oops mode in which the Java heap is
#     placed in the first 4GB address space. The Java Heap base address is the
#     maximum limit for the native heap growth. Please use -XX:HeapBaseMinAddress
#     to set the Java Heap base and to place the Java Heap above 4GB virtual address.
# This output file may be truncated or incomplete.
#
#  Out of Memory Error (arena.cpp:149), pid=33120, tid=23244
#
# JRE version: Java(TM) SE Runtime Environment (23.0.1+11) (build 23.0.1+11-39)
# Java VM: Java HotSpot(TM) 64-Bit Server VM (23.0.1+11-39, mixed mode, sharing, tiered, compressed oops, compressed class ptrs, g1 gc, windows-amd64)
# No core dump will be written. Minidumps are not enabled by default on client versions of Windows
#

---------------  S U M M A R Y ------------

Command Line: -Xmx64m -Xms64m -Dorg.gradle.appname=gradlew C:\Users\denis\Desktop\meraki_app\android\\gradle\wrapper\gradle-wrapper.jar app:assembleDebug -x lint -x test --configure-on-demand --build-cache -PreactNativeDevServerPort=8081 -PreactNativeArchitectures=x86_64,arm64-v8a

Host: 13th Gen Intel(R) Core(TM) i5-13420H, 12 cores, 31G,  Windows 11 , 64 bit Build 22621 (10.0.22621.5415)
Time: Thu Feb  5 22:55:31 2026 GMT Standard Time elapsed time: 131.807262 seconds (0d 0h 2m 11s)

---------------  T H R E A D  ---------------

Current thread (0x000001762eeba7f0):  JavaThread "C2 CompilerThread0" daemon [_thread_in_native, id=23244, stack(0x0000006041d00000,0x0000006041e00000) (1024K)]


Current CompileTask:
C2:131807 2933       4       org.gradle.internal.logging.console.MultiLineBuildProgressArea::redraw (203 bytes)

Stack: [0x0000006041d00000,0x0000006041e00000]
Native frames: (J=compiled Java code, j=interpreted, Vv=VM code, C=native code)
V  [jvm.dll+0x6e08b9]  (no source info available)
V  [jvm.dll+0x87dc83]  (no source info available)
V  [jvm.dll+0x88010e]  (no source info available)
V  [jvm.dll+0x8807e3]  (no source info available)
V  [jvm.dll+0x27aee6]  (no source info available)
V  [jvm.dll+0xbc06f]  (no source info available)
V  [jvm.dll+0xbc2cb]  (no source info available)
V  [jvm.dll+0x6bafaa]  (no source info available)
V  [jvm.dll+0x6bad24]  (no source info available)
V  [jvm.dll+0x67da02]  (no source info available)
V  [jvm.dll+0x3a1c2e]  (no source info available)
V  [jvm.dll+0x1346a4]  (no source info available)
V  [jvm.dll+0x6a1c4f]  (no source info available)
V  [jvm.dll+0x1344fc]  (no source info available)
V  [jvm.dll+0x3967b5]  (no source info available)
V  [jvm.dll+0x6fd15c]  (no source info available)
V  [jvm.dll+0x6fc432]  (no source info available)
V  [jvm.dll+0x6f77eb]  (no source info available)
V  [jvm.dll+0x6f1d0f]  (no source info available)
V  [jvm.dll+0x6f1137]  (no source info available)
V  [jvm.dll+0x6ef305]  (no source info available)
V  [jvm.dll+0x1c644c]  (no source info available)
V  [jvm.dll+0x2edb5f]  (no source info available)
V  [jvm.dll+0x6f99b7]  (no source info available)
V  [jvm.dll+0x6f1d0f]  (no source info available)
V  [jvm.dll+0x6f1137]  (no source info available)
V  [jvm.dll+0x6ef305]  (no source info available)
V  [jvm.dll+0x1c644c]  (no source info available)
V  [jvm.dll+0x1c6fcb]  (no source info available)
V  [jvm.dll+0x1c6fcb]  (no source info available)
V  [jvm.dll+0x2edb5f]  (no source info available)
V  [jvm.dll+0x6f99b7]  (no source info available)
V  [jvm.dll+0x6f1d0f]  (no source info available)
V  [jvm.dll+0x6f1137]  (no source info available)
V  [jvm.dll+0x6ef305]  (no source info available)
V  [jvm.dll+0x1c644c]  (no source info available)
V  [jvm.dll+0x1c6fcb]  (no source info available)
V  [jvm.dll+0x2edb5f]  (no source info available)
V  [jvm.dll+0x6f99b7]  (no source info available)
V  [jvm.dll+0x6f1d0f]  (no source info available)
V  [jvm.dll+0x6f1137]  (no source info available)
V  [jvm.dll+0x6ef305]  (no source info available)
V  [jvm.dll+0x1c644c]  (no source info available)
V  [jvm.dll+0x2439bc]  (no source info available)
V  [jvm.dll+0x1c33a0]  (no source info available)
V  [jvm.dll+0x253cf1]  (no source info available)
V  [jvm.dll+0x251faa]  (no source info available)
V  [jvm.dll+0x3ee036]  (no source info available)
V  [jvm.dll+0x824f8b]  (no source info available)
V  [jvm.dll+0x6df065]  (no source info available)
C  [ucrtbase.dll+0x29333]  (no source info available)
C  [KERNEL32.DLL+0x1259d]  (no source info available)
C  [ntdll.dll+0x5af78]  (no source info available)

Lock stack of current Java thread (top to bottom):


---------------  P R O C E S S  ---------------

Threads class SMR info:
_java_thread_list=0x0000017674324700, length=13, elements={
0x00000176144f4f70, 0x000001762ee7ff50, 0x000001762ee80d70, 0x000001762ee881f0,
0x000001762ee88c50, 0x000001762ee916c0, 0x000001762eeb7640, 0x000001762eeba7f0,
0x000001762eebd2b0, 0x00000176740dcdc0, 0x00000176740dfc50, 0x0000017675193000,
0x0000017675501840
}

Java Threads: ( => current thread )
  0x00000176144f4f70 JavaThread "main"                              [_thread_blocked, id=32340, stack(0x0000006040f00000,0x0000006041000000) (1024K)]
  0x000001762ee7ff50 JavaThread "Reference Handler"          daemon [_thread_blocked, id=24044, stack(0x0000006041700000,0x0000006041800000) (1024K)]
  0x000001762ee80d70 JavaThread "Finalizer"                  daemon [_thread_blocked, id=24300, stack(0x0000006041800000,0x0000006041900000) (1024K)]
  0x000001762ee881f0 JavaThread "Signal Dispatcher"          daemon [_thread_blocked, id=22944, stack(0x0000006041900000,0x0000006041a00000) (1024K)]
  0x000001762ee88c50 JavaThread "Attach Listener"            daemon [_thread_blocked, id=7136, stack(0x0000006041a00000,0x0000006041b00000) (1024K)]
  0x000001762ee916c0 JavaThread "Service Thread"             daemon [_thread_blocked, id=30980, stack(0x0000006041b00000,0x0000006041c00000) (1024K)]
  0x000001762eeb7640 JavaThread "Monitor Deflation Thread"   daemon [_thread_blocked, id=9788, stack(0x0000006041c00000,0x0000006041d00000) (1024K)]
=>0x000001762eeba7f0 JavaThread "C2 CompilerThread0"         daemon [_thread_in_native, id=23244, stack(0x0000006041d00000,0x0000006041e00000) (1024K)]
  0x000001762eebd2b0 JavaThread "C1 CompilerThread0"         daemon [_thread_blocked, id=28100, stack(0x0000006041e00000,0x0000006041f00000) (1024K)]
  0x00000176740dcdc0 JavaThread "Notification Thread"        daemon [_thread_blocked, id=29736, stack(0x0000006041f00000,0x0000006042000000) (1024K)]
  0x00000176740dfc50 JavaThread "Common-Cleaner"             daemon [_thread_blocked, id=29028, stack(0x0000006042000000,0x0000006042100000) (1024K)]
  0x0000017675193000 JavaThread "pool-1-thread-1"                   [_thread_in_native, id=33012, stack(0x0000006042600000,0x0000006042700000) (1024K)]
  0x0000017675501840 JavaThread "C2 CompilerThread1"         daemon [_thread_blocked, id=27488, stack(0x0000006040c00000,0x0000006040d00000) (1024K)]
Total: 13

Other Threads:
  0x000001762ee6ebd0 VMThread "VM Thread"                           [id=23756, stack(0x0000006041600000,0x0000006041700000) (1024K)]
  0x000001762ee5cef0 WatcherThread "VM Periodic Task Thread"        [id=21736, stack(0x0000006041500000,0x0000006041600000) (1024K)]
  0x0000017614511ce0 WorkerThread "GC Thread#0"                     [id=28036, stack(0x0000006041000000,0x0000006041100000) (1024K)]
  0x00000176745b5bb0 WorkerThread "GC Thread#1"                     [id=19588, stack(0x0000006042300000,0x0000006042400000) (1024K)]
  0x0000017674a63760 WorkerThread "GC Thread#2"                     [id=23684, stack(0x0000006042400000,0x0000006042500000) (1024K)]
  0x0000017674a63b10 WorkerThread "GC Thread#3"                     [id=23996, stack(0x0000006042500000,0x0000006042600000) (1024K)]
  0x00000176752ab9a0 WorkerThread "GC Thread#4"                     [id=33596, stack(0x0000006042700000,0x0000006042800000) (1024K)]
  0x00000176753e54b0 WorkerThread "GC Thread#5"                     [id=32840, stack(0x0000006042800000,0x0000006042900000) (1024K)]
  0x00000176752cc470 WorkerThread "GC Thread#6"                     [id=12628, stack(0x0000006042900000,0x0000006042a00000) (1024K)]
  0x00000176752ccbd0 WorkerThread "GC Thread#7"                     [id=22700, stack(0x0000006042100000,0x0000006042200000) (1024K)]
  0x00000176752ccf80 WorkerThread "GC Thread#8"                     [id=21616, stack(0x0000006042200000,0x0000006042300000) (1024K)]
  0x00000176752cd330 WorkerThread "GC Thread#9"                     [id=13524, stack(0x0000006042b00000,0x0000006042c00000) (1024K)]
  0x0000017614513730 ConcurrentGCThread "G1 Main Marker"            [id=7336, stack(0x0000006041100000,0x0000006041200000) (1024K)]
  0x0000017614514240 WorkerThread "G1 Conc#0"                       [id=4452, stack(0x0000006041200000,0x0000006041300000) (1024K)]
  0x00000176145ae360 ConcurrentGCThread "G1 Refine#0"               [id=30820, stack(0x0000006041300000,0x0000006041400000) (1024K)]
  0x000001762ed320b0 ConcurrentGCThread "G1 Service"                [id=32292, stack(0x0000006041400000,0x0000006041500000) (1024K)]
Total: 16

Threads with active compile tasks:
C2 CompilerThread0  132006 2933       4       org.gradle.internal.logging.console.MultiLineBuildProgressArea::redraw (203 bytes)
Total: 1

VM state: not at safepoint (normal execution)

VM Mutex/Monitor currently owned by a thread: None

Heap address: 0x00000000fc000000, size: 64 MB, Compressed Oops mode: 32-bit

CDS archive(s) mapped at: [0x000001762f000000-0x000001762fd70000-0x000001762fd70000), size 14090240, SharedBaseAddress: 0x000001762f000000, ArchiveRelocationMode: 1.
Compressed class space mapped at: 0x0000017630000000-0x0000017670000000, reserved size: 1073741824
Narrow klass base: 0x000001762f000000, Narrow klass shift: 0, Narrow klass range: 0x41000000

GC Precious Log:
 CardTable entry size: 512
 Card Set container configuration: InlinePtr #cards 5 size 8 Array Of Cards #cards 10 size 36 Howl #buckets 4 coarsen threshold 1843 Howl Bitmap #cards 512 size 80 coarsen threshold 460 Card regions per heap region 1 cards per card region 2048
 CPUs: 12 total, 12 available
 Memory: 32471M
 Large Page Support: Disabled
 NUMA Support: Disabled
 Compressed Oops: Enabled (32-bit)
 Heap Region Size: 1M
 Heap Min Capacity: 64M
 Heap Initial Capacity: 64M
 Heap Max Capacity: 64M
 Pre-touch: Disabled
 Parallel Workers: 10
 Concurrent Workers: 3
 Concurrent Refinement Workers: 10
 Periodic GC: Disabled

Heap:
 garbage-first heap   total reserved 65536K, committed 65536K, used 27139K [0x00000000fc000000, 0x0000000100000000)
  region size 1024K, 17 young (17408K), 4 survivors (4096K)
 Metaspace       used 11814K, committed 12160K, reserved 1114112K
  class space    used 1548K, committed 1728K, reserved 1048576K

Heap Regions: E=young(eden), S=young(survivor), O=old, HS=humongous(starts), HC=humongous(continues), CS=collection set, F=free, TAMS=top-at-mark-start, PB=parsable bottom
|   0|0x00000000fc000000, 0x00000000fc100000, 0x00000000fc100000|100%|HS|  |TAMS 0x00000000fc000000| PB 0x00000000fc000000| Complete |  0
|   1|0x00000000fc100000, 0x00000000fc200000, 0x00000000fc200000|100%|HC|  |TAMS 0x00000000fc100000| PB 0x00000000fc100000| Complete |  0
|   2|0x00000000fc200000, 0x00000000fc300000, 0x00000000fc300000|100%|HC|  |TAMS 0x00000000fc200000| PB 0x00000000fc200000| Complete |  0
|   3|0x00000000fc300000, 0x00000000fc400000, 0x00000000fc400000|100%| O|  |TAMS 0x00000000fc300000| PB 0x00000000fc300000| Untracked |  0
|   4|0x00000000fc400000, 0x00000000fc500000, 0x00000000fc500000|100%| O|  |TAMS 0x00000000fc400000| PB 0x00000000fc400000| Untracked |  0
|   5|0x00000000fc500000, 0x00000000fc600000, 0x00000000fc600000|100%| O|  |TAMS 0x00000000fc500000| PB 0x00000000fc500000| Untracked |  0
|   6|0x00000000fc600000, 0x00000000fc700000, 0x00000000fc700000|100%| O|  |TAMS 0x00000000fc600000| PB 0x00000000fc600000| Untracked |  0
|   7|0x00000000fc700000, 0x00000000fc800000, 0x00000000fc800000|100%| O|  |TAMS 0x00000000fc700000| PB 0x00000000fc700000| Untracked |  0
|   8|0x00000000fc800000, 0x00000000fc900000, 0x00000000fc900000|100%| O|  |TAMS 0x00000000fc800000| PB 0x00000000fc800000| Untracked |  0
|   9|0x00000000fc900000, 0x00000000fca00000, 0x00000000fca00000|100%| O|  |TAMS 0x00000000fc900000| PB 0x00000000fc900000| Untracked |  0
|  10|0x00000000fca00000, 0x00000000fcb00000, 0x00000000fcb00000|100%| O|  |TAMS 0x00000000fca00000| PB 0x00000000fca00000| Untracked |  0
|  11|0x00000000fcb00000, 0x00000000fcb68430, 0x00000000fcc00000| 40%| O|  |TAMS 0x00000000fcb00000| PB 0x00000000fcb00000| Untracked |  0
|  12|0x00000000fcc00000, 0x00000000fcc00000, 0x00000000fcd00000|  0%| F|  |TAMS 0x00000000fcc00000| PB 0x00000000fcc00000| Untracked |  0
|  13|0x00000000fcd00000, 0x00000000fcd00000, 0x00000000fce00000|  0%| F|  |TAMS 0x00000000fcd00000| PB 0x00000000fcd00000| Untracked |  0
|  14|0x00000000fce00000, 0x00000000fce00000, 0x00000000fcf00000|  0%| F|  |TAMS 0x00000000fce00000| PB 0x00000000fce00000| Untracked |  0
|  15|0x00000000fcf00000, 0x00000000fcf00000, 0x00000000fd000000|  0%| F|  |TAMS 0x00000000fcf00000| PB 0x00000000fcf00000| Untracked |  0
|  16|0x00000000fd000000, 0x00000000fd000000, 0x00000000fd100000|  0%| F|  |TAMS 0x00000000fd000000| PB 0x00000000fd000000| Untracked |  0
|  17|0x00000000fd100000, 0x00000000fd100000, 0x00000000fd200000|  0%| F|  |TAMS 0x00000000fd100000| PB 0x00000000fd100000| Untracked |  0
|  18|0x00000000fd200000, 0x00000000fd200000, 0x00000000fd300000|  0%| F|  |TAMS 0x00000000fd200000| PB 0x00000000fd200000| Untracked |  0
|  19|0x00000000fd300000, 0x00000000fd300000, 0x00000000fd400000|  0%| F|  |TAMS 0x00000000fd300000| PB 0x00000000fd300000| Untracked |  0
|  20|0x00000000fd400000, 0x00000000fd400000, 0x00000000fd500000|  0%| F|  |TAMS 0x00000000fd400000| PB 0x00000000fd400000| Untracked |  0
|  21|0x00000000fd500000, 0x00000000fd500000, 0x00000000fd600000|  0%| F|  |TAMS 0x00000000fd500000| PB 0x00000000fd500000| Untracked |  0
|  22|0x00000000fd600000, 0x00000000fd600000, 0x00000000fd700000|  0%| F|  |TAMS 0x00000000fd600000| PB 0x00000000fd600000| Untracked |  0
|  23|0x00000000fd700000, 0x00000000fd700000, 0x00000000fd800000|  0%| F|  |TAMS 0x00000000fd700000| PB 0x00000000fd700000| Untracked |  0
|  24|0x00000000fd800000, 0x00000000fd800000, 0x00000000fd900000|  0%| F|  |TAMS 0x00000000fd800000| PB 0x00000000fd800000| Untracked |  0
|  25|0x00000000fd900000, 0x00000000fd900000, 0x00000000fda00000|  0%| F|  |TAMS 0x00000000fd900000| PB 0x00000000fd900000| Untracked |  0
|  26|0x00000000fda00000, 0x00000000fda00000, 0x00000000fdb00000|  0%| F|  |TAMS 0x00000000fda00000| PB 0x00000000fda00000| Untracked |  0
|  27|0x00000000fdb00000, 0x00000000fdb00000, 0x00000000fdc00000|  0%| F|  |TAMS 0x00000000fdb00000| PB 0x00000000fdb00000| Untracked |  0
|  28|0x00000000fdc00000, 0x00000000fdc00000, 0x00000000fdd00000|  0%| F|  |TAMS 0x00000000fdc00000| PB 0x00000000fdc00000| Untracked |  0
|  29|0x00000000fdd00000, 0x00000000fdd00000, 0x00000000fde00000|  0%| F|  |TAMS 0x00000000fdd00000| PB 0x00000000fdd00000| Untracked |  0
|  30|0x00000000fde00000, 0x00000000fde18948, 0x00000000fdf00000|  9%| S|CS|TAMS 0x00000000fde00000| PB 0x00000000fde00000| Complete |  0
|  31|0x00000000fdf00000, 0x00000000fe000000, 0x00000000fe000000|100%| S|CS|TAMS 0x00000000fdf00000| PB 0x00000000fdf00000| Complete |  0
|  32|0x00000000fe000000, 0x00000000fe000000, 0x00000000fe100000|  0%| F|  |TAMS 0x00000000fe000000| PB 0x00000000fe000000| Untracked |  0
|  33|0x00000000fe100000, 0x00000000fe100000, 0x00000000fe200000|  0%| F|  |TAMS 0x00000000fe100000| PB 0x00000000fe100000| Untracked |  0
|  34|0x00000000fe200000, 0x00000000fe200000, 0x00000000fe300000|  0%| F|  |TAMS 0x00000000fe200000| PB 0x00000000fe200000| Untracked |  0
|  35|0x00000000fe300000, 0x00000000fe300000, 0x00000000fe400000|  0%| F|  |TAMS 0x00000000fe300000| PB 0x00000000fe300000| Untracked |  0
|  36|0x00000000fe400000, 0x00000000fe500000, 0x00000000fe500000|100%| S|CS|TAMS 0x00000000fe400000| PB 0x00000000fe400000| Complete |  0
|  37|0x00000000fe500000, 0x00000000fe600000, 0x00000000fe600000|100%| S|CS|TAMS 0x00000000fe500000| PB 0x00000000fe500000| Complete |  0
|  38|0x00000000fe600000, 0x00000000fe600000, 0x00000000fe700000|  0%| F|  |TAMS 0x00000000fe600000| PB 0x00000000fe600000| Untracked |  0
|  39|0x00000000fe700000, 0x00000000fe700000, 0x00000000fe800000|  0%| F|  |TAMS 0x00000000fe700000| PB 0x00000000fe700000| Untracked |  0
|  40|0x00000000fe800000, 0x00000000fe800000, 0x00000000fe900000|  0%| F|  |TAMS 0x00000000fe800000| PB 0x00000000fe800000| Untracked |  0
|  41|0x00000000fe900000, 0x00000000fe900000, 0x00000000fea00000|  0%| F|  |TAMS 0x00000000fe900000| PB 0x00000000fe900000| Untracked |  0
|  42|0x00000000fea00000, 0x00000000fea00000, 0x00000000feb00000|  0%| F|  |TAMS 0x00000000fea00000| PB 0x00000000fea00000| Untracked |  0
|  43|0x00000000feb00000, 0x00000000feb00000, 0x00000000fec00000|  0%| F|  |TAMS 0x00000000feb00000| PB 0x00000000feb00000| Untracked |  0
|  44|0x00000000fec00000, 0x00000000fec00000, 0x00000000fed00000|  0%| F|  |TAMS 0x00000000fec00000| PB 0x00000000fec00000| Untracked |  0
|  45|0x00000000fed00000, 0x00000000fed00000, 0x00000000fee00000|  0%| F|  |TAMS 0x00000000fed00000| PB 0x00000000fed00000| Untracked |  0
|  46|0x00000000fee00000, 0x00000000fee00000, 0x00000000fef00000|  0%| F|  |TAMS 0x00000000fee00000| PB 0x00000000fee00000| Untracked |  0
|  47|0x00000000fef00000, 0x00000000fef00000, 0x00000000ff000000|  0%| F|  |TAMS 0x00000000fef00000| PB 0x00000000fef00000| Untracked |  0
|  48|0x00000000ff000000, 0x00000000ff000000, 0x00000000ff100000|  0%| F|  |TAMS 0x00000000ff000000| PB 0x00000000ff000000| Untracked |  0
|  49|0x00000000ff100000, 0x00000000ff100000, 0x00000000ff200000|  0%| F|  |TAMS 0x00000000ff100000| PB 0x00000000ff100000| Untracked |  0
|  50|0x00000000ff200000, 0x00000000ff200000, 0x00000000ff300000|  0%| F|  |TAMS 0x00000000ff200000| PB 0x00000000ff200000| Untracked |  0
|  51|0x00000000ff300000, 0x00000000ff3586b0, 0x00000000ff400000| 34%| E|  |TAMS 0x00000000ff300000| PB 0x00000000ff300000| Complete |  0
|  52|0x00000000ff400000, 0x00000000ff500000, 0x00000000ff500000|100%| E|CS|TAMS 0x00000000ff400000| PB 0x00000000ff400000| Complete |  0
|  53|0x00000000ff500000, 0x00000000ff600000, 0x00000000ff600000|100%| E|CS|TAMS 0x00000000ff500000| PB 0x00000000ff500000| Complete |  0
|  54|0x00000000ff600000, 0x00000000ff700000, 0x00000000ff700000|100%| E|CS|TAMS 0x00000000ff600000| PB 0x00000000ff600000| Complete |  0
|  55|0x00000000ff700000, 0x00000000ff800000, 0x00000000ff800000|100%| E|CS|TAMS 0x00000000ff700000| PB 0x00000000ff700000| Complete |  0
|  56|0x00000000ff800000, 0x00000000ff900000, 0x00000000ff900000|100%| E|CS|TAMS 0x00000000ff800000| PB 0x00000000ff800000| Complete |  0
|  57|0x00000000ff900000, 0x00000000ffa00000, 0x00000000ffa00000|100%| E|CS|TAMS 0x00000000ff900000| PB 0x00000000ff900000| Complete |  0
|  58|0x00000000ffa00000, 0x00000000ffb00000, 0x00000000ffb00000|100%| E|CS|TAMS 0x00000000ffa00000| PB 0x00000000ffa00000| Complete |  0
|  59|0x00000000ffb00000, 0x00000000ffc00000, 0x00000000ffc00000|100%| E|CS|TAMS 0x00000000ffb00000| PB 0x00000000ffb00000| Complete |  0
|  60|0x00000000ffc00000, 0x00000000ffd00000, 0x00000000ffd00000|100%| E|CS|TAMS 0x00000000ffc00000| PB 0x00000000ffc00000| Complete |  0
|  61|0x00000000ffd00000, 0x00000000ffe00000, 0x00000000ffe00000|100%| E|CS|TAMS 0x00000000ffd00000| PB 0x00000000ffd00000| Complete |  0
|  62|0x00000000ffe00000, 0x00000000fff00000, 0x00000000fff00000|100%| E|CS|TAMS 0x00000000ffe00000| PB 0x00000000ffe00000| Complete |  0
|  63|0x00000000fff00000, 0x0000000100000000, 0x0000000100000000|100%| E|CS|TAMS 0x00000000fff00000| PB 0x00000000fff00000| Complete |  0

Card table byte_map: [0x00000176123d0000,0x00000176123f0000] _byte_map_base: 0x0000017611bf0000

Marking Bits: (CMBitMap*) 0x00000176145123f0
 Bits: [0x000001762c180000, 0x000001762c280000)

Polling page: 0x0000017612380000

Metaspace:

Usage:
  Non-class:     10.02 MB used.
      Class:      1.51 MB used.
       Both:     11.54 MB used.

Virtual space:
  Non-class space:       64.00 MB reserved,      10.19 MB ( 16%) committed,  1 nodes.
      Class space:        1.00 GB reserved,       1.69 MB ( <1%) committed,  1 nodes.
             Both:        1.06 GB reserved,      11.88 MB (  1%) committed. 

Chunk freelists:
   Non-Class:  4.96 MB
       Class:  14.16 MB
        Both:  19.11 MB

MaxMetaspaceSize: unlimited
CompressedClassSpaceSize: 1.00 GB
Initial GC threshold: 21.00 MB
Current GC threshold: 21.00 MB
CDS: on
 - commit_granule_bytes: 65536.
 - commit_granule_words: 8192.
 - virtual_space_node_default_size: 8388608.
 - enlarge_chunks_in_place: 1.
 - use_allocation_guard: 0.


Internal statistics:

num_allocs_failed_limit: 0.
num_arena_births: 370.
num_arena_deaths: 0.
num_vsnodes_births: 2.
num_vsnodes_deaths: 0.
num_space_committed: 190.
num_space_uncommitted: 0.
num_chunks_returned_to_freelist: 0.
num_chunks_taken_from_freelist: 688.
num_chunk_merges: 0.
num_chunk_splits: 459.
num_chunks_enlarged: 320.
num_inconsistent_stats: 0.

CodeHeap 'non-profiled nmethods': size=120064Kb used=1235Kb max_used=1235Kb free=118828Kb
 bounds [0x00000176246e0000, 0x0000017624950000, 0x000001762bc20000]
CodeHeap 'profiled nmethods': size=120000Kb used=4321Kb max_used=4321Kb free=115678Kb
 bounds [0x000001761cc20000, 0x000001761d060000, 0x0000017624150000]
CodeHeap 'non-nmethods': size=5696Kb used=1450Kb max_used=1479Kb free=4245Kb
 bounds [0x0000017624150000, 0x00000176243c0000, 0x00000176246e0000]
CodeCache: size=245760Kb, used=7006Kb, max_used=7035Kb, free=238751Kb
 total_blobs=3615, nmethods=3068, adapters=452, full_count=0
Compilation: enabled, stopped_count=0, restarted_count=0

Compilation events (20 events):
Event: 119.996 Thread 0x000001762eebd2b0 nmethod 2923 0x000001761d024588 code [0x000001761d0246a0, 0x000001761d0247a8]
Event: 119.998 Thread 0x000001762eebd2b0 2924       3       org.gradle.internal.logging.console.DefaultColorMap$1::off (1 bytes)
Event: 119.998 Thread 0x000001762eebd2b0 nmethod 2924 0x000001761d024888 code [0x000001761d0249a0, 0x000001761d024aa8]
Event: 120.412 Thread 0x000001762eebd2b0 2925       3       org.fusesource.jansi.Ansi::eraseLine (11 bytes)
Event: 120.412 Thread 0x000001762eebd2b0 nmethod 2925 0x000001761d024b88 code [0x000001761d024ca0, 0x000001761d024e00]
Event: 121.999 Thread 0x000001762eeba7f0 2926       4       org.gradle.internal.logging.console.BuildStatusRenderer::onOutput (350 bytes)
Event: 122.010 Thread 0x000001762eeba7f0 nmethod 2926 0x0000017624803a08 code [0x0000017624803c60, 0x0000017624804870]
Event: 122.532 Thread 0x000001762eeba7f0 2927       4       org.gradle.internal.logging.console.DefaultWorkInProgressFormatter::format (102 bytes)
Event: 122.590 Thread 0x000001762eeba7f0 nmethod 2927 0x0000017624804a08 code [0x0000017624804d40, 0x0000017624807a28]
Event: 123.030 Thread 0x000001762eeba7f0 2928       4       org.gradle.internal.logging.sink.OutputEventTransformer::onOutput (369 bytes)
Event: 123.047 Thread 0x000001762eeba7f0 nmethod 2928 0x0000017624807c88 code [0x0000017624807f80, 0x0000017624808f18]
Event: 125.450 Thread 0x000001762eeba7f0 2929       4       org.fusesource.jansi.Ansi::flushAttributes (94 bytes)
Event: 125.459 Thread 0x000001762eeba7f0 nmethod 2929 0x0000017624809088 code [0x0000017624809200, 0x0000017624809980]
Event: 130.814 Thread 0x000001762eebd2b0 2930   !   3       java.io.PrintStream::write (94 bytes)
Event: 130.815 Thread 0x000001762eebd2b0 nmethod 2930 0x000001761d024e88 code [0x000001761d025160, 0x000001761d0266c0]
Event: 130.815 Thread 0x000001762eebd2b0 2931       3       java.io.PrintStream::implWrite (29 bytes)
Event: 130.815 Thread 0x000001762eebd2b0 nmethod 2931 0x000001761d026788 code [0x000001761d0268e0, 0x000001761d026d20]
Event: 130.851 Thread 0x000001762eeba7f0 2932       4       com.google.common.collect.RegularImmutableList::get (7 bytes)
Event: 130.851 Thread 0x000001762eeba7f0 nmethod 2932 0x0000017624809a08 code [0x0000017624809b00, 0x0000017624809bc0]
Event: 131.805 Thread 0x000001762eeba7f0 2933       4       org.gradle.internal.logging.console.MultiLineBuildProgressArea::redraw (203 bytes)

GC Heap History (6 events):
Event: 0.558 GC heap before
{Heap before GC invocations=0 (full 0):
 garbage-first heap   total reserved 65536K, committed 65536K, used 24576K [0x00000000fc000000, 0x0000000100000000)
  region size 1024K, 24 young (24576K), 0 survivors (0K)
 Metaspace       used 1644K, committed 1856K, reserved 1114112K
  class space    used 153K, committed 256K, reserved 1048576K
}
Event: 0.562 GC heap after
{Heap after GC invocations=1 (full 0):
 garbage-first heap   total reserved 65536K, committed 65536K, used 2688K [0x00000000fc000000, 0x0000000100000000)
  region size 1024K, 3 young (3072K), 3 survivors (3072K)
 Metaspace       used 1644K, committed 1856K, reserved 1114112K
  class space    used 153K, committed 256K, reserved 1048576K
}
Event: 1.164 GC heap before
{Heap before GC invocations=1 (full 0):
 garbage-first heap   total reserved 65536K, committed 65536K, used 30336K [0x00000000fc000000, 0x0000000100000000)
  region size 1024K, 28 young (28672K), 3 survivors (3072K)
 Metaspace       used 7318K, committed 7552K, reserved 1114112K
  class space    used 1013K, committed 1152K, reserved 1048576K
}
Event: 1.168 GC heap after
{Heap after GC invocations=2 (full 0):
 garbage-first heap   total reserved 65536K, committed 65536K, used 12086K [0x00000000fc000000, 0x0000000100000000)
  region size 1024K, 4 young (4096K), 4 survivors (4096K)
 Metaspace       used 7318K, committed 7552K, reserved 1114112K
  class space    used 1013K, committed 1152K, reserved 1048576K
}
Event: 37.168 GC heap before
{Heap before GC invocations=2 (full 0):
 garbage-first heap   total reserved 65536K, committed 65536K, used 38710K [0x00000000fc000000, 0x0000000100000000)
  region size 1024K, 30 young (30720K), 4 survivors (4096K)
 Metaspace       used 11396K, committed 11712K, reserved 1114112K
  class space    used 1511K, committed 1664K, reserved 1048576K
}
Event: 37.171 GC heap after
{Heap after GC invocations=3 (full 0):
 garbage-first heap   total reserved 65536K, committed 65536K, used 14851K [0x00000000fc000000, 0x0000000100000000)
  region size 1024K, 4 young (4096K), 4 survivors (4096K)
 Metaspace       used 11396K, committed 11712K, reserved 1114112K
  class space    used 1511K, committed 1664K, reserved 1048576K
}

Dll operation events (13 events):
Event: 0.007 Loaded shared library C:\Program Files\Java\jdk-23\bin\java.dll
Event: 0.031 Loaded shared library C:\Program Files\Java\jdk-23\bin\jsvml.dll
Event: 0.047 Loaded shared library C:\Program Files\Java\jdk-23\bin\net.dll
Event: 0.051 Loaded shared library C:\Program Files\Java\jdk-23\bin\nio.dll
Event: 0.054 Loaded shared library C:\Program Files\Java\jdk-23\bin\zip.dll
Event: 0.061 Loaded shared library C:\Program Files\Java\jdk-23\bin\verify.dll
Event: 0.502 Loaded shared library C:\Program Files\Java\jdk-23\bin\jimage.dll
Event: 0.900 Loaded shared library C:\Program Files\Java\jdk-23\bin\management.dll
Event: 0.904 Loaded shared library C:\Program Files\Java\jdk-23\bin\management_ext.dll
Event: 0.950 Loaded shared library C:\Users\denis\.gradle\native\1def1411415f61bf3af743bc5b6707747c0891f09f0c88961ee8f79bc544acac\windows-amd64\native-platform.dll
Event: 0.980 Loaded shared library C:\Users\denis\.gradle\native\jansi\1.18\windows64\jansi.dll
Event: 1.123 Loaded shared library C:\Program Files\Java\jdk-23\bin\extnet.dll
Event: 3.820 Loaded shared library C:\Program Files\Java\jdk-23\bin\sunmscapi.dll

Deoptimization events (20 events):
Event: 103.012 Thread 0x00000176144f4f70 DEOPT PACKING pc=0x00000176247f64e4 sp=0x0000006040ffe270
Event: 103.012 Thread 0x00000176144f4f70 DEOPT UNPACKING pc=0x00000176241a4402 sp=0x0000006040ffe238 mode 2
Event: 103.106 Thread 0x0000017675193000 Uncommon trap: trap_request=0xffffff45 fr.pc=0x00000176247f3148 relative=0x0000000000000ce8
Event: 103.106 Thread 0x0000017675193000 Uncommon trap: reason=unstable_if action=reinterpret pc=0x00000176247f3148 method=org.gradle.internal.logging.console.BuildStatusRenderer.onOutput(Lorg/gradle/internal/logging/events/OutputEvent;)V @ 155 c2
Event: 103.106 Thread 0x0000017675193000 DEOPT PACKING pc=0x00000176247f3148 sp=0x00000060426fec90
Event: 103.106 Thread 0x0000017675193000 DEOPT UNPACKING pc=0x00000176241a4402 sp=0x00000060426fec80 mode 2
Event: 107.561 Thread 0x00000176144f4f70 Uncommon trap: trap_request=0xffffff45 fr.pc=0x00000176247ba600 relative=0x00000000000001e0
Event: 107.561 Thread 0x00000176144f4f70 Uncommon trap: reason=unstable_if action=reinterpret pc=0x00000176247ba600 method=com.esotericsoftware.kryo.io.Input.require(I)I @ 65 c2
Event: 107.561 Thread 0x00000176144f4f70 DEOPT PACKING pc=0x00000176247ba600 sp=0x0000006040ffdf20
Event: 107.561 Thread 0x00000176144f4f70 DEOPT UNPACKING pc=0x00000176241a4402 sp=0x0000006040ffded0 mode 2
Event: 107.561 Thread 0x00000176144f4f70 Uncommon trap: trap_request=0xffffff45 fr.pc=0x00000176247daec4 relative=0x0000000000001b64
Event: 107.561 Thread 0x00000176144f4f70 Uncommon trap: reason=unstable_if action=reinterpret pc=0x00000176247daec4 method=org.gradle.internal.remote.internal.inet.SocketConnection$SocketInputStream.read([BII)I @ 1 c2
Event: 107.561 Thread 0x00000176144f4f70 DEOPT PACKING pc=0x00000176247daec4 sp=0x0000006040ffdda0
Event: 107.561 Thread 0x00000176144f4f70 DEOPT UNPACKING pc=0x00000176241a4402 sp=0x0000006040ffddd0 mode 2
Event: 107.562 Thread 0x00000176144f4f70 Uncommon trap: trap_request=0xffffff45 fr.pc=0x00000176247d4a40 relative=0x0000000000000200
Event: 107.562 Thread 0x00000176144f4f70 Uncommon trap: reason=unstable_if action=reinterpret pc=0x00000176247d4a40 method=java.nio.ByteBuffer.getArray(I[BII)Ljava/nio/ByteBuffer; @ 9 c2
Event: 107.562 Thread 0x00000176144f4f70 DEOPT PACKING pc=0x00000176247d4a40 sp=0x0000006040ffdcb0
Event: 107.562 Thread 0x00000176144f4f70 DEOPT UNPACKING pc=0x00000176241a4402 sp=0x0000006040ffdbf0 mode 2
Event: 114.347 Thread 0x0000017675193000 DEOPT PACKING pc=0x000001761cf9c9f8 sp=0x00000060426fe490
Event: 114.347 Thread 0x0000017675193000 DEOPT UNPACKING pc=0x00000176241a4b22 sp=0x00000060426fd900 mode 0

Classes loaded (20 events):
Event: 4.424 Loading class java/lang/invoke/MethodHandle$1
Event: 4.424 Loading class java/lang/invoke/MethodHandle$1 done
Event: 4.425 Loading class java/io/ObjectInputStream$BlockDataInputStream
Event: 4.425 Loading class java/io/ObjectInputStream$BlockDataInputStream done
Event: 4.425 Loading class java/io/ObjectInputStream$PeekInputStream
Event: 4.425 Loading class java/io/ObjectInputStream$PeekInputStream done
Event: 4.425 Loading class java/io/ObjectInputStream$HandleTable
Event: 4.425 Loading class java/io/ObjectInputStream$HandleTable done
Event: 4.425 Loading class java/io/ObjectInputStream$HandleTable$HandleList
Event: 4.426 Loading class java/io/ObjectInputStream$HandleTable$HandleList done
Event: 4.426 Loading class java/io/ObjectInputStream$ValidationList
Event: 4.426 Loading class java/io/ObjectInputStream$ValidationList done
Event: 4.426 Loading class java/io/ObjectInputFilter$Config
Event: 4.426 Loading class java/io/ObjectInputFilter$Config done
Event: 4.426 Loading class java/io/ObjectInputFilter
Event: 4.426 Loading class java/io/ObjectInputFilter done
Event: 4.427 Loading class java/io/ObjectInputFilter$Config$BuiltinFilterFactory
Event: 4.427 Loading class java/io/ObjectInputFilter$Config$BuiltinFilterFactory done
Event: 4.427 Loading class jdk/internal/access/JavaObjectInputFilterAccess
Event: 4.427 Loading class jdk/internal/access/JavaObjectInputFilterAccess done

Classes unloaded (0 events):
No events

Classes redefined (0 events):
No events

Internal exceptions (20 events):
Event: 1.192 Thread 0x00000176144f4f70 Exception <a 'java/lang/NoSuchMethodError'{0x00000000ffd9f6f8}: 'java.lang.Object java.lang.invoke.DirectMethodHandle$Holder.invokeStatic(java.lang.Object, java.lang.Object, java.lang.Object, java.lang.Object, java.lang.Object, java.lang.Object, java.lang.Object, java.lang.Object, java.lang.Object, java.lang.Object, java.lang.Object, java.lang.Object, java.lang.Object, java.lang.Object, java.lang.Object, java.lang.Object, java.lang.Object, java.lang.Object, java.lang.Object, java.lang.Object, java.lang.Obj
Event: 1.194 Thread 0x00000176144f4f70 Exception <a 'java/lang/NoSuchMethodError'{0x00000000ffdcbc00}: 'java.lang.Object java.lang.invoke.DirectMethodHandle$Holder.invokeStatic(java.lang.Object, java.lang.Object, java.lang.Object, java.lang.Object, java.lang.Object, java.lang.Object, java.lang.Object, java.lang.Object, java.lang.Object, java.lang.Object, java.lang.Object, java.lang.Object, java.lang.Object, java.lang.Object, java.lang.Object, java.lang.Object, java.lang.Object, java.lang.Object, java.lang.Object, java.lang.Object, java.lang.Obj
Event: 1.196 Thread 0x00000176144f4f70 Exception <a 'java/lang/NoSuchMethodError'{0x00000000ffc07ab8}: 'java.lang.Object java.lang.invoke.DirectMethodHandle$Holder.invokeStatic(java.lang.Object, java.lang.Object, java.lang.Object, java.lang.Object, java.lang.Object, java.lang.Object, java.lang.Object, java.lang.Object, java.lang.Object, java.lang.Object, java.lang.Object, java.lang.Object, java.lang.Object, java.lang.Object, java.lang.Object, java.lang.Object, java.lang.Object, java.lang.Object, java.lang.Object, java.lang.Object, java.lang.Obj
Event: 1.198 Thread 0x00000176144f4f70 Exception <a 'java/lang/NoSuchMethodError'{0x00000000ffc36408}: 'java.lang.Object java.lang.invoke.DirectMethodHandle$Holder.invokeStatic(java.lang.Object, java.lang.Object, java.lang.Object, java.lang.Object, java.lang.Object, java.lang.Object, java.lang.Object, java.lang.Object, java.lang.Object, java.lang.Object, java.lang.Object, java.lang.Object, java.lang.Object, java.lang.Object, java.lang.Object, java.lang.Object, java.lang.Object, java.lang.Object, java.lang.Object, java.lang.Object, java.lang.Obj
Event: 1.201 Thread 0x00000176144f4f70 Exception <a 'java/lang/NoSuchMethodError'{0x00000000ffc5ad00}: 'java.lang.Object java.lang.invoke.DirectMethodHandle$Holder.invokeSpecial(java.lang.Object, java.lang.Object, java.lang.Object, java.lang.Object, java.lang.Object, java.lang.Object, java.lang.Object, java.lang.Object, java.lang.Object, java.lang.Object, java.lang.Object, java.lang.Object, java.lang.Object, java.lang.Object, java.lang.Object, java.lang.Object, java.lang.Object, java.lang.Object, java.lang.Object, java.lang.Object, java.lang.Ob
Event: 1.201 Thread 0x00000176144f4f70 Exception <a 'java/lang/NoSuchMethodError'{0x00000000ffc707a8}: 'java.lang.Object java.lang.invoke.DirectMethodHandle$Holder.newInvokeSpecial(java.lang.Object, java.lang.Object, java.lang.Object, java.lang.Object, java.lang.Object, java.lang.Object, java.lang.Object, java.lang.Object, java.lang.Object, java.lang.Object, java.lang.Object, java.lang.Object, java.lang.Object, java.lang.Object, java.lang.Object, java.lang.Object, java.lang.Object, java.lang.Object, java.lang.Object, java.lang.Object, java.lang
Event: 1.202 Thread 0x00000176144f4f70 Exception <a 'java/lang/NoSuchMethodError'{0x00000000ffc769a8}: 'java.lang.Object java.lang.invoke.Invokers$Holder.linkToTargetMethod(java.lang.Object, java.lang.Object, java.lang.Object, java.lang.Object, java.lang.Object, java.lang.Object, java.lang.Object, java.lang.Object, java.lang.Object, java.lang.Object, java.lang.Object, java.lang.Object, java.lang.Object, java.lang.Object, java.lang.Object, java.lang.Object, java.lang.Object, java.lang.Object, java.lang.Object, java.lang.Object, java.lang.Object,
Event: 1.202 Thread 0x00000176144f4f70 Exception <a 'java/lang/NoSuchMethodError'{0x00000000ffc7bdd0}: 'java.lang.Object java.lang.invoke.DirectMethodHandle$Holder.invokeVirtual(java.lang.Object, java.lang.Object, java.lang.Object, java.lang.Object, java.lang.Object, java.lang.Object, java.lang.Object, java.lang.Object, java.lang.Object, java.lang.Object)'> (0x00000000ffc7bdd0) 
thrown [s\open\src\hotspot\share\interpreter\linkResolver.cpp, line 796]
Event: 1.215 Thread 0x00000176144f4f70 Exception <a 'java/lang/NoSuchMethodError'{0x00000000ffb71938}: 'java.lang.Object java.lang.invoke.DirectMethodHandle$Holder.invokeVirtual(java.lang.Object, java.lang.Object, java.lang.Object, java.lang.Object, java.lang.Object, java.lang.Object, java.lang.Object, java.lang.Object, java.lang.Object)'> (0x00000000ffb71938) 
thrown [s\open\src\hotspot\share\interpreter\linkResolver.cpp, line 796]
Event: 1.231 Thread 0x00000176144f4f70 Exception <a 'java/lang/NoSuchMethodError'{0x00000000ffa8da38}: 'java.lang.Object java.lang.invoke.DirectMethodHandle$Holder.invokeVirtual(java.lang.Object, java.lang.Object, java.lang.Object, java.lang.Object, java.lang.Object, java.lang.Object, java.lang.Object, java.lang.Object)'> (0x00000000ffa8da38) 
thrown [s\open\src\hotspot\share\interpreter\linkResolver.cpp, line 796]
Event: 1.243 Thread 0x00000176144f4f70 Exception <a 'java/lang/NoSuchMethodError'{0x00000000ff91a608}: 'java.lang.Object java.lang.invoke.DirectMethodHandle$Holder.invokeStaticInit(java.lang.Object, int, int, int, int)'> (0x00000000ff91a608) 
thrown [s\open\src\hotspot\share\interpreter\linkResolver.cpp, line 796]
Event: 1.275 Thread 0x00000176144f4f70 Exception <a 'java/lang/NoSuchMethodError'{0x00000000ff9ebb68}: 'java.lang.Object java.lang.invoke.DirectMethodHandle$Holder.invokeStaticInit(java.lang.Object, java.lang.Object, int, int, int, int)'> (0x00000000ff9ebb68) 
thrown [s\open\src\hotspot\share\interpreter\linkResolver.cpp, line 796]
Event: 1.295 Thread 0x00000176144f4f70 Implicit null exception at 0x0000017624723a94 to 0x00000176247240ec
Event: 1.297 Thread 0x00000176144f4f70 Exception <a 'java/lang/NoSuchMethodError'{0x00000000ff8c63f8}: 'void java.lang.invoke.DirectMethodHandle$Holder.invokeInterface(java.lang.Object, java.lang.Object, java.lang.Object)'> (0x00000000ff8c63f8) 
thrown [s\open\src\hotspot\share\interpreter\linkResolver.cpp, line 796]
Event: 1.301 Thread 0x00000176144f4f70 Exception <a 'java/net/ConnectException'{0x00000000ff8d73e8}: Connection refused: getsockopt> (0x00000000ff8d73e8) 
thrown [s\open\src\hotspot\share\prims\jni.cpp, line 539]
Event: 1.315 Thread 0x00000176144f4f70 Exception <a 'java/lang/NoSuchMethodError'{0x00000000ff71d718}: 'int java.lang.invoke.DirectMethodHandle$Holder.invokeStatic(java.lang.Object, int, java.lang.Object)'> (0x00000000ff71d718) 
thrown [s\open\src\hotspot\share\interpreter\linkResolver.cpp, line 796]
Event: 1.530 Thread 0x00000176753b5890 Exception <a 'java/lang/NoSuchMethodError'{0x00000000fef10ef0}: 'void java.lang.invoke.DirectMethodHandle$Holder.invokeStatic(java.lang.Object, long)'> (0x00000000fef10ef0) 
thrown [s\open\src\hotspot\share\interpreter\linkResolver.cpp, line 796]
Event: 1.530 Thread 0x00000176753b5890 Exception <a 'java/lang/NoSuchMethodError'{0x00000000fef162e8}: 'java.lang.Object java.lang.invoke.DirectMethodHandle$Holder.newInvokeSpecial(java.lang.Object, long)'> (0x00000000fef162e8) 
thrown [s\open\src\hotspot\share\interpreter\linkResolver.cpp, line 796]
Event: 1.531 Thread 0x00000176753b5890 Exception <a 'java/lang/NoSuchMethodError'{0x00000000fef1d2f8}: 'java.lang.Object java.lang.invoke.DirectMethodHandle$Holder.invokeStatic(java.lang.Object, long, java.lang.Object)'> (0x00000000fef1d2f8) 
thrown [s\open\src\hotspot\share\interpreter\linkResolver.cpp, line 796]
Event: 1.532 Thread 0x00000176753b5890 Exception <a 'java/lang/NoSuchMethodError'{0x00000000fef20ac8}: 'java.lang.Object java.lang.invoke.DirectMethodHandle$Holder.invokeStaticInit(java.lang.Object, long, java.lang.Object)'> (0x00000000fef20ac8) 
thrown [s\open\src\hotspot\share\interpreter\linkResolver.cpp, line 796]

VM Operations (20 events):
Event: 1.302 Executing VM operation: HandshakeAllThreads (Deoptimize)
Event: 1.302 Executing VM operation: HandshakeAllThreads (Deoptimize) done
Event: 1.326 Executing VM operation: HandshakeAllThreads (Deoptimize)
Event: 1.326 Executing VM operation: HandshakeAllThreads (Deoptimize) done
Event: 1.370 Executing VM operation: HandshakeAllThreads (Deoptimize)
Event: 1.370 Executing VM operation: HandshakeAllThreads (Deoptimize) done
Event: 1.502 Executing VM operation: HandshakeAllThreads (Deoptimize)
Event: 1.502 Executing VM operation: HandshakeAllThreads (Deoptimize) done
Event: 1.543 Executing VM operation: HandshakeAllThreads (Deoptimize)
Event: 1.543 Executing VM operation: HandshakeAllThreads (Deoptimize) done
Event: 3.799 Executing VM operation: HandshakeAllThreads (Deoptimize)
Event: 3.799 Executing VM operation: HandshakeAllThreads (Deoptimize) done
Event: 23.598 Executing VM operation: HandshakeAllThreads (Deoptimize)
Event: 23.598 Executing VM operation: HandshakeAllThreads (Deoptimize) done
Event: 37.168 Executing VM operation: G1CollectForAllocation (G1 Evacuation Pause)
Event: 37.171 Executing VM operation: G1CollectForAllocation (G1 Evacuation Pause) done
Event: 60.121 Executing VM operation: HandshakeAllThreads (HandshakeForDeflation)
Event: 60.121 Executing VM operation: HandshakeAllThreads (HandshakeForDeflation) done
Event: 60.121 Executing VM operation: RendezvousGCThreads
Event: 60.121 Executing VM operation: RendezvousGCThreads done

Memory protections (0 events):
No events

Nmethod flushes (0 events):
No events

Events (20 events):
Event: 0.029 Thread 0x00000176144f4f70 Thread added: 0x000001762eebd2b0
Event: 0.042 Thread 0x00000176144f4f70 Thread added: 0x00000176740dcdc0
Event: 0.044 Thread 0x00000176144f4f70 Thread added: 0x00000176740dfc50
Event: 0.496 Thread 0x000001762eebd2b0 Thread added: 0x000001767468c1c0
Event: 0.499 Thread 0x000001762eebd2b0 Thread added: 0x000001767471b870
Event: 0.993 Thread 0x00000176144f4f70 Thread added: 0x0000017675193000
Event: 1.524 Thread 0x00000176144f4f70 Thread added: 0x00000176753b5890
Event: 1.536 Thread 0x00000176753b5890 Thread added: 0x0000017675424f40
Event: 1.536 Thread 0x0000017675424f40 Thread exited: 0x0000017675424f40
Event: 1.537 Thread 0x00000176753b5890 Thread added: 0x0000017675424f40
Event: 2.601 Thread 0x000001767471b870 Thread exited: 0x000001767471b870
Event: 2.601 Thread 0x000001767468c1c0 Thread exited: 0x000001767468c1c0
Event: 3.785 Thread 0x00000176753b5890 Thread exited: 0x00000176753b5890
Event: 3.785 Thread 0x0000017675424f40 Thread exited: 0x0000017675424f40
Event: 3.804 Thread 0x000001762eebd2b0 Thread added: 0x0000017675548f10
Event: 3.804 Thread 0x000001762eebd2b0 Thread added: 0x00000176755495d0
Event: 4.424 Thread 0x00000176755495d0 Thread exited: 0x00000176755495d0
Event: 4.424 Thread 0x0000017675548f10 Thread exited: 0x0000017675548f10
Event: 36.196 Thread 0x000001762eeba7f0 Thread added: 0x0000017675501f10
Event: 36.506 Thread 0x0000017675501f10 Thread exited: 0x0000017675501f10


Dynamic libraries:
0x00007ff795600000 - 0x00007ff795610000 	C:\Program Files\Java\jdk-23\bin\java.exe
0x00007ffbc1fd0000 - 0x00007ffbc21e8000 	C:\Windows\SYSTEM32\ntdll.dll
0x00007ffbc0e20000 - 0x00007ffbc0ee4000 	C:\Windows\System32\KERNEL32.DLL
0x00007ffbbf790000 - 0x00007ffbbfb63000 	C:\Windows\System32\KERNELBASE.dll
0x00007ffbbf0e0000 - 0x00007ffbbf1f1000 	C:\Windows\System32\ucrtbase.dll
0x00007ffb874e0000 - 0x00007ffb874fb000 	C:\Program Files\Java\jdk-23\bin\VCRUNTIME140.dll
0x00007ffb874c0000 - 0x00007ffb874d7000 	C:\Program Files\Java\jdk-23\bin\jli.dll
0x00007ffbbfc80000 - 0x00007ffbbfe32000 	C:\Windows\System32\USER32.dll
0x00007ffbbfc40000 - 0x00007ffbbfc66000 	C:\Windows\System32\win32u.dll
0x00007ffbadac0000 - 0x00007ffbadd5c000 	C:\Windows\WinSxS\amd64_microsoft.windows.common-controls_6595b64144ccf1df_6.0.22621.6060_none_2712eda17382d24b\COMCTL32.dll
0x00007ffbc0bb0000 - 0x00007ffbc0bd9000 	C:\Windows\System32\GDI32.dll
0x00007ffbc0750000 - 0x00007ffbc07f7000 	C:\Windows\System32\msvcrt.dll
0x00007ffbbf2c0000 - 0x00007ffbbf3db000 	C:\Windows\System32\gdi32full.dll
0x00007ffbbfb70000 - 0x00007ffbbfc0a000 	C:\Windows\System32\msvcp_win.dll
0x00007ffbc0870000 - 0x00007ffbc08a1000 	C:\Windows\System32\IMM32.DLL
0x00007ffb874b0000 - 0x00007ffb874bc000 	C:\Program Files\Java\jdk-23\bin\vcruntime140_1.dll
0x00007ffb87420000 - 0x00007ffb874ae000 	C:\Program Files\Java\jdk-23\bin\msvcp140.dll
0x00007ffad99f0000 - 0x00007ffada73f000 	C:\Program Files\Java\jdk-23\bin\server\jvm.dll
0x00007ffbc08b0000 - 0x00007ffbc0961000 	C:\Windows\System32\ADVAPI32.dll
0x00007ffbc0be0000 - 0x00007ffbc0c88000 	C:\Windows\System32\sechost.dll
0x00007ffbbfc10000 - 0x00007ffbbfc38000 	C:\Windows\System32\bcrypt.dll
0x00007ffbc0ce0000 - 0x00007ffbc0df8000 	C:\Windows\System32\RPCRT4.dll
0x00007ffbc12c0000 - 0x00007ffbc1331000 	C:\Windows\System32\WS2_32.dll
0x00007ffbb5590000 - 0x00007ffbb55c4000 	C:\Windows\SYSTEM32\WINMM.dll
0x00007ffbbdf30000 - 0x00007ffbbdf7d000 	C:\Windows\SYSTEM32\POWRPROF.dll
0x00007ffbb2390000 - 0x00007ffbb239a000 	C:\Windows\SYSTEM32\VERSION.dll
0x00007ffbbdf10000 - 0x00007ffbbdf23000 	C:\Windows\SYSTEM32\UMPDC.dll
0x00007ffbbe1b0000 - 0x00007ffbbe1c8000 	C:\Windows\SYSTEM32\kernel.appcore.dll
0x00007ffb87410000 - 0x00007ffb8741a000 	C:\Program Files\Java\jdk-23\bin\jimage.dll
0x00007ffbbc5b0000 - 0x00007ffbbc7e3000 	C:\Windows\SYSTEM32\DBGHELP.DLL
0x00007ffbc1770000 - 0x00007ffbc1b01000 	C:\Windows\System32\combase.dll
0x00007ffbc0f10000 - 0x00007ffbc0fe8000 	C:\Windows\System32\OLEAUT32.dll
0x00007ffba34a0000 - 0x00007ffba34d2000 	C:\Windows\SYSTEM32\dbgcore.DLL
0x00007ffbbf710000 - 0x00007ffbbf78b000 	C:\Windows\System32\bcryptPrimitives.dll
0x00007ffb873f0000 - 0x00007ffb8740e000 	C:\Program Files\Java\jdk-23\bin\java.dll
0x00007ffbc0ff0000 - 0x00007ffbc1191000 	C:\Windows\System32\ole32.dll
0x00007ffbbfe40000 - 0x00007ffbc06dc000 	C:\Windows\System32\SHELL32.dll
0x00007ffbbf3e0000 - 0x00007ffbbf51f000 	C:\Windows\System32\wintypes.dll
0x00007ffbbcff0000 - 0x00007ffbbd90a000 	C:\Windows\SYSTEM32\windows.storage.dll
0x00007ffbc0990000 - 0x00007ffbc0a94000 	C:\Windows\System32\SHCORE.dll
0x00007ffbc06e0000 - 0x00007ffbc0749000 	C:\Windows\System32\shlwapi.dll
0x00007ffbbf010000 - 0x00007ffbbf035000 	C:\Windows\SYSTEM32\profapi.dll
0x00007ffb394c0000 - 0x00007ffb39597000 	C:\Program Files\Java\jdk-23\bin\jsvml.dll
0x00007ffb873e0000 - 0x00007ffb873f0000 	C:\Program Files\Java\jdk-23\bin\net.dll
0x00007ffbbe690000 - 0x00007ffbbe6f9000 	C:\Windows\system32\mswsock.dll
0x00007ffb873c0000 - 0x00007ffb873d6000 	C:\Program Files\Java\jdk-23\bin\nio.dll
0x00007ffb873a0000 - 0x00007ffb873b7000 	C:\Program Files\Java\jdk-23\bin\zip.dll
0x00007ffb87390000 - 0x00007ffb873a0000 	C:\Program Files\Java\jdk-23\bin\verify.dll
0x00007ffb87380000 - 0x00007ffb8738a000 	C:\Program Files\Java\jdk-23\bin\management.dll
0x00007ffb87370000 - 0x00007ffb8737b000 	C:\Program Files\Java\jdk-23\bin\management_ext.dll
0x00007ffbc0e00000 - 0x00007ffbc0e08000 	C:\Windows\System32\PSAPI.DLL
0x00007ffb75d10000 - 0x00007ffb75d37000 	C:\Users\denis\.gradle\native\1def1411415f61bf3af743bc5b6707747c0891f09f0c88961ee8f79bc544acac\windows-amd64\native-platform.dll
0x00007ffb87360000 - 0x00007ffb8736a000 	C:\Users\denis\.gradle\native\jansi\1.18\windows64\jansi.dll
0x00007ffbbdbe0000 - 0x00007ffbbdc0d000 	C:\Windows\SYSTEM32\IPHLPAPI.DLL
0x00007ffbc0e10000 - 0x00007ffbc0e19000 	C:\Windows\System32\NSI.dll
0x00007ffb87350000 - 0x00007ffb87359000 	C:\Program Files\Java\jdk-23\bin\extnet.dll
0x00007ffbbe8e0000 - 0x00007ffbbe8fb000 	C:\Windows\SYSTEM32\CRYPTSP.dll
0x00007ffbbe110000 - 0x00007ffbbe147000 	C:\Windows\system32\rsaenh.dll
0x00007ffbbe780000 - 0x00007ffbbe7a8000 	C:\Windows\SYSTEM32\USERENV.dll
0x00007ffbbe900000 - 0x00007ffbbe90c000 	C:\Windows\SYSTEM32\CRYPTBASE.dll
0x00007ffbb6160000 - 0x00007ffbb616e000 	C:\Program Files\Java\jdk-23\bin\sunmscapi.dll
0x00007ffbbf5a0000 - 0x00007ffbbf708000 	C:\Windows\System32\CRYPT32.dll
0x00007ffbbea80000 - 0x00007ffbbeaae000 	C:\Windows\SYSTEM32\ncrypt.dll
0x00007ffbbea40000 - 0x00007ffbbea77000 	C:\Windows\SYSTEM32\NTASN1.dll
0x00007ffb8f6c0000 - 0x00007ffb8f6c8000 	C:\Windows\system32\wshunix.dll

dbghelp: loaded successfully - version: 4.0.5 - missing functions: none
symbol engine: initialized successfully - sym options: 0x614 - pdb path: .;C:\Program Files\Java\jdk-23\bin;C:\Windows\SYSTEM32;C:\Windows\WinSxS\amd64_microsoft.windows.common-controls_6595b64144ccf1df_6.0.22621.6060_none_2712eda17382d24b;C:\Program Files\Java\jdk-23\bin\server;C:\Users\denis\.gradle\native\1def1411415f61bf3af743bc5b6707747c0891f09f0c88961ee8f79bc544acac\windows-amd64;C:\Users\denis\.gradle\native\jansi\1.18\windows64

VM Arguments:
jvm_args: -Xmx64m -Xms64m -Dorg.gradle.appname=gradlew 
java_command: C:\Users\denis\Desktop\meraki_app\android\\gradle\wrapper\gradle-wrapper.jar app:assembleDebug -x lint -x test --configure-on-demand --build-cache -PreactNativeDevServerPort=8081 -PreactNativeArchitectures=x86_64,arm64-v8a
java_class_path (initial): C:\Users\denis\Desktop\meraki_app\android\\gradle\wrapper\gradle-wrapper.jar
Launcher Type: SUN_STANDARD

[Global flags]
     intx CICompilerCount                          = 4                                         {product} {ergonomic}
     uint ConcGCThreads                            = 3                                         {product} {ergonomic}
     uint G1ConcRefinementThreads                  = 10                                        {product} {ergonomic}
   size_t G1HeapRegionSize                         = 1048576                                   {product} {ergonomic}
   size_t InitialHeapSize                          = 67108864                                  {product} {command line}
   size_t MarkStackSize                            = 4194304                                   {product} {ergonomic}
   size_t MarkStackSizeMax                         = 536870912                                 {product} {ergonomic}
   size_t MaxHeapSize                              = 67108864                                  {product} {command line}
   size_t MaxNewSize                               = 39845888                                  {product} {ergonomic}
   size_t MinHeapDeltaBytes                        = 1048576                                   {product} {ergonomic}
   size_t MinHeapSize                              = 67108864                                  {product} {command line}
    uintx NonNMethodCodeHeapSize                   = 5832704                                {pd product} {ergonomic}
    uintx NonProfiledCodeHeapSize                  = 122945536                              {pd product} {ergonomic}
    uintx ProfiledCodeHeapSize                     = 122880000                              {pd product} {ergonomic}
    uintx ReservedCodeCacheSize                    = 251658240                              {pd product} {ergonomic}
     bool SegmentedCodeCache                       = true                                      {product} {ergonomic}
   size_t SoftMaxHeapSize                          = 67108864                               {manageable} {ergonomic}
     bool UseCompressedOops                        = true                           {product lp64_product} {ergonomic}
     bool UseG1GC                                  = true                                      {product} {ergonomic}
     bool UseLargePagesIndividualAllocation        = false                                  {pd product} {ergonomic}

Logging:
Log output configuration:
 #0: stdout all=warning uptime,level,tags foldmultilines=false
 #1: stderr all=off uptime,level,tags foldmultilines=false

Environment Variables:
PATH=C:\Users\denis\Desktop\meraki_app\node_modules\.bin;C:\Users\denis\Desktop\meraki_app\node_modules\.bin;C:\Users\denis\Desktop\node_modules\.bin;C:\Users\denis\node_modules\.bin;C:\Users\node_modules\.bin;C:\node_modules\.bin;C:\Users\denis\AppData\Local\nvm\v22.13.0\node_modules\npm\node_modules\@npmcli\run-script\lib\node-gyp-bin;C:\Program Files (x86)\VMware\VMware Workstation\bin\;c:\Users\denis\AppData\Local\Programs\cursor\resources\app\bin;c:\Users\denis\AppData\Local\Programs\cursor\resources\app\bin;C:\Users\denis\AppData\Local\Thorium\Application;C:\Python313\Scripts\;C:\Python313\;c:\Users\denis\AppData\Local\Programs\cursor\resources\app\bin;C:\Program Files\Common Files\Oracle\Java\javapath;C:\Windows\system32;C:\Windows;C:\Windows\System32\Wbem;C:\Windows\System32\WindowsPowerShell\v1.0\;C:\Windows\System32\OpenSSH\;C:\Program Files (x86)\NVIDIA Corporation\PhysX\Common;C:\Program Files\dotnet\;C:\Program Files\Git\cmd;C:\Users\denis\AppData\Local\Microsoft\WindowsApps;C:\Program Files\JetBrains\IntelliJ IDEA Community Edition 2024.3\bin;c:\Users\denis\AppData\Local\Programs\cursor\resources\app\bin;C:\ProgramData\chocolatey\bin;C:\Program Files\PostgreSQL\17\bin;C:\Users\denis\AppData\Local\GitHubDesktop\bin;C:\Users\denis\AppData\Local\Programs\cursor\resources\app\bin;c:\Users\denis\AppData\Lo;C:\Program Files\Docker\Docker\resources\bin;C:\Program Files\NVIDIA Corporation\NVIDIA App\NvDLISR;C:\Program Files\Go\bin;C:\Program Files\Mullvad VPN\resources;C:\Users\denis\AppData\Local\nvm;C:\nvm4w\nodejs;C:\Program Files\Wolfram Research\WolframScript\;C:\Users\denis\scoop\shims;C:\Program Files (x86)\VMware\VMware Workstation\bin\;c:\Users\denis\AppData\Local\Programs\cursor\resources\app\bin;c:\Users\denis\AppData\Local\Programs\cursor\resources\app\bin;C:\Users\denis\AppData\Local\Thorium\Application;C:\Python313\Scripts\;C:\Python313\;c:\Users\denis\AppData\Local\Programs\cursor\resources\app\bin;C:\Program Files\Common Files\Oracle\Java\javapath;C:\Windows\system32;C:\Windows;C:\Windows\System32\Wbem;C:\Windows\System32\WindowsPowerShell\v1.0\;C:\Windows\System32\OpenSSH\;C:\Program Files (x86)\NVIDIA Corporation\PhysX\Common;C:\Program Files\dotnet\;C:\Program Files\Git\cmd;C:\Users\denis\AppData\Local\Microsoft\WindowsApps;C:\Program Files\JetBrains\IntelliJ IDEA Community Edition 2024.3\bin;c:\Users\denis\AppData\Local\Programs\cursor\resources\app\bin;C:\ProgramData\chocolatey\bin;C:\Program Files\PostgreSQL\17\bin;C:\Users\denis\AppData\Local\GitHubDesktop\bin;C:\Users\denis\AppData\Local\Programs\cursor\resources\app\bin;c:\Users\denis\AppData\Lo;C:\Program Files\Docker\Docker\resources\bin;C:\Program Files\NVIDIA Corporation\NVIDIA App\NvDLISR;C:\Program Files\Go\bin;C:\Program Files\Mullvad VPN\resources;C:\Users\denis\AppData\Local\nvm;C:\nvm4w\nodejs;C:\Program Files\Wolfram Research\WolframScript\;C:\Users\denis\.local\bin;C:\Ruby34-x64\bin;C:\Users\denis\AppData\Local\Android\Sdk\platform-tools;C:\Users\denis\AppData\Local\Android\Sdk\platform-tools;C:\Users\denis\AppData\Local\Programs\Microsoft VS Code\bin;C:\Program Files\JetBrains\IntelliJ IDEA Community Edition 2025.2.3\bin;C:\Users\denis\.dotnet\tools;C:\Users\denis\go\bin;C:\Users\denis\AppData\Local\JetBrains\Toolbox\scripts;C:\Program Files\JetBrains\IntelliJ IDEA 2025.2.4\bin;C:\Users\denis\AppData\Roaming\npm;C:\Users\denis\AppData\Local\Programs\Antigravity\bin;c:\program files (x86)\steam\ext\bin;C:\Android\Sdk\platform-tools;C:\Android\Sdk\cmdline-tools\latest\bin;;C:\Android\Sdk\platform-tools;C:\Android\Sdk\cmdline-tools\latest\bin;C:\Program Files\JetBrains\CLion 2025.3.2\bin
USERNAME=denis
OS=Windows_NT
PROCESSOR_IDENTIFIER=Intel64 Family 6 Model 186 Stepping 2, GenuineIntel
TMP=C:\Users\denis\AppData\Local\Temp
TEMP=C:\Users\denis\AppData\Local\Temp




Periodic native trim disabled

---------------  S Y S T E M  ---------------

OS:
 Windows 11 , 64 bit Build 22621 (10.0.22621.5415)
OS uptime: 0 days 6:13 hours

CPU: total 12 (initial active 12) (6 cores per cpu, 2 threads per core) family 6 model 186 stepping 2 microcode 0x5103, cx8, cmov, fxsr, ht, mmx, 3dnowpref, sse, sse2, sse3, ssse3, sse4.1, sse4.2, popcnt, lzcnt, tsc, tscinvbit, avx, avx2, aes, erms, clmul, bmi1, bmi2, adx, sha, fma, vzeroupper, clflush, clflushopt, clwb, serialize, rdtscp, rdpid, fsrm, gfni, f16c, pku, cet_ibt, cet_ss
Processor Information for the first 12 processors :
  Max Mhz: 2100, Current Mhz: 2100, Mhz Limit: 2100

Memory: 4k page, system-wide physical 32471M (8557M free)
TotalPageFile size 32471M (AvailPageFile size 6M)
current process WorkingSet (physical memory assigned to process): 115M, peak: 124M
current process commit charge ("private bytes"): 180M, peak: 190M

vm_info: Java HotSpot(TM) 64-Bit Server VM (23.0.1+11-39) for windows-amd64 JRE (23.0.1+11-39), built on 2024-09-30T07:20:43Z with MS VC++ 17.6 (VS2022)

END.
